
Final look of the solved board:
+---+---+---+
|135|798|462|
|984|562|137|
|627|314|859|
+---+---+---+
|361|857|924|
|859|241|673|
|472|639|581|
+---+---+---+
|513|476|298|
|798|125|346|
|246|983|715|
+---+---+---+

Starting look of the board to solve:
+---+---+---+
|1.5|.9.|4.2|
|...|56.|..7|
|.2.|.14|.5.|
+---+---+---+
|3..|.5.|.2.|
|...|2.1|6..|
|47.|...|.8.|
+---+---+---+
|51.|..6|29.|
|...|1..|...|
|.4.|.8.|..5|
+---+---+---+

================================================================================

(6, 5) can only contain 3.
+---+---+---+
|1.5|.9.|4.2|
|...|56.|..7|
|.2.|.14|.5.|
+---+---+---+
|3..|.5.|.2.|
|...|2.1|6..|
|47.|.3.|.8.|
+---+---+---+
|51.|..6|29.|
|...|1..|...|
|.4.|.8.|..5|
+---+---+---+
Code: 105090402000560007020014050300050020000201600470030080510006290000100000040080005

(6, 6) can only contain 9.
+---+---+---+
|1.5|.9.|4.2|
|...|56.|..7|
|.2.|.14|.5.|
+---+---+---+
|3..|.5.|.2.|
|...|2.1|6..|
|47.|.39|.8.|
+---+---+---+
|51.|..6|29.|
|...|1..|...|
|.4.|.8.|..5|
+---+---+---+
Code: 105090402000560007020014050300050020000201600470039080510006290000100000040080005

(6, 9) can only contain 1.
+---+---+---+
|1.5|.9.|4.2|
|...|56.|..7|
|.2.|.14|.5.|
+---+---+---+
|3..|.5.|.2.|
|...|2.1|6..|
|47.|.39|.81|
+---+---+---+
|51.|..6|29.|
|...|1..|...|
|.4.|.8.|..5|
+---+---+---+
Code: 105090402000560007020014050300050020000201600470039081510006290000100000040080005

(6, 7) can only contain 5.
+---+---+---+
|1.5|.9.|4.2|
|...|56.|..7|
|.2.|.14|.5.|
+---+---+---+
|3..|.5.|.2.|
|...|2.1|6..|
|47.|.39|581|
+---+---+---+
|51.|..6|29.|
|...|1..|...|
|.4.|.8.|..5|
+---+---+---+
Code: 105090402000560007020014050300050020000201600470039581510006290000100000040080005

(6, 4) can only contain 6.
+---+---+---+
|1.5|.9.|4.2|
|...|56.|..7|
|.2.|.14|.5.|
+---+---+---+
|3..|.5.|.2.|
|...|2.1|6..|
|47.|639|581|
+---+---+---+
|51.|..6|29.|
|...|1..|...|
|.4.|.8.|..5|
+---+---+---+
Code: 105090402000560007020014050300050020000201600470639581510006290000100000040080005

(6, 3) can only contain 2.
+---+---+---+
|1.5|.9.|4.2|
|...|56.|..7|
|.2.|.14|.5.|
+---+---+---+
|3..|.5.|.2.|
|...|2.1|6..|
|472|639|581|
+---+---+---+
|51.|..6|29.|
|...|1..|...|
|.4.|.8.|..5|
+---+---+---+
Code: 105090402000560007020014050300050020000201600472639581510006290000100000040080005

Column #4 can contain 9 only at (9, 4).
+---+---+---+
|1.5|.9.|4.2|
|...|56.|..7|
|.2.|.14|.5.|
+---+---+---+
|3..|.5.|.2.|
|...|2.1|6..|
|472|639|581|
+---+---+---+
|51.|..6|29.|
|...|1..|...|
|.4.|98.|..5|
+---+---+---+
Code: 105090402000560007020014050300050020000201600472639581510006290000100000040980005

Block (3, 2) can contain 5 only at (8, 6).
+---+---+---+
|1.5|.9.|4.2|
|...|56.|..7|
|.2.|.14|.5.|
+---+---+---+
|3..|.5.|.2.|
|...|2.1|6..|
|472|639|581|
+---+---+---+
|51.|..6|29.|
|...|1.5|...|
|.4.|98.|..5|
+---+---+---+
Code: 105090402000560007020014050300050020000201600472639581510006290000105000040980005

Row #2 can contain 2 only at (2, 6).
+---+---+---+
|1.5|.9.|4.2|
|...|562|..7|
|.2.|.14|.5.|
+---+---+---+
|3..|.5.|.2.|
|...|2.1|6..|
|472|639|581|
+---+---+---+
|51.|..6|29.|
|...|1.5|...|
|.4.|98.|..5|
+---+---+---+
Code: 105090402000562007020014050300050020000201600472639581510006290000105000040980005

Column #5 can contain 2 only at (8, 5).
+---+---+---+
|1.5|.9.|4.2|
|...|562|..7|
|.2.|.14|.5.|
+---+---+---+
|3..|.5.|.2.|
|...|2.1|6..|
|472|639|581|
+---+---+---+
|51.|..6|29.|
|...|125|...|
|.4.|98.|..5|
+---+---+---+
Code: 105090402000562007020014050300050020000201600472639581510006290000125000040980005

Block (3, 1) can contain 2 only at (9, 1).
+---+---+---+
|1.5|.9.|4.2|
|...|562|..7|
|.2.|.14|.5.|
+---+---+---+
|3..|.5.|.2.|
|...|2.1|6..|
|472|639|581|
+---+---+---+
|51.|..6|29.|
|...|125|...|
|24.|98.|..5|
+---+---+---+
Code: 105090402000562007020014050300050020000201600472639581510006290000125000240980005

Row #2 can contain 4 only at (2, 3).
+---+---+---+
|1.5|.9.|4.2|
|..4|562|..7|
|.2.|.14|.5.|
+---+---+---+
|3..|.5.|.2.|
|...|2.1|6..|
|472|639|581|
+---+---+---+
|51.|..6|29.|
|...|125|...|
|24.|98.|..5|
+---+---+---+
Code: 105090402004562007020014050300050020000201600472639581510006290000125000240980005

Column #3 can contain 1 only at (4, 3).
+---+---+---+
|1.5|.9.|4.2|
|..4|562|..7|
|.2.|.14|.5.|
+---+---+---+
|3.1|.5.|.2.|
|...|2.1|6..|
|472|639|581|
+---+---+---+
|51.|..6|29.|
|...|125|...|
|24.|98.|..5|
+---+---+---+
Code: 105090402004562007020014050301050020000201600472639581510006290000125000240980005

Row #5 can contain 5 only at (5, 2).
+---+---+---+
|1.5|.9.|4.2|
|..4|562|..7|
|.2.|.14|.5.|
+---+---+---+
|3.1|.5.|.2.|
|.5.|2.1|6..|
|472|639|581|
+---+---+---+
|51.|..6|29.|
|...|125|...|
|24.|98.|..5|
+---+---+---+
Code: 105090402004562007020014050301050020050201600472639581510006290000125000240980005

Block (2, 1) can contain 6 only at (4, 2).
+---+---+---+
|1.5|.9.|4.2|
|..4|562|..7|
|.2.|.14|.5.|
+---+---+---+
|361|.5.|.2.|
|.5.|2.1|6..|
|472|639|581|
+---+---+---+
|51.|..6|29.|
|...|125|...|
|24.|98.|..5|
+---+---+---+
Code: 105090402004562007020014050361050020050201600472639581510006290000125000240980005

Row #1 can contain 6 only at (1, 8).
+---+---+---+
|1.5|.9.|462|
|..4|562|..7|
|.2.|.14|.5.|
+---+---+---+
|361|.5.|.2.|
|.5.|2.1|6..|
|472|639|581|
+---+---+---+
|51.|..6|29.|
|...|125|...|
|24.|98.|..5|
+---+---+---+
Code: 105090462004562007020014050361050020050201600472639581510006290000125000240980005

Row #9 can contain 6 only at (9, 3).
+---+---+---+
|1.5|.9.|462|
|..4|562|..7|
|.2.|.14|.5.|
+---+---+---+
|361|.5.|.2.|
|.5.|2.1|6..|
|472|639|581|
+---+---+---+
|51.|..6|29.|
|...|125|...|
|246|98.|..5|
+---+---+---+
Code: 105090462004562007020014050361050020050201600472639581510006290000125000246980005

Block (1, 1) can contain 6 only at (3, 1).
+---+---+---+
|1.5|.9.|462|
|..4|562|..7|
|62.|.14|.5.|
+---+---+---+
|361|.5.|.2.|
|.5.|2.1|6..|
|472|639|581|
+---+---+---+
|51.|..6|29.|
|...|125|...|
|246|98.|..5|
+---+---+---+
Code: 105090462004562007620014050361050020050201600472639581510006290000125000246980005

Column #1 can contain 7 only at (8, 1).
+---+---+---+
|1.5|.9.|462|
|..4|562|..7|
|62.|.14|.5.|
+---+---+---+
|361|.5.|.2.|
|.5.|2.1|6..|
|472|639|581|
+---+---+---+
|51.|..6|29.|
|7..|125|...|
|246|98.|..5|
+---+---+---+
Code: 105090462004562007620014050361050020050201600472639581510006290700125000246980005

Column #9 can contain 6 only at (8, 9).
+---+---+---+
|1.5|.9.|462|
|..4|562|..7|
|62.|.14|.5.|
+---+---+---+
|361|.5.|.2.|
|.5.|2.1|6..|
|472|639|581|
+---+---+---+
|51.|..6|29.|
|7..|125|..6|
|246|98.|..5|
+---+---+---+
Code: 105090462004562007620014050361050020050201600472639581510006290700125006246980005

Row #8 can contain 4 only at (8, 8).
+---+---+---+
|1.5|.9.|462|
|..4|562|..7|
|62.|.14|.5.|
+---+---+---+
|361|.5.|.2.|
|.5.|2.1|6..|
|472|639|581|
+---+---+---+
|51.|..6|29.|
|7..|125|.46|
|246|98.|..5|
+---+---+---+
Code: 105090462004562007620014050361050020050201600472639581510006290700125046246980005

Column #3 can contain 7 only at (3, 3).
+---+---+---+
|1.5|.9.|462|
|..4|562|..7|
|627|.14|.5.|
+---+---+---+
|361|.5.|.2.|
|.5.|2.1|6..|
|472|639|581|
+---+---+---+
|51.|..6|29.|
|7..|125|.46|
|246|98.|..5|
+---+---+---+
Code: 105090462004562007627014050361050020050201600472639581510006290700125046246980005

Values 3 and 8 in row #7 are in cells (7, 3) and (7, 9).
3 cannot appear in (7, 4).
Values 3 and 8 in block (3, 3) are in cells (7, 9) and (8, 7).
3 cannot appear in (9, 7).
3 cannot appear in (9, 8).
Values 8 and 9 in row #5 are in cells (5, 1) and (5, 3).
9 cannot appear in (5, 9).
Block (3, 2) can contain 3 only at (9, 6).
+---+---+---+
|1.5|.9.|462|
|..4|562|..7|
|627|.14|.5.|
+---+---+---+
|361|.5.|.2.|
|.5.|2.1|6..|
|472|639|581|
+---+---+---+
|51.|..6|29.|
|7..|125|.46|
|246|983|..5|
+---+---+---+
Code: 105090462004562007627014050361050020050201600472639581510006290700125046246983005

Values 8 and 9 in row #5 are in cells (5, 1) and (5, 3).
9 cannot appear in (5, 9).
Guessing that 3 and 8 are arbitrary in row #7 (multiple solutions): Pick 3->(7, 3), 8->(7, 9).
+---+---+---+
|1.5|.9.|462|
|..4|562|..7|
|627|.14|.5.|
+---+---+---+
|361|.5.|.2.|
|.5.|2.1|6..|
|472|639|581|
+---+---+---+
|513|..6|298|
|7..|125|.46|
|246|983|..5|
+---+---+---+
Code: 105090462004562007627014050361050020050201600472639581513006298700125046246983005

(8, 7) can only contain 3.
+---+---+---+
|1.5|.9.|462|
|..4|562|..7|
|627|.14|.5.|
+---+---+---+
|361|.5.|.2.|
|.5.|2.1|6..|
|472|639|581|
+---+---+---+
|513|..6|298|
|7..|125|346|
|246|983|..5|
+---+---+---+
Code: 105090462004562007627014050361050020050201600472639581513006298700125346246983005

Values 8 and 9 in row #5 are in cells (5, 1) and (5, 3).
9 cannot appear in (5, 9).
Guessing that 8 and 9 are arbitrary in row #8 (multiple solutions): Pick 9->(8, 2), 8->(8, 3).
+---+---+---+
|1.5|.9.|462|
|..4|562|..7|
|627|.14|.5.|
+---+---+---+
|361|.5.|.2.|
|.5.|2.1|6..|
|472|639|581|
+---+---+---+
|513|..6|298|
|798|125|346|
|246|983|..5|
+---+---+---+
Code: 105090462004562007627014050361050020050201600472639581513006298798125346246983005

(5, 3) can only contain 9.
+---+---+---+
|1.5|.9.|462|
|..4|562|..7|
|627|.14|.5.|
+---+---+---+
|361|.5.|.2.|
|.59|2.1|6..|
|472|639|581|
+---+---+---+
|513|..6|298|
|798|125|346|
|246|983|..5|
+---+---+---+
Code: 105090462004562007627014050361050020059201600472639581513006298798125346246983005

(5, 1) can only contain 8.
+---+---+---+
|1.5|.9.|462|
|..4|562|..7|
|627|.14|.5.|
+---+---+---+
|361|.5.|.2.|
|859|2.1|6..|
|472|639|581|
+---+---+---+
|513|..6|298|
|798|125|346|
|246|983|..5|
+---+---+---+
Code: 105090462004562007627014050361050020859201600472639581513006298798125346246983005

(2, 1) can only contain 9.
+---+---+---+
|1.5|.9.|462|
|9.4|562|..7|
|627|.14|.5.|
+---+---+---+
|361|.5.|.2.|
|859|2.1|6..|
|472|639|581|
+---+---+---+
|513|..6|298|
|798|125|346|
|246|983|..5|
+---+---+---+
Code: 105090462904562007627014050361050020859201600472639581513006298798125346246983005

Guessing that 3 and 8 are arbitrary in column #2 (multiple solutions): Pick 3->(1, 2), 8->(2, 2).
+---+---+---+
|135|.9.|462|
|984|562|..7|
|627|.14|.5.|
+---+---+---+
|361|.5.|.2.|
|859|2.1|6..|
|472|639|581|
+---+---+---+
|513|..6|298|
|798|125|346|
|246|983|..5|
+---+---+---+
Code: 135090462984562007627014050361050020859201600472639581513006298798125346246983005

(2, 7) can only contain 1.
+---+---+---+
|135|.9.|462|
|984|562|1.7|
|627|.14|.5.|
+---+---+---+
|361|.5.|.2.|
|859|2.1|6..|
|472|639|581|
+---+---+---+
|513|..6|298|
|798|125|346|
|246|983|..5|
+---+---+---+
Code: 135090462984562107627014050361050020859201600472639581513006298798125346246983005

(2, 8) can only contain 3.
+---+---+---+
|135|.9.|462|
|984|562|137|
|627|.14|.5.|
+---+---+---+
|361|.5.|.2.|
|859|2.1|6..|
|472|639|581|
+---+---+---+
|513|..6|298|
|798|125|346|
|246|983|..5|
+---+---+---+
Code: 135090462984562137627014050361050020859201600472639581513006298798125346246983005

(3, 9) can only contain 9.
+---+---+---+
|135|.9.|462|
|984|562|137|
|627|.14|.59|
+---+---+---+
|361|.5.|.2.|
|859|2.1|6..|
|472|639|581|
+---+---+---+
|513|..6|298|
|798|125|346|
|246|983|..5|
+---+---+---+
Code: 135090462984562137627014059361050020859201600472639581513006298798125346246983005

(4, 9) can only contain 4.
+---+---+---+
|135|.9.|462|
|984|562|137|
|627|.14|.59|
+---+---+---+
|361|.5.|.24|
|859|2.1|6..|
|472|639|581|
+---+---+---+
|513|..6|298|
|798|125|346|
|246|983|..5|
+---+---+---+
Code: 135090462984562137627014059361050024859201600472639581513006298798125346246983005

(5, 8) can only contain 7.
+---+---+---+
|135|.9.|462|
|984|562|137|
|627|.14|.59|
+---+---+---+
|361|.5.|.24|
|859|2.1|67.|
|472|639|581|
+---+---+---+
|513|..6|298|
|798|125|346|
|246|983|..5|
+---+---+---+
Code: 135090462984562137627014059361050024859201670472639581513006298798125346246983005

(5, 5) can only contain 4.
+---+---+---+
|135|.9.|462|
|984|562|137|
|627|.14|.59|
+---+---+---+
|361|.5.|.24|
|859|241|67.|
|472|639|581|
+---+---+---+
|513|..6|298|
|798|125|346|
|246|983|..5|
+---+---+---+
Code: 135090462984562137627014059361050024859241670472639581513006298798125346246983005

(9, 7) can only contain 7.
+---+---+---+
|135|.9.|462|
|984|562|137|
|627|.14|.59|
+---+---+---+
|361|.5.|.24|
|859|241|67.|
|472|639|581|
+---+---+---+
|513|..6|298|
|798|125|346|
|246|983|7.5|
+---+---+---+
Code: 135090462984562137627014059361050024859241670472639581513006298798125346246983705

(3, 7) can only contain 8.
+---+---+---+
|135|.9.|462|
|984|562|137|
|627|.14|859|
+---+---+---+
|361|.5.|.24|
|859|241|67.|
|472|639|581|
+---+---+---+
|513|..6|298|
|798|125|346|
|246|983|7.5|
+---+---+---+
Code: 135090462984562137627014859361050024859241670472639581513006298798125346246983705

(9, 8) can only contain 1.
+---+---+---+
|135|.9.|462|
|984|562|137|
|627|.14|859|
+---+---+---+
|361|.5.|.24|
|859|241|67.|
|472|639|581|
+---+---+---+
|513|..6|298|
|798|125|346|
|246|983|715|
+---+---+---+
Code: 135090462984562137627014859361050024859241670472639581513006298798125346246983715

(7, 5) can only contain 7.
+---+---+---+
|135|.9.|462|
|984|562|137|
|627|.14|859|
+---+---+---+
|361|.5.|.24|
|859|241|67.|
|472|639|581|
+---+---+---+
|513|.76|298|
|798|125|346|
|246|983|715|
+---+---+---+
Code: 135090462984562137627014859361050024859241670472639581513076298798125346246983715

(7, 4) can only contain 4.
+---+---+---+
|135|.9.|462|
|984|562|137|
|627|.14|859|
+---+---+---+
|361|.5.|.24|
|859|241|67.|
|472|639|581|
+---+---+---+
|513|476|298|
|798|125|346|
|246|983|715|
+---+---+---+
Code: 135090462984562137627014859361050024859241670472639581513476298798125346246983715

(5, 9) can only contain 3.
+---+---+---+
|135|.9.|462|
|984|562|137|
|627|.14|859|
+---+---+---+
|361|.5.|.24|
|859|241|673|
|472|639|581|
+---+---+---+
|513|476|298|
|798|125|346|
|246|983|715|
+---+---+---+
Code: 135090462984562137627014859361050024859241673472639581513476298798125346246983715

(3, 4) can only contain 3.
+---+---+---+
|135|.9.|462|
|984|562|137|
|627|314|859|
+---+---+---+
|361|.5.|.24|
|859|241|673|
|472|639|581|
+---+---+---+
|513|476|298|
|798|125|346|
|246|983|715|
+---+---+---+
Code: 135090462984562137627314859361050024859241673472639581513476298798125346246983715

(4, 7) can only contain 9.
+---+---+---+
|135|.9.|462|
|984|562|137|
|627|314|859|
+---+---+---+
|361|.5.|924|
|859|241|673|
|472|639|581|
+---+---+---+
|513|476|298|
|798|125|346|
|246|983|715|
+---+---+---+
Code: 135090462984562137627314859361050924859241673472639581513476298798125346246983715

Guessing that 7 and 8 are arbitrary in column #4 (multiple solutions): Pick 7->(1, 4), 8->(4, 4).
+---+---+---+
|135|79.|462|
|984|562|137|
|627|314|859|
+---+---+---+
|361|85.|924|
|859|241|673|
|472|639|581|
+---+---+---+
|513|476|298|
|798|125|346|
|246|983|715|
+---+---+---+
Code: 135790462984562137627314859361850924859241673472639581513476298798125346246983715

(1, 6) can only contain 8.
+---+---+---+
|135|798|462|
|984|562|137|
|627|314|859|
+---+---+---+
|361|85.|924|
|859|241|673|
|472|639|581|
+---+---+---+
|513|476|298|
|798|125|346|
|246|983|715|
+---+---+---+
Code: 135798462984562137627314859361850924859241673472639581513476298798125346246983715

(4, 6) can only contain 7.
+---+---+---+
|135|798|462|
|984|562|137|
|627|314|859|
+---+---+---+
|361|857|924|
|859|241|673|
|472|639|581|
+---+---+---+
|513|476|298|
|798|125|346|
|246|983|715|
+---+---+---+
Code: 135798462984562137627314859361857924859241673472639581513476298798125346246983715

