
Final look of the solved board:
+---+---+---+
|279|534|681|
|853|196|472|
|461|827|953|
+---+---+---+
|714|385|269|
|928|671|345|
|536|249|718|
+---+---+---+
|195|462|837|
|347|918|526|
|682|753|194|
+---+---+---+

Starting look of the board to solve:
+---+---+---+
|.7.|...|6..|
|..3|1..|..2|
|4..|.27|..3|
+---+---+---+
|..4|.8.|...|
|92.|.71|.4.|
|..6|...|7.8|
+---+---+---+
|1..|4.2|...|
|...|.1.|52.|
|682|...|19.|
+---+---+---+

================================================================================

(5, 7) can only contain 3.
+---+---+---+
|.7.|...|6..|
|..3|1..|..2|
|4..|.27|..3|
+---+---+---+
|..4|.8.|...|
|92.|.71|34.|
|..6|...|7.8|
+---+---+---+
|1..|4.2|...|
|...|.1.|52.|
|682|...|19.|
+---+---+---+
Code: 070000600003100002400027003004080000920071340006000708100402000000010520682000190

(7, 7) can only contain 8.
+---+---+---+
|.7.|...|6..|
|..3|1..|..2|
|4..|.27|..3|
+---+---+---+
|..4|.8.|...|
|92.|.71|34.|
|..6|...|7.8|
+---+---+---+
|1..|4.2|8..|
|...|.1.|52.|
|682|...|19.|
+---+---+---+
Code: 070000600003100002400027003004080000920071340006000708100402800000010520682000190

(3, 7) can only contain 9.
+---+---+---+
|.7.|...|6..|
|..3|1..|..2|
|4..|.27|9.3|
+---+---+---+
|..4|.8.|...|
|92.|.71|34.|
|..6|...|7.8|
+---+---+---+
|1..|4.2|8..|
|...|.1.|52.|
|682|...|19.|
+---+---+---+
Code: 070000600003100002400027903004080000920071340006000708100402800000010520682000190

(2, 7) can only contain 4.
+---+---+---+
|.7.|...|6..|
|..3|1..|4.2|
|4..|.27|9.3|
+---+---+---+
|..4|.8.|...|
|92.|.71|34.|
|..6|...|7.8|
+---+---+---+
|1..|4.2|8..|
|...|.1.|52.|
|682|...|19.|
+---+---+---+
Code: 070000600003100402400027903004080000920071340006000708100402800000010520682000190

(4, 7) can only contain 2.
+---+---+---+
|.7.|...|6..|
|..3|1..|4.2|
|4..|.27|9.3|
+---+---+---+
|..4|.8.|2..|
|92.|.71|34.|
|..6|...|7.8|
+---+---+---+
|1..|4.2|8..|
|...|.1.|52.|
|682|...|19.|
+---+---+---+
Code: 070000600003100402400027903004080200920071340006000708100402800000010520682000190

Block (2, 1) can contain 7 only at (4, 1).
+---+---+---+
|.7.|...|6..|
|..3|1..|4.2|
|4..|.27|9.3|
+---+---+---+
|7.4|.8.|2..|
|92.|.71|34.|
|..6|...|7.8|
+---+---+---+
|1..|4.2|8..|
|...|.1.|52.|
|682|...|19.|
+---+---+---+
Code: 070000600003100402400027903704080200920071340006000708100402800000010520682000190

(8, 1) can only contain 3.
+---+---+---+
|.7.|...|6..|
|..3|1..|4.2|
|4..|.27|9.3|
+---+---+---+
|7.4|.8.|2..|
|92.|.71|34.|
|..6|...|7.8|
+---+---+---+
|1..|4.2|8..|
|3..|.1.|52.|
|682|...|19.|
+---+---+---+
Code: 070000600003100402400027903704080200920071340006000708100402800300010520682000190

(6, 1) can only contain 5.
+---+---+---+
|.7.|...|6..|
|..3|1..|4.2|
|4..|.27|9.3|
+---+---+---+
|7.4|.8.|2..|
|92.|.71|34.|
|5.6|...|7.8|
+---+---+---+
|1..|4.2|8..|
|3..|.1.|52.|
|682|...|19.|
+---+---+---+
Code: 070000600003100402400027903704080200920071340506000708100402800300010520682000190

(5, 3) can only contain 8.
+---+---+---+
|.7.|...|6..|
|..3|1..|4.2|
|4..|.27|9.3|
+---+---+---+
|7.4|.8.|2..|
|928|.71|34.|
|5.6|...|7.8|
+---+---+---+
|1..|4.2|8..|
|3..|.1.|52.|
|682|...|19.|
+---+---+---+
Code: 070000600003100402400027903704080200928071340506000708100402800300010520682000190

(2, 1) can only contain 8.
+---+---+---+
|.7.|...|6..|
|8.3|1..|4.2|
|4..|.27|9.3|
+---+---+---+
|7.4|.8.|2..|
|928|.71|34.|
|5.6|...|7.8|
+---+---+---+
|1..|4.2|8..|
|3..|.1.|52.|
|682|...|19.|
+---+---+---+
Code: 070000600803100402400027903704080200928071340506000708100402800300010520682000190

(6, 8) can only contain 1.
+---+---+---+
|.7.|...|6..|
|8.3|1..|4.2|
|4..|.27|9.3|
+---+---+---+
|7.4|.8.|2..|
|928|.71|34.|
|5.6|...|718|
+---+---+---+
|1..|4.2|8..|
|3..|.1.|52.|
|682|...|19.|
+---+---+---+
Code: 070000600803100402400027903704080200928071340506000718100402800300010520682000190

(1, 1) can only contain 2.
+---+---+---+
|27.|...|6..|
|8.3|1..|4.2|
|4..|.27|9.3|
+---+---+---+
|7.4|.8.|2..|
|928|.71|34.|
|5.6|...|718|
+---+---+---+
|1..|4.2|8..|
|3..|.1.|52.|
|682|...|19.|
+---+---+---+
Code: 270000600803100402400027903704080200928071340506000718100402800300010520682000190

(6, 2) can only contain 3.
+---+---+---+
|27.|...|6..|
|8.3|1..|4.2|
|4..|.27|9.3|
+---+---+---+
|7.4|.8.|2..|
|928|.71|34.|
|536|...|718|
+---+---+---+
|1..|4.2|8..|
|3..|.1.|52.|
|682|...|19.|
+---+---+---+
Code: 270000600803100402400027903704080200928071340536000718100402800300010520682000190

(4, 2) can only contain 1.
+---+---+---+
|27.|...|6..|
|8.3|1..|4.2|
|4..|.27|9.3|
+---+---+---+
|714|.8.|2..|
|928|.71|34.|
|536|...|718|
+---+---+---+
|1..|4.2|8..|
|3..|.1.|52.|
|682|...|19.|
+---+---+---+
Code: 270000600803100402400027903714080200928071340536000718100402800300010520682000190

Block (3, 1) can contain 4 only at (8, 2).
+---+---+---+
|27.|...|6..|
|8.3|1..|4.2|
|4..|.27|9.3|
+---+---+---+
|714|.8.|2..|
|928|.71|34.|
|536|...|718|
+---+---+---+
|1..|4.2|8..|
|34.|.1.|52.|
|682|...|19.|
+---+---+---+
Code: 270000600803100402400027903714080200928071340536000718100402800340010520682000190

Block (3, 3) can contain 4 only at (9, 9).
+---+---+---+
|27.|...|6..|
|8.3|1..|4.2|
|4..|.27|9.3|
+---+---+---+
|714|.8.|2..|
|928|.71|34.|
|536|...|718|
+---+---+---+
|1..|4.2|8..|
|34.|.1.|52.|
|682|...|194|
+---+---+---+
Code: 270000600803100402400027903714080200928071340536000718100402800340010520682000194

Column #9 can contain 1 only at (1, 9).
+---+---+---+
|27.|...|6.1|
|8.3|1..|4.2|
|4..|.27|9.3|
+---+---+---+
|714|.8.|2..|
|928|.71|34.|
|536|...|718|
+---+---+---+
|1..|4.2|8..|
|34.|.1.|52.|
|682|...|194|
+---+---+---+
Code: 270000601803100402400027903714080200928071340536000718100402800340010520682000194

Row #3 can contain 1 only at (3, 3).
+---+---+---+
|27.|...|6.1|
|8.3|1..|4.2|
|4.1|.27|9.3|
+---+---+---+
|714|.8.|2..|
|928|.71|34.|
|536|...|718|
+---+---+---+
|1..|4.2|8..|
|34.|.1.|52.|
|682|...|194|
+---+---+---+
Code: 270000601803100402401027903714080200928071340536000718100402800340010520682000194

Row #6 can contain 2 only at (6, 4).
+---+---+---+
|27.|...|6.1|
|8.3|1..|4.2|
|4.1|.27|9.3|
+---+---+---+
|714|.8.|2..|
|928|.71|34.|
|536|2..|718|
+---+---+---+
|1..|4.2|8..|
|34.|.1.|52.|
|682|...|194|
+---+---+---+
Code: 270000601803100402401027903714080200928071340536200718100402800340010520682000194

Block (3, 3) can contain 3 only at (7, 8).
+---+---+---+
|27.|...|6.1|
|8.3|1..|4.2|
|4.1|.27|9.3|
+---+---+---+
|714|.8.|2..|
|928|.71|34.|
|536|2..|718|
+---+---+---+
|1..|4.2|83.|
|34.|.1.|52.|
|682|...|194|
+---+---+---+
Code: 270000601803100402401027903714080200928071340536200718100402830340010520682000194

Row #9 can contain 7 only at (9, 4).
+---+---+---+
|27.|...|6.1|
|8.3|1..|4.2|
|4.1|.27|9.3|
+---+---+---+
|714|.8.|2..|
|928|.71|34.|
|536|2..|718|
+---+---+---+
|1..|4.2|83.|
|34.|.1.|52.|
|682|7..|194|
+---+---+---+
Code: 270000601803100402401027903714080200928071340536200718100402830340010520682700194

Block (2, 3) can contain 9 only at (4, 9).
+---+---+---+
|27.|...|6.1|
|8.3|1..|4.2|
|4.1|.27|9.3|
+---+---+---+
|714|.8.|2.9|
|928|.71|34.|
|536|2..|718|
+---+---+---+
|1..|4.2|83.|
|34.|.1.|52.|
|682|7..|194|
+---+---+---+
Code: 270000601803100402401027903714080209928071340536200718100402830340010520682700194

Row #2 can contain 7 only at (2, 8).
+---+---+---+
|27.|...|6.1|
|8.3|1..|472|
|4.1|.27|9.3|
+---+---+---+
|714|.8.|2.9|
|928|.71|34.|
|536|2..|718|
+---+---+---+
|1..|4.2|83.|
|34.|.1.|52.|
|682|7..|194|
+---+---+---+
Code: 270000601803100472401027903714080209928071340536200718100402830340010520682700194

Column #9 can contain 5 only at (5, 9).
+---+---+---+
|27.|...|6.1|
|8.3|1..|472|
|4.1|.27|9.3|
+---+---+---+
|714|.8.|2.9|
|928|.71|345|
|536|2..|718|
+---+---+---+
|1..|4.2|83.|
|34.|.1.|52.|
|682|7..|194|
+---+---+---+
Code: 270000601803100472401027903714080209928071345536200718100402830340010520682700194

(4, 8) can only contain 6.
+---+---+---+
|27.|...|6.1|
|8.3|1..|472|
|4.1|.27|9.3|
+---+---+---+
|714|.8.|269|
|928|.71|345|
|536|2..|718|
+---+---+---+
|1..|4.2|83.|
|34.|.1.|52.|
|682|7..|194|
+---+---+---+
Code: 270000601803100472401027903714080269928071345536200718100402830340010520682700194

(5, 4) can only contain 6.
+---+---+---+
|27.|...|6.1|
|8.3|1..|472|
|4.1|.27|9.3|
+---+---+---+
|714|.8.|269|
|928|671|345|
|536|2..|718|
+---+---+---+
|1..|4.2|83.|
|34.|.1.|52.|
|682|7..|194|
+---+---+---+
Code: 270000601803100472401027903714080269928671345536200718100402830340010520682700194

Row #3 can contain 6 only at (3, 2).
+---+---+---+
|27.|...|6.1|
|8.3|1..|472|
|461|.27|9.3|
+---+---+---+
|714|.8.|269|
|928|671|345|
|536|2..|718|
+---+---+---+
|1..|4.2|83.|
|34.|.1.|52.|
|682|7..|194|
+---+---+---+
Code: 270000601803100472461027903714080269928671345536200718100402830340010520682700194

Values 3 and 5 in column #6 are in cells (4, 6) and (9, 6).
3, 5 cannot appear in (1, 6).
5 cannot appear in (2, 6).
Values 3 and 5 in block (3, 2) are in cells (9, 5) and (9, 6).
5 cannot appear in (7, 5).
Guessing that 5 and 9 are arbitrary in block (1, 1) (multiple solutions): Pick 9->(1, 3), 5->(2, 2).
+---+---+---+
|279|...|6.1|
|853|1..|472|
|461|.27|9.3|
+---+---+---+
|714|.8.|269|
|928|671|345|
|536|2..|718|
+---+---+---+
|1..|4.2|83.|
|34.|.1.|52.|
|682|7..|194|
+---+---+---+
Code: 279000601853100472461027903714080269928671345536200718100402830340010520682700194

(7, 2) can only contain 9.
+---+---+---+
|279|...|6.1|
|853|1..|472|
|461|.27|9.3|
+---+---+---+
|714|.8.|269|
|928|671|345|
|536|2..|718|
+---+---+---+
|19.|4.2|83.|
|34.|.1.|52.|
|682|7..|194|
+---+---+---+
Code: 279000601853100472461027903714080269928671345536200718190402830340010520682700194

(8, 3) can only contain 7.
+---+---+---+
|279|...|6.1|
|853|1..|472|
|461|.27|9.3|
+---+---+---+
|714|.8.|269|
|928|671|345|
|536|2..|718|
+---+---+---+
|19.|4.2|83.|
|347|.1.|52.|
|682|7..|194|
+---+---+---+
Code: 279000601853100472461027903714080269928671345536200718190402830347010520682700194

(8, 9) can only contain 6.
+---+---+---+
|279|...|6.1|
|853|1..|472|
|461|.27|9.3|
+---+---+---+
|714|.8.|269|
|928|671|345|
|536|2..|718|
+---+---+---+
|19.|4.2|83.|
|347|.1.|526|
|682|7..|194|
+---+---+---+
Code: 279000601853100472461027903714080269928671345536200718190402830347010526682700194

(7, 9) can only contain 7.
+---+---+---+
|279|...|6.1|
|853|1..|472|
|461|.27|9.3|
+---+---+---+
|714|.8.|269|
|928|671|345|
|536|2..|718|
+---+---+---+
|19.|4.2|837|
|347|.1.|526|
|682|7..|194|
+---+---+---+
Code: 279000601853100472461027903714080269928671345536200718190402837347010526682700194

(7, 3) can only contain 5.
+---+---+---+
|279|...|6.1|
|853|1..|472|
|461|.27|9.3|
+---+---+---+
|714|.8.|269|
|928|671|345|
|536|2..|718|
+---+---+---+
|195|4.2|837|
|347|.1.|526|
|682|7..|194|
+---+---+---+
Code: 279000601853100472461027903714080269928671345536200718195402837347010526682700194

(7, 5) can only contain 6.
+---+---+---+
|279|...|6.1|
|853|1..|472|
|461|.27|9.3|
+---+---+---+
|714|.8.|269|
|928|671|345|
|536|2..|718|
+---+---+---+
|195|462|837|
|347|.1.|526|
|682|7..|194|
+---+---+---+
Code: 279000601853100472461027903714080269928671345536200718195462837347010526682700194

(2, 5) can only contain 9.
+---+---+---+
|279|...|6.1|
|853|19.|472|
|461|.27|9.3|
+---+---+---+
|714|.8.|269|
|928|671|345|
|536|2..|718|
+---+---+---+
|195|462|837|
|347|.1.|526|
|682|7..|194|
+---+---+---+
Code: 279000601853190472461027903714080269928671345536200718195462837347010526682700194

(6, 5) can only contain 4.
+---+---+---+
|279|...|6.1|
|853|19.|472|
|461|.27|9.3|
+---+---+---+
|714|.8.|269|
|928|671|345|
|536|24.|718|
+---+---+---+
|195|462|837|
|347|.1.|526|
|682|7..|194|
+---+---+---+
Code: 279000601853190472461027903714080269928671345536240718195462837347010526682700194

(6, 6) can only contain 9.
+---+---+---+
|279|...|6.1|
|853|19.|472|
|461|.27|9.3|
+---+---+---+
|714|.8.|269|
|928|671|345|
|536|249|718|
+---+---+---+
|195|462|837|
|347|.1.|526|
|682|7..|194|
+---+---+---+
Code: 279000601853190472461027903714080269928671345536249718195462837347010526682700194

(2, 6) can only contain 6.
+---+---+---+
|279|...|6.1|
|853|196|472|
|461|.27|9.3|
+---+---+---+
|714|.8.|269|
|928|671|345|
|536|249|718|
+---+---+---+
|195|462|837|
|347|.1.|526|
|682|7..|194|
+---+---+---+
Code: 279000601853196472461027903714080269928671345536249718195462837347010526682700194

(8, 6) can only contain 8.
+---+---+---+
|279|...|6.1|
|853|196|472|
|461|.27|9.3|
+---+---+---+
|714|.8.|269|
|928|671|345|
|536|249|718|
+---+---+---+
|195|462|837|
|347|.18|526|
|682|7..|194|
+---+---+---+
Code: 279000601853196472461027903714080269928671345536249718195462837347018526682700194

(8, 4) can only contain 9.
+---+---+---+
|279|...|6.1|
|853|196|472|
|461|.27|9.3|
+---+---+---+
|714|.8.|269|
|928|671|345|
|536|249|718|
+---+---+---+
|195|462|837|
|347|918|526|
|682|7..|194|
+---+---+---+
Code: 279000601853196472461027903714080269928671345536249718195462837347918526682700194

Block (1, 2) can contain 4 only at (1, 6).
+---+---+---+
|279|..4|6.1|
|853|196|472|
|461|.27|9.3|
+---+---+---+
|714|.8.|269|
|928|671|345|
|536|249|718|
+---+---+---+
|195|462|837|
|347|918|526|
|682|7..|194|
+---+---+---+
Code: 279004601853196472461027903714080269928671345536249718195462837347918526682700194

Guessing that 3 and 5 are arbitrary in column #5 (multiple solutions): Pick 3->(1, 5), 5->(9, 5).
+---+---+---+
|279|.34|6.1|
|853|196|472|
|461|.27|9.3|
+---+---+---+
|714|.8.|269|
|928|671|345|
|536|249|718|
+---+---+---+
|195|462|837|
|347|918|526|
|682|75.|194|
+---+---+---+
Code: 279034601853196472461027903714080269928671345536249718195462837347918526682750194

(9, 6) can only contain 3.
+---+---+---+
|279|.34|6.1|
|853|196|472|
|461|.27|9.3|
+---+---+---+
|714|.8.|269|
|928|671|345|
|536|249|718|
+---+---+---+
|195|462|837|
|347|918|526|
|682|753|194|
+---+---+---+
Code: 279034601853196472461027903714080269928671345536249718195462837347918526682753194

(4, 6) can only contain 5.
+---+---+---+
|279|.34|6.1|
|853|196|472|
|461|.27|9.3|
+---+---+---+
|714|.85|269|
|928|671|345|
|536|249|718|
+---+---+---+
|195|462|837|
|347|918|526|
|682|753|194|
+---+---+---+
Code: 279034601853196472461027903714085269928671345536249718195462837347918526682753194

(4, 4) can only contain 3.
+---+---+---+
|279|.34|6.1|
|853|196|472|
|461|.27|9.3|
+---+---+---+
|714|385|269|
|928|671|345|
|536|249|718|
+---+---+---+
|195|462|837|
|347|918|526|
|682|753|194|
+---+---+---+
Code: 279034601853196472461027903714385269928671345536249718195462837347918526682753194

Guessing that 5 and 8 are arbitrary in row #1 (multiple solutions): Pick 5->(1, 4), 8->(1, 8).
+---+---+---+
|279|534|681|
|853|196|472|
|461|.27|9.3|
+---+---+---+
|714|385|269|
|928|671|345|
|536|249|718|
+---+---+---+
|195|462|837|
|347|918|526|
|682|753|194|
+---+---+---+
Code: 279534681853196472461027903714385269928671345536249718195462837347918526682753194

(3, 8) can only contain 5.
+---+---+---+
|279|534|681|
|853|196|472|
|461|.27|953|
+---+---+---+
|714|385|269|
|928|671|345|
|536|249|718|
+---+---+---+
|195|462|837|
|347|918|526|
|682|753|194|
+---+---+---+
Code: 279534681853196472461027953714385269928671345536249718195462837347918526682753194

(3, 4) can only contain 8.
+---+---+---+
|279|534|681|
|853|196|472|
|461|827|953|
+---+---+---+
|714|385|269|
|928|671|345|
|536|249|718|
+---+---+---+
|195|462|837|
|347|918|526|
|682|753|194|
+---+---+---+
Code: 279534681853196472461827953714385269928671345536249718195462837347918526682753194

