
Final look of the solved board:
+---+---+---+
|952|137|648|
|346|829|157|
|178|654|392|
+---+---+---+
|594|268|731|
|817|395|264|
|263|471|589|
+---+---+---+
|639|742|815|
|785|916|423|
|421|583|976|
+---+---+---+

Starting look of the board to solve:
+---+---+---+
|.52|.37|..8|
|...|..9|...|
|1..|6..|.92|
+---+---+---+
|...|...|73.|
|.17|.9.|..4|
|..3|4.1|...|
+---+---+---+
|.39|...|.15|
|...|916|.2.|
|42.|...|.7.|
+---+---+---+

================================================================================

single candidate 0 = 3
single candidate 1 = 71
