
Final look of the solved board:
+---+---+---+
|429|538|617|
|637|914|825|
|851|762|439|
+---+---+---+
|975|683|142|
|162|457|983|
|348|129|576|
+---+---+---+
|216|875|394|
|593|241|768|
|784|396|251|
+---+---+---+

Starting look of the board to solve:
+---+---+---+
|...|5.8|..7|
|6.7|.1.|.2.|
|.5.|...|.39|
+---+---+---+
|.7.|68.|1..|
|.6.|.57|..3|
|..8|1..|.7.|
+---+---+---+
|..6|...|...|
|59.|.41|7..|
|...|3..|.51|
+---+---+---+

================================================================================

Column #7 can contain 3 only at (7, 7).
+---+---+---+
|...|5.8|..7|
|6.7|.1.|.2.|
|.5.|...|.39|
+---+---+---+
|.7.|68.|1..|
|.6.|.57|..3|
|..8|1..|.7.|
+---+---+---+
|..6|...|3..|
|59.|.41|7..|
|...|3..|.51|
+---+---+---+
Code: 000508007607010020050000039070680100060057003008100070006000300590041700000300051

Block (3, 1) can contain 3 only at (8, 3).
+---+---+---+
|...|5.8|..7|
|6.7|.1.|.2.|
|.5.|...|.39|
+---+---+---+
|.7.|68.|1..|
|.6.|.57|..3|
|..8|1..|.7.|
+---+---+---+
|..6|...|3..|
|593|.41|7..|
|...|3..|.51|
+---+---+---+
Code: 000508007607010020050000039070680100060057003008100070006000300593041700000300051

Column #3 can contain 5 only at (4, 3).
+---+---+---+
|...|5.8|..7|
|6.7|.1.|.2.|
|.5.|...|.39|
+---+---+---+
|.75|68.|1..|
|.6.|.57|..3|
|..8|1..|.7.|
+---+---+---+
|..6|...|3..|
|593|.41|7..|
|...|3..|.51|
+---+---+---+
Code: 000508007607010020050000039075680100060057003008100070006000300593041700000300051

Column #6 can contain 5 only at (7, 6).
+---+---+---+
|...|5.8|..7|
|6.7|.1.|.2.|
|.5.|...|.39|
+---+---+---+
|.75|68.|1..|
|.6.|.57|..3|
|..8|1..|.7.|
+---+---+---+
|..6|..5|3..|
|593|.41|7..|
|...|3..|.51|
+---+---+---+
Code: 000508007607010020050000039075680100060057003008100070006005300593041700000300051

Block (1, 3) can contain 1 only at (1, 8).
+---+---+---+
|...|5.8|.17|
|6.7|.1.|.2.|
|.5.|...|.39|
+---+---+---+
|.75|68.|1..|
|.6.|.57|..3|
|..8|1..|.7.|
+---+---+---+
|..6|..5|3..|
|593|.41|7..|
|...|3..|.51|
+---+---+---+
Code: 000508017607010020050000039075680100060057003008100070006005300593041700000300051

Column #2 can contain 1 only at (7, 2).
+---+---+---+
|...|5.8|.17|
|6.7|.1.|.2.|
|.5.|...|.39|
+---+---+---+
|.75|68.|1..|
|.6.|.57|..3|
|..8|1..|.7.|
+---+---+---+
|.16|..5|3..|
|593|.41|7..|
|...|3..|.51|
+---+---+---+
Code: 000508017607010020050000039075680100060057003008100070016005300593041700000300051

Column #8 can contain 6 only at (8, 8).
+---+---+---+
|...|5.8|.17|
|6.7|.1.|.2.|
|.5.|...|.39|
+---+---+---+
|.75|68.|1..|
|.6.|.57|..3|
|..8|1..|.7.|
+---+---+---+
|.16|..5|3..|
|593|.41|76.|
|...|3..|.51|
+---+---+---+
Code: 000508017607010020050000039075680100060057003008100070016005300593041760000300051

Column #9 can contain 6 only at (6, 9).
+---+---+---+
|...|5.8|.17|
|6.7|.1.|.2.|
|.5.|...|.39|
+---+---+---+
|.75|68.|1..|
|.6.|.57|..3|
|..8|1..|.76|
+---+---+---+
|.16|..5|3..|
|593|.41|76.|
|...|3..|.51|
+---+---+---+
Code: 000508017607010020050000039075680100060057003008100076016005300593041760000300051

Column #9 can contain 5 only at (2, 9).
+---+---+---+
|...|5.8|.17|
|6.7|.1.|.25|
|.5.|...|.39|
+---+---+---+
|.75|68.|1..|
|.6.|.57|..3|
|..8|1..|.76|
+---+---+---+
|.16|..5|3..|
|593|.41|76.|
|...|3..|.51|
+---+---+---+
Code: 000508017607010025050000039075680100060057003008100076016005300593041760000300051

Row #6 can contain 5 only at (6, 7).
+---+---+---+
|...|5.8|.17|
|6.7|.1.|.25|
|.5.|...|.39|
+---+---+---+
|.75|68.|1..|
|.6.|.57|..3|
|..8|1..|576|
+---+---+---+
|.16|..5|3..|
|593|.41|76.|
|...|3..|.51|
+---+---+---+
Code: 000508017607010025050000039075680100060057003008100576016005300593041760000300051

In column #7 values 2, 9 appear only in cells (5, 7) (9, 7) and other values cannot appear in those cells.
4, 8 cannot appear in cell (5, 7).
4, 8 cannot appear in cell (9, 7).
Row #5 can contain 8 only at (5, 8).
+---+---+---+
|...|5.8|.17|
|6.7|.1.|.25|
|.5.|...|.39|
+---+---+---+
|.75|68.|1..|
|.6.|.57|.83|
|..8|1..|576|
+---+---+---+
|.16|..5|3..|
|593|.41|76.|
|...|3..|.51|
+---+---+---+
Code: 000508017607010025050000039075680100060057083008100576016005300593041760000300051

In column #7 values 2, 9 appear only in cells (5, 7) (9, 7) and other values cannot appear in those cells.
4 cannot appear in cell (5, 7).
4, 8 cannot appear in cell (9, 7).
Guessing that 4 and 9 are arbitrary in column #8 (multiple solutions): Pick 4->(4, 8), 9->(7, 8).
+---+---+---+
|...|5.8|.17|
|6.7|.1.|.25|
|.5.|...|.39|
+---+---+---+
|.75|68.|14.|
|.6.|.57|.83|
|..8|1..|576|
+---+---+---+
|.16|..5|39.|
|593|.41|76.|
|...|3..|.51|
+---+---+---+
Code: 000508017607010025050000039075680140060057083008100576016005390593041760000300051

(4, 9) can only contain 2.
+---+---+---+
|...|5.8|.17|
|6.7|.1.|.25|
|.5.|...|.39|
+---+---+---+
|.75|68.|142|
|.6.|.57|.83|
|..8|1..|576|
+---+---+---+
|.16|..5|39.|
|593|.41|76.|
|...|3..|.51|
+---+---+---+
Code: 000508017607010025050000039075680142060057083008100576016005390593041760000300051

(8, 9) can only contain 8.
+---+---+---+
|...|5.8|.17|
|6.7|.1.|.25|
|.5.|...|.39|
+---+---+---+
|.75|68.|142|
|.6.|.57|.83|
|..8|1..|576|
+---+---+---+
|.16|..5|39.|
|593|.41|768|
|...|3..|.51|
+---+---+---+
Code: 000508017607010025050000039075680142060057083008100576016005390593041768000300051

(8, 4) can only contain 2.
+---+---+---+
|...|5.8|.17|
|6.7|.1.|.25|
|.5.|...|.39|
+---+---+---+
|.75|68.|142|
|.6.|.57|.83|
|..8|1..|576|
+---+---+---+
|.16|..5|39.|
|593|241|768|
|...|3..|.51|
+---+---+---+
Code: 000508017607010025050000039075680142060057083008100576016005390593241768000300051

(5, 7) can only contain 9.
+---+---+---+
|...|5.8|.17|
|6.7|.1.|.25|
|.5.|...|.39|
+---+---+---+
|.75|68.|142|
|.6.|.57|983|
|..8|1..|576|
+---+---+---+
|.16|..5|39.|
|593|241|768|
|...|3..|.51|
+---+---+---+
Code: 000508017607010025050000039075680142060057983008100576016005390593241768000300051

(5, 4) can only contain 4.
+---+---+---+
|...|5.8|.17|
|6.7|.1.|.25|
|.5.|...|.39|
+---+---+---+
|.75|68.|142|
|.6.|457|983|
|..8|1..|576|
+---+---+---+
|.16|..5|39.|
|593|241|768|
|...|3..|.51|
+---+---+---+
Code: 000508017607010025050000039075680142060457983008100576016005390593241768000300051

(3, 4) can only contain 7.
+---+---+---+
|...|5.8|.17|
|6.7|.1.|.25|
|.5.|7..|.39|
+---+---+---+
|.75|68.|142|
|.6.|457|983|
|..8|1..|576|
+---+---+---+
|.16|..5|39.|
|593|241|768|
|...|3..|.51|
+---+---+---+
Code: 000508017607010025050700039075680142060457983008100576016005390593241768000300051

(2, 4) can only contain 9.
+---+---+---+
|...|5.8|.17|
|6.7|91.|.25|
|.5.|7..|.39|
+---+---+---+
|.75|68.|142|
|.6.|457|983|
|..8|1..|576|
+---+---+---+
|.16|..5|39.|
|593|241|768|
|...|3..|.51|
+---+---+---+
Code: 000508017607910025050700039075680142060457983008100576016005390593241768000300051

(7, 9) can only contain 4.
+---+---+---+
|...|5.8|.17|
|6.7|91.|.25|
|.5.|7..|.39|
+---+---+---+
|.75|68.|142|
|.6.|457|983|
|..8|1..|576|
+---+---+---+
|.16|..5|394|
|593|241|768|
|...|3..|.51|
+---+---+---+
Code: 000508017607910025050700039075680142060457983008100576016005394593241768000300051

(9, 7) can only contain 2.
+---+---+---+
|...|5.8|.17|
|6.7|91.|.25|
|.5.|7..|.39|
+---+---+---+
|.75|68.|142|
|.6.|457|983|
|..8|1..|576|
+---+---+---+
|.16|..5|394|
|593|241|768|
|...|3..|251|
+---+---+---+
Code: 000508017607910025050700039075680142060457983008100576016005394593241768000300251

(9, 3) can only contain 4.
+---+---+---+
|...|5.8|.17|
|6.7|91.|.25|
|.5.|7..|.39|
+---+---+---+
|.75|68.|142|
|.6.|457|983|
|..8|1..|576|
+---+---+---+
|.16|..5|394|
|593|241|768|
|..4|3..|251|
+---+---+---+
Code: 000508017607910025050700039075680142060457983008100576016005394593241768004300251

(7, 4) can only contain 8.
+---+---+---+
|...|5.8|.17|
|6.7|91.|.25|
|.5.|7..|.39|
+---+---+---+
|.75|68.|142|
|.6.|457|983|
|..8|1..|576|
+---+---+---+
|.16|8.5|394|
|593|241|768|
|..4|3..|251|
+---+---+---+
Code: 000508017607910025050700039075680142060457983008100576016805394593241768004300251

(9, 2) can only contain 8.
+---+---+---+
|...|5.8|.17|
|6.7|91.|.25|
|.5.|7..|.39|
+---+---+---+
|.75|68.|142|
|.6.|457|983|
|..8|1..|576|
+---+---+---+
|.16|8.5|394|
|593|241|768|
|.84|3..|251|
+---+---+---+
Code: 000508017607910025050700039075680142060457983008100576016805394593241768084300251

(7, 5) can only contain 7.
+---+---+---+
|...|5.8|.17|
|6.7|91.|.25|
|.5.|7..|.39|
+---+---+---+
|.75|68.|142|
|.6.|457|983|
|..8|1..|576|
+---+---+---+
|.16|875|394|
|593|241|768|
|.84|3..|251|
+---+---+---+
Code: 000508017607910025050700039075680142060457983008100576016875394593241768084300251

(9, 1) can only contain 7.
+---+---+---+
|...|5.8|.17|
|6.7|91.|.25|
|.5.|7..|.39|
+---+---+---+
|.75|68.|142|
|.6.|457|983|
|..8|1..|576|
+---+---+---+
|.16|875|394|
|593|241|768|
|784|3..|251|
+---+---+---+
Code: 000508017607910025050700039075680142060457983008100576016875394593241768784300251

(7, 1) can only contain 2.
+---+---+---+
|...|5.8|.17|
|6.7|91.|.25|
|.5.|7..|.39|
+---+---+---+
|.75|68.|142|
|.6.|457|983|
|..8|1..|576|
+---+---+---+
|216|875|394|
|593|241|768|
|784|3..|251|
+---+---+---+
Code: 000508017607910025050700039075680142060457983008100576216875394593241768784300251

(5, 1) can only contain 1.
+---+---+---+
|...|5.8|.17|
|6.7|91.|.25|
|.5.|7..|.39|
+---+---+---+
|.75|68.|142|
|16.|457|983|
|..8|1..|576|
+---+---+---+
|216|875|394|
|593|241|768|
|784|3..|251|
+---+---+---+
Code: 000508017607910025050700039075680142160457983008100576216875394593241768784300251

(5, 3) can only contain 2.
+---+---+---+
|...|5.8|.17|
|6.7|91.|.25|
|.5.|7..|.39|
+---+---+---+
|.75|68.|142|
|162|457|983|
|..8|1..|576|
+---+---+---+
|216|875|394|
|593|241|768|
|784|3..|251|
+---+---+---+
Code: 000508017607910025050700039075680142162457983008100576216875394593241768784300251

(3, 3) can only contain 1.
+---+---+---+
|...|5.8|.17|
|6.7|91.|.25|
|.51|7..|.39|
+---+---+---+
|.75|68.|142|
|162|457|983|
|..8|1..|576|
+---+---+---+
|216|875|394|
|593|241|768|
|784|3..|251|
+---+---+---+
Code: 000508017607910025051700039075680142162457983008100576216875394593241768784300251

(1, 3) can only contain 9.
+---+---+---+
|..9|5.8|.17|
|6.7|91.|.25|
|.51|7..|.39|
+---+---+---+
|.75|68.|142|
|162|457|983|
|..8|1..|576|
+---+---+---+
|216|875|394|
|593|241|768|
|784|3..|251|
+---+---+---+
Code: 009508017607910025051700039075680142162457983008100576216875394593241768784300251

Block (1, 1) can contain 2 only at (1, 2).
+---+---+---+
|.29|5.8|.17|
|6.7|91.|.25|
|.51|7..|.39|
+---+---+---+
|.75|68.|142|
|162|457|983|
|..8|1..|576|
+---+---+---+
|216|875|394|
|593|241|768|
|784|3..|251|
+---+---+---+
Code: 029508017607910025051700039075680142162457983008100576216875394593241768784300251

Block (1, 1) can contain 8 only at (3, 1).
+---+---+---+
|.29|5.8|.17|
|6.7|91.|.25|
|851|7..|.39|
+---+---+---+
|.75|68.|142|
|162|457|983|
|..8|1..|576|
+---+---+---+
|216|875|394|
|593|241|768|
|784|3..|251|
+---+---+---+
Code: 029508017607910025851700039075680142162457983008100576216875394593241768784300251

Column #7 can contain 8 only at (2, 7).
+---+---+---+
|.29|5.8|.17|
|6.7|91.|825|
|851|7..|.39|
+---+---+---+
|.75|68.|142|
|162|457|983|
|..8|1..|576|
+---+---+---+
|216|875|394|
|593|241|768|
|784|3..|251|
+---+---+---+
Code: 029508017607910825851700039075680142162457983008100576216875394593241768784300251

Guessing that 3 and 9 are arbitrary in row #4 (multiple solutions): Pick 9->(4, 1), 3->(4, 6).
+---+---+---+
|.29|5.8|.17|
|6.7|91.|825|
|851|7..|.39|
+---+---+---+
|975|683|142|
|162|457|983|
|..8|1..|576|
+---+---+---+
|216|875|394|
|593|241|768|
|784|3..|251|
+---+---+---+
Code: 029508017607910825851700039975683142162457983008100576216875394593241768784300251

(2, 6) can only contain 4.
+---+---+---+
|.29|5.8|.17|
|6.7|914|825|
|851|7..|.39|
+---+---+---+
|975|683|142|
|162|457|983|
|..8|1..|576|
+---+---+---+
|216|875|394|
|593|241|768|
|784|3..|251|
+---+---+---+
Code: 029508017607914825851700039975683142162457983008100576216875394593241768784300251

(2, 2) can only contain 3.
+---+---+---+
|.29|5.8|.17|
|637|914|825|
|851|7..|.39|
+---+---+---+
|975|683|142|
|162|457|983|
|..8|1..|576|
+---+---+---+
|216|875|394|
|593|241|768|
|784|3..|251|
+---+---+---+
Code: 029508017637914825851700039975683142162457983008100576216875394593241768784300251

(1, 1) can only contain 4.
+---+---+---+
|429|5.8|.17|
|637|914|825|
|851|7..|.39|
+---+---+---+
|975|683|142|
|162|457|983|
|..8|1..|576|
+---+---+---+
|216|875|394|
|593|241|768|
|784|3..|251|
+---+---+---+
Code: 429508017637914825851700039975683142162457983008100576216875394593241768784300251

(1, 7) can only contain 6.
+---+---+---+
|429|5.8|617|
|637|914|825|
|851|7..|.39|
+---+---+---+
|975|683|142|
|162|457|983|
|..8|1..|576|
+---+---+---+
|216|875|394|
|593|241|768|
|784|3..|251|
+---+---+---+
Code: 429508617637914825851700039975683142162457983008100576216875394593241768784300251

(6, 1) can only contain 3.
+---+---+---+
|429|5.8|617|
|637|914|825|
|851|7..|.39|
+---+---+---+
|975|683|142|
|162|457|983|
|3.8|1..|576|
+---+---+---+
|216|875|394|
|593|241|768|
|784|3..|251|
+---+---+---+
Code: 429508617637914825851700039975683142162457983308100576216875394593241768784300251

(3, 7) can only contain 4.
+---+---+---+
|429|5.8|617|
|637|914|825|
|851|7..|439|
+---+---+---+
|975|683|142|
|162|457|983|
|3.8|1..|576|
+---+---+---+
|216|875|394|
|593|241|768|
|784|3..|251|
+---+---+---+
Code: 429508617637914825851700439975683142162457983308100576216875394593241768784300251

(1, 5) can only contain 3.
+---+---+---+
|429|538|617|
|637|914|825|
|851|7..|439|
+---+---+---+
|975|683|142|
|162|457|983|
|3.8|1..|576|
+---+---+---+
|216|875|394|
|593|241|768|
|784|3..|251|
+---+---+---+
Code: 429538617637914825851700439975683142162457983308100576216875394593241768784300251

(6, 2) can only contain 4.
+---+---+---+
|429|538|617|
|637|914|825|
|851|7..|439|
+---+---+---+
|975|683|142|
|162|457|983|
|348|1..|576|
+---+---+---+
|216|875|394|
|593|241|768|
|784|3..|251|
+---+---+---+
Code: 429538617637914825851700439975683142162457983348100576216875394593241768784300251

Guessing that 2 and 9 are arbitrary in row #6 (multiple solutions): Pick 2->(6, 5), 9->(6, 6).
+---+---+---+
|429|538|617|
|637|914|825|
|851|7..|439|
+---+---+---+
|975|683|142|
|162|457|983|
|348|129|576|
+---+---+---+
|216|875|394|
|593|241|768|
|784|3..|251|
+---+---+---+
Code: 429538617637914825851700439975683142162457983348129576216875394593241768784300251

(9, 6) can only contain 6.
+---+---+---+
|429|538|617|
|637|914|825|
|851|7..|439|
+---+---+---+
|975|683|142|
|162|457|983|
|348|129|576|
+---+---+---+
|216|875|394|
|593|241|768|
|784|3.6|251|
+---+---+---+
Code: 429538617637914825851700439975683142162457983348129576216875394593241768784306251

(3, 6) can only contain 2.
+---+---+---+
|429|538|617|
|637|914|825|
|851|7.2|439|
+---+---+---+
|975|683|142|
|162|457|983|
|348|129|576|
+---+---+---+
|216|875|394|
|593|241|768|
|784|3.6|251|
+---+---+---+
Code: 429538617637914825851702439975683142162457983348129576216875394593241768784306251

(3, 5) can only contain 6.
+---+---+---+
|429|538|617|
|637|914|825|
|851|762|439|
+---+---+---+
|975|683|142|
|162|457|983|
|348|129|576|
+---+---+---+
|216|875|394|
|593|241|768|
|784|3.6|251|
+---+---+---+
Code: 429538617637914825851762439975683142162457983348129576216875394593241768784306251

(9, 5) can only contain 9.
+---+---+---+
|429|538|617|
|637|914|825|
|851|762|439|
+---+---+---+
|975|683|142|
|162|457|983|
|348|129|576|
+---+---+---+
|216|875|394|
|593|241|768|
|784|396|251|
+---+---+---+
Code: 429538617637914825851762439975683142162457983348129576216875394593241768784396251

