
Final look of the solved board:
+---+---+---+
|582|914|763|
|349|675|128|
|671|328|954|
+---+---+---+
|235|487|619|
|416|539|287|
|798|261|435|
+---+---+---+
|864|193|572|
|157|842|396|
|923|756|841|
+---+---+---+

Starting look of the board to solve:
+---+---+---+
|..2|...|.63|
|3.9|.75|...|
|...|3.8|..4|
+---+---+---+
|.35|..7|6..|
|.1.|5..|28.|
|...|2..|.3.|
+---+---+---+
|..4|..3|..2|
|1.7|8..|.9.|
|..3|7..|8..|
+---+---+---+

================================================================================

single candidate 0 = 15
single candidate 1 = 38
