
Final look of the solved board:
+---+---+---+
|135|798|462|
|984|562|137|
|627|314|859|
+---+---+---+
|361|857|924|
|859|241|673|
|472|639|581|
+---+---+---+
|513|476|298|
|798|125|346|
|246|983|715|
+---+---+---+

Starting look of the board to solve:
+---+---+---+
|1.5|.9.|4.2|
|...|56.|..7|
|.2.|.14|.5.|
+---+---+---+
|3..|.5.|.2.|
|...|2.1|6..|
|47.|...|.8.|
+---+---+---+
|51.|..6|29.|
|...|1..|...|
|.4.|.8.|..5|
+---+---+---+

================================================================================

(6, 5) can only contain 3.
+---+---+---+
|1.5|.9.|4.2|
|...|56.|..7|
|.2.|.14|.5.|
+---+---+---+
|3..|.5.|.2.|
|...|2.1|6..|
|47.|.3.|.8.|
+---+---+---+
|51.|..6|29.|
|...|1..|...|
|.4.|.8.|..5|
+---+---+---+
Code: 105090402000560007020014050300050020000201600470030080510006290000100000040080005

(6, 6) can only contain 9.
+---+---+---+
|1.5|.9.|4.2|
|...|56.|..7|
|.2.|.14|.5.|
+---+---+---+
|3..|.5.|.2.|
|...|2.1|6..|
|47.|.39|.8.|
+---+---+---+
|51.|..6|29.|
|...|1..|...|
|.4.|.8.|..5|
+---+---+---+
Code: 105090402000560007020014050300050020000201600470039080510006290000100000040080005

(6, 9) can only contain 1.
+---+---+---+
|1.5|.9.|4.2|
|...|56.|..7|
|.2.|.14|.5.|
+---+---+---+
|3..|.5.|.2.|
|...|2.1|6..|
|47.|.39|.81|
+---+---+---+
|51.|..6|29.|
|...|1..|...|
|.4.|.8.|..5|
+---+---+---+
Code: 105090402000560007020014050300050020000201600470039081510006290000100000040080005

(6, 7) can only contain 5.
+---+---+---+
|1.5|.9.|4.2|
|...|56.|..7|
|.2.|.14|.5.|
+---+---+---+
|3..|.5.|.2.|
|...|2.1|6..|
|47.|.39|581|
+---+---+---+
|51.|..6|29.|
|...|1..|...|
|.4.|.8.|..5|
+---+---+---+
Code: 105090402000560007020014050300050020000201600470039581510006290000100000040080005

(6, 4) can only contain 6.
+---+---+---+
|1.5|.9.|4.2|
|...|56.|..7|
|.2.|.14|.5.|
+---+---+---+
|3..|.5.|.2.|
|...|2.1|6..|
|47.|639|581|
+---+---+---+
|51.|..6|29.|
|...|1..|...|
|.4.|.8.|..5|
+---+---+---+
Code: 105090402000560007020014050300050020000201600470639581510006290000100000040080005

(6, 3) can only contain 2.
+---+---+---+
|1.5|.9.|4.2|
|...|56.|..7|
|.2.|.14|.5.|
+---+---+---+
|3..|.5.|.2.|
|...|2.1|6..|
|472|639|581|
+---+---+---+
|51.|..6|29.|
|...|1..|...|
|.4.|.8.|..5|
+---+---+---+
Code: 105090402000560007020014050300050020000201600472639581510006290000100000040080005

Column #4 can contain 9 only at (9, 4).
+---+---+---+
|1.5|.9.|4.2|
|...|56.|..7|
|.2.|.14|.5.|
+---+---+---+
|3..|.5.|.2.|
|...|2.1|6..|
|472|639|581|
+---+---+---+
|51.|..6|29.|
|...|1..|...|
|.4.|98.|..5|
+---+---+---+
Code: 105090402000560007020014050300050020000201600472639581510006290000100000040980005

Block (3, 2) can contain 5 only at (8, 6).
+---+---+---+
|1.5|.9.|4.2|
|...|56.|..7|
|.2.|.14|.5.|
+---+---+---+
|3..|.5.|.2.|
|...|2.1|6..|
|472|639|581|
+---+---+---+
|51.|..6|29.|
|...|1.5|...|
|.4.|98.|..5|
+---+---+---+
Code: 105090402000560007020014050300050020000201600472639581510006290000105000040980005

Row #2 can contain 2 only at (2, 6).
+---+---+---+
|1.5|.9.|4.2|
|...|562|..7|
|.2.|.14|.5.|
+---+---+---+
|3..|.5.|.2.|
|...|2.1|6..|
|472|639|581|
+---+---+---+
|51.|..6|29.|
|...|1.5|...|
|.4.|98.|..5|
+---+---+---+
Code: 105090402000562007020014050300050020000201600472639581510006290000105000040980005

Column #5 can contain 2 only at (8, 5).
+---+---+---+
|1.5|.9.|4.2|
|...|562|..7|
|.2.|.14|.5.|
+---+---+---+
|3..|.5.|.2.|
|...|2.1|6..|
|472|639|581|
+---+---+---+
|51.|..6|29.|
|...|125|...|
|.4.|98.|..5|
+---+---+---+
Code: 105090402000562007020014050300050020000201600472639581510006290000125000040980005

Block (3, 1) can contain 2 only at (9, 1).
+---+---+---+
|1.5|.9.|4.2|
|...|562|..7|
|.2.|.14|.5.|
+---+---+---+
|3..|.5.|.2.|
|...|2.1|6..|
|472|639|581|
+---+---+---+
|51.|..6|29.|
|...|125|...|
|24.|98.|..5|
+---+---+---+
Code: 105090402000562007020014050300050020000201600472639581510006290000125000240980005

Row #2 can contain 4 only at (2, 3).
+---+---+---+
|1.5|.9.|4.2|
|..4|562|..7|
|.2.|.14|.5.|
+---+---+---+
|3..|.5.|.2.|
|...|2.1|6..|
|472|639|581|
+---+---+---+
|51.|..6|29.|
|...|125|...|
|24.|98.|..5|
+---+---+---+
Code: 105090402004562007020014050300050020000201600472639581510006290000125000240980005

Column #3 can contain 1 only at (4, 3).
+---+---+---+
|1.5|.9.|4.2|
|..4|562|..7|
|.2.|.14|.5.|
+---+---+---+
|3.1|.5.|.2.|
|...|2.1|6..|
|472|639|581|
+---+---+---+
|51.|..6|29.|
|...|125|...|
|24.|98.|..5|
+---+---+---+
Code: 105090402004562007020014050301050020000201600472639581510006290000125000240980005

Row #5 can contain 5 only at (5, 2).
+---+---+---+
|1.5|.9.|4.2|
|..4|562|..7|
|.2.|.14|.5.|
+---+---+---+
|3.1|.5.|.2.|
|.5.|2.1|6..|
|472|639|581|
+---+---+---+
|51.|..6|29.|
|...|125|...|
|24.|98.|..5|
+---+---+---+
Code: 105090402004562007020014050301050020050201600472639581510006290000125000240980005

Block (2, 1) can contain 6 only at (4, 2).
+---+---+---+
|1.5|.9.|4.2|
|..4|562|..7|
|.2.|.14|.5.|
+---+---+---+
|361|.5.|.2.|
|.5.|2.1|6..|
|472|639|581|
+---+---+---+
|51.|..6|29.|
|...|125|...|
|24.|98.|..5|
+---+---+---+
Code: 105090402004562007020014050361050020050201600472639581510006290000125000240980005

Row #1 can contain 6 only at (1, 8).
+---+---+---+
|1.5|.9.|462|
|..4|562|..7|
|.2.|.14|.5.|
+---+---+---+
|361|.5.|.2.|
|.5.|2.1|6..|
|472|639|581|
+---+---+---+
|51.|..6|29.|
|...|125|...|
|24.|98.|..5|
+---+---+---+
Code: 105090462004562007020014050361050020050201600472639581510006290000125000240980005

Row #9 can contain 6 only at (9, 3).
+---+---+---+
|1.5|.9.|462|
|..4|562|..7|
|.2.|.14|.5.|
+---+---+---+
|361|.5.|.2.|
|.5.|2.1|6..|
|472|639|581|
+---+---+---+
|51.|..6|29.|
|...|125|...|
|246|98.|..5|
+---+---+---+
Code: 105090462004562007020014050361050020050201600472639581510006290000125000246980005

Block (1, 1) can contain 6 only at (3, 1).
+---+---+---+
|1.5|.9.|462|
|..4|562|..7|
|62.|.14|.5.|
+---+---+---+
|361|.5.|.2.|
|.5.|2.1|6..|
|472|639|581|
+---+---+---+
|51.|..6|29.|
|...|125|...|
|246|98.|..5|
+---+---+---+
Code: 105090462004562007620014050361050020050201600472639581510006290000125000246980005

Column #1 can contain 7 only at (8, 1).
+---+---+---+
|1.5|.9.|462|
|..4|562|..7|
|62.|.14|.5.|
+---+---+---+
|361|.5.|.2.|
|.5.|2.1|6..|
|472|639|581|
+---+---+---+
|51.|..6|29.|
|7..|125|...|
|246|98.|..5|
+---+---+---+
Code: 105090462004562007620014050361050020050201600472639581510006290700125000246980005

Column #9 can contain 6 only at (8, 9).
+---+---+---+
|1.5|.9.|462|
|..4|562|..7|
|62.|.14|.5.|
+---+---+---+
|361|.5.|.2.|
|.5.|2.1|6..|
|472|639|581|
+---+---+---+
|51.|..6|29.|
|7..|125|..6|
|246|98.|..5|
+---+---+---+
Code: 105090462004562007620014050361050020050201600472639581510006290700125006246980005

Row #8 can contain 4 only at (8, 8).
+---+---+---+
|1.5|.9.|462|
|..4|562|..7|
|62.|.14|.5.|
+---+---+---+
|361|.5.|.2.|
|.5.|2.1|6..|
|472|639|581|
+---+---+---+
|51.|..6|29.|
|7..|125|.46|
|246|98.|..5|
+---+---+---+
Code: 105090462004562007620014050361050020050201600472639581510006290700125046246980005

Column #3 can contain 7 only at (3, 3).
+---+---+---+
|1.5|.9.|462|
|..4|562|..7|
|627|.14|.5.|
+---+---+---+
|361|.5.|.2.|
|.5.|2.1|6..|
|472|639|581|
+---+---+---+
|51.|..6|29.|
|7..|125|.46|
|246|98.|..5|
+---+---+---+
Code: 105090462004562007627014050361050020050201600472639581510006290700125046246980005


