
Final look of the solved board:
+---+---+---+
|513|869|427|
|926|471|385|
|874|325|196|
+---+---+---+
|258|743|619|
|147|698|253|
|639|512|748|
+---+---+---+
|362|984|571|
|495|137|862|
|781|256|934|
+---+---+---+

Starting look of the board to solve:
+---+---+---+
|..3|..9|4..|
|.2.|4..|385|
|8..|..5|1..|
+---+---+---+
|.5.|74.|.19|
|..7|6..|..3|
|6..|...|..8|
+---+---+---+
|.62|...|5..|
|4..|...|...|
|...|256|9.4|
+---+---+---+

================================================================================

(4, 3) can only contain 8
(9, 3) can only contain 1
(3, 4) can only contain 3
(5, 7) can only contain 2
(4, 7) can only contain 6
(6, 7) can only contain 7
(8, 7) can only contain 8
Block (3, 1) can contain 5 only at (8, 3).
Block (1, 1) can contain 5 only at (1, 1).
Column #6 can contain 4 only at (7, 6).
Block (2, 1) can contain 2 only at (4, 1).
(4, 6) can only contain 3
Block (3, 1) can contain 8 only at (9, 2).
Block (2, 1) can contain 3 only at (6, 2).
Block (2, 2) can contain 5 only at (6, 4).
(6, 8) can only contain 4
(6, 3) can only contain 9
(5, 1) can only contain 1
(5, 8) can only contain 5
(5, 6) can only contain 8
(5, 2) can only contain 4
(2, 3) can only contain 6
(5, 5) can only contain 9
(3, 3) can only contain 4
Column #2 can contain 1 only at (1, 2).
(1, 4) can only contain 8
Row #2 can contain 9 only at (2, 1).
(3, 2) can only contain 7
(8, 2) can only contain 9
(8, 4) can only contain 1
(8, 6) can only contain 7
(2, 6) can only contain 1
(8, 5) can only contain 3
(6, 6) can only contain 2
(7, 5) can only contain 8
(7, 4) can only contain 9
(2, 5) can only contain 7
(6, 5) can only contain 1
Row #3 can contain 9 only at (3, 8).
Row #7 can contain 1 only at (7, 9).
Column #9 can contain 7 only at (1, 9).

