
Final look of the solved board:
+---+---+---+
|279|534|681|
|853|196|472|
|461|827|953|
+---+---+---+
|714|385|269|
|928|671|345|
|536|249|718|
+---+---+---+
|195|462|837|
|347|918|526|
|682|753|194|
+---+---+---+

