
Final look of the solved board:
+---+---+---+
|586|479|213|
|431|562|879|
|279|138|564|
+---+---+---+
|695|347|182|
|748|215|396|
|123|896|457|
+---+---+---+
|364|781|925|
|857|923|641|
|912|654|738|
+---+---+---+

Starting look of the board to solve:
+---+---+---+
|586|.79|2..|
|..1|..2|.7.|
|2..|...|5..|
+---+---+---+
|6..|...|..2|
|7..|..5|39.|
|..3|89.|...|
+---+---+---+
|.64|...|9.5|
|8..|.2.|...|
|.1.|65.|..8|
+---+---+---+

================================================================================

(7, 1) can only contain 3.
+---+---+---+
|586|.79|2..|
|..1|..2|.7.|
|2..|...|5..|
+---+---+---+
|6..|...|..2|
|7..|..5|39.|
|..3|89.|...|
+---+---+---+
|364|...|9.5|
|8..|.2.|...|
|.1.|65.|..8|
+---+---+---+
Code: 586079200001002070200000500600000002700005390003890000364000905800020000010650008

(9, 1) can only contain 9.
+---+---+---+
|586|.79|2..|
|..1|..2|.7.|
|2..|...|5..|
+---+---+---+
|6..|...|..2|
|7..|..5|39.|
|..3|89.|...|
+---+---+---+
|364|...|9.5|
|8..|.2.|...|
|91.|65.|..8|
+---+---+---+
Code: 586079200001002070200000500600000002700005390003890000364000905800020000910650008

(2, 1) can only contain 4.
+---+---+---+
|586|.79|2..|
|4.1|..2|.7.|
|2..|...|5..|
+---+---+---+
|6..|...|..2|
|7..|..5|39.|
|..3|89.|...|
+---+---+---+
|364|...|9.5|
|8..|.2.|...|
|91.|65.|..8|
+---+---+---+
Code: 586079200401002070200000500600000002700005390003890000364000905800020000910650008

(6, 1) can only contain 1.
+---+---+---+
|586|.79|2..|
|4.1|..2|.7.|
|2..|...|5..|
+---+---+---+
|6..|...|..2|
|7..|..5|39.|
|1.3|89.|...|
+---+---+---+
|364|...|9.5|
|8..|.2.|...|
|91.|65.|..8|
+---+---+---+
Code: 586079200401002070200000500600000002700005390103890000364000905800020000910650008

Block (3, 2) can contain 9 only at (8, 4).
+---+---+---+
|586|.79|2..|
|4.1|..2|.7.|
|2..|...|5..|
+---+---+---+
|6..|...|..2|
|7..|..5|39.|
|1.3|89.|...|
+---+---+---+
|364|...|9.5|
|8..|92.|...|
|91.|65.|..8|
+---+---+---+
Code: 586079200401002070200000500600000002700005390103890000364000905800920000910650008

Block (2, 2) can contain 2 only at (5, 4).
+---+---+---+
|586|.79|2..|
|4.1|..2|.7.|
|2..|...|5..|
+---+---+---+
|6..|...|..2|
|7..|2.5|39.|
|1.3|89.|...|
+---+---+---+
|364|...|9.5|
|8..|92.|...|
|91.|65.|..8|
+---+---+---+
Code: 586079200401002070200000500600000002700205390103890000364000905800920000910650008

(5, 2) can only contain 4.
+---+---+---+
|586|.79|2..|
|4.1|..2|.7.|
|2..|...|5..|
+---+---+---+
|6..|...|..2|
|74.|2.5|39.|
|1.3|89.|...|
+---+---+---+
|364|...|9.5|
|8..|92.|...|
|91.|65.|..8|
+---+---+---+
Code: 586079200401002070200000500600000002740205390103890000364000905800920000910650008

(5, 3) can only contain 8.
+---+---+---+
|586|.79|2..|
|4.1|..2|.7.|
|2..|...|5..|
+---+---+---+
|6..|...|..2|
|748|2.5|39.|
|1.3|89.|...|
+---+---+---+
|364|...|9.5|
|8..|92.|...|
|91.|65.|..8|
+---+---+---+
Code: 586079200401002070200000500600000002748205390103890000364000905800920000910650008

Block (1, 2) can contain 5 only at (2, 4).
+---+---+---+
|586|.79|2..|
|4.1|5.2|.7.|
|2..|...|5..|
+---+---+---+
|6..|...|..2|
|748|2.5|39.|
|1.3|89.|...|
+---+---+---+
|364|...|9.5|
|8..|92.|...|
|91.|65.|..8|
+---+---+---+
Code: 586079200401502070200000500600000002748205390103890000364000905800920000910650008

Row #7 can contain 2 only at (7, 8).
+---+---+---+
|586|.79|2..|
|4.1|5.2|.7.|
|2..|...|5..|
+---+---+---+
|6..|...|..2|
|748|2.5|39.|
|1.3|89.|...|
+---+---+---+
|364|...|925|
|8..|92.|...|
|91.|65.|..8|
+---+---+---+
Code: 586079200401502070200000500600000002748205390103890000364000925800920000910650008

Column #2 can contain 2 only at (6, 2).
+---+---+---+
|586|.79|2..|
|4.1|5.2|.7.|
|2..|...|5..|
+---+---+---+
|6..|...|..2|
|748|2.5|39.|
|123|89.|...|
+---+---+---+
|364|...|925|
|8..|92.|...|
|91.|65.|..8|
+---+---+---+
Code: 586079200401502070200000500600000002748205390123890000364000925800920000910650008

Block (3, 1) can contain 2 only at (9, 3).
+---+---+---+
|586|.79|2..|
|4.1|5.2|.7.|
|2..|...|5..|
+---+---+---+
|6..|...|..2|
|748|2.5|39.|
|123|89.|...|
+---+---+---+
|364|...|925|
|8..|92.|...|
|912|65.|..8|
+---+---+---+
Code: 586079200401502070200000500600000002748205390123890000364000925800920000912650008

Row #6 can contain 5 only at (6, 8).
+---+---+---+
|586|.79|2..|
|4.1|5.2|.7.|
|2..|...|5..|
+---+---+---+
|6..|...|..2|
|748|2.5|39.|
|123|89.|.5.|
+---+---+---+
|364|...|925|
|8..|92.|...|
|912|65.|..8|
+---+---+---+
Code: 586079200401502070200000500600000002748205390123890050364000925800920000912650008

Mask: 80, Discriminator: 7, Description: row #8
Discriminator: 7, Description: row #8, Index: 63, Row: 7, Column: 0
Discriminator: 7, Description: row #8, Index: 64, Row: 7, Column: 1
Discriminator: 7, Description: row #8, Index: 65, Row: 7, Column: 2
Discriminator: 7, Description: row #8, Index: 66, Row: 7, Column: 3
Discriminator: 7, Description: row #8, Index: 67, Row: 7, Column: 4
Discriminator: 7, Description: row #8, Index: 68, Row: 7, Column: 5
Discriminator: 7, Description: row #8, Index: 69, Row: 7, Column: 6
Discriminator: 7, Description: row #8, Index: 70, Row: 7, Column: 7
Discriminator: 7, Description: row #8, Index: 71, Row: 7, Column: 8


