
Final look of the solved board:
+---+---+---+
|583|697|241|
|291|854|763|
|674|123|985|
+---+---+---+
|728|931|654|
|936|475|128|
|145|286|379|
+---+---+---+
|362|549|817|
|857|312|496|
|419|768|532|
+---+---+---+

Starting look of the board to solve:
+---+---+---+
|.8.|.97|24.|
|.9.|.5.|...|
|..4|...|9..|
+---+---+---+
|7..|93.|6..|
|9..|...|12.|
|1..|..6|379|
+---+---+---+
|.6.|54.|.17|
|...|...|4..|
|41.|7..|...|
+---+---+---+

================================================================================

(7, 7) can only contain 8
+---+---+---+
|.8.|.97|24.|
|.9.|.5.|...|
|..4|...|9..|
+---+---+---+
|7..|93.|6..|
|9..|...|12.|
|1..|..6|379|
+---+---+---+
|.6.|54.|817|
|...|...|4..|
|41.|7..|...|
+---+---+---+
(9, 7) can only contain 5
+---+---+---+
|.8.|.97|24.|
|.9.|.5.|...|
|..4|...|9..|
+---+---+---+
|7..|93.|6..|
|9..|...|12.|
|1..|..6|379|
+---+---+---+
|.6.|54.|817|
|...|...|4..|
|41.|7..|5..|
+---+---+---+
(2, 7) can only contain 7
+---+---+---+
|.8.|.97|24.|
|.9.|.5.|7..|
|..4|...|9..|
+---+---+---+
|7..|93.|6..|
|9..|...|12.|
|1..|..6|379|
+---+---+---+
|.6.|54.|817|
|...|...|4..|
|41.|7..|5..|
+---+---+---+
Block (2, 2) can contain 1 only at (4, 6).
+---+---+---+
|.8.|.97|24.|
|.9.|.5.|7..|
|..4|...|9..|
+---+---+---+
|7..|931|6..|
|9..|...|12.|
|1..|..6|379|
+---+---+---+
|.6.|54.|817|
|...|...|4..|
|41.|7..|5..|
+---+---+---+
Column #1 can contain 8 only at (8, 1).
+---+---+---+
|.8.|.97|24.|
|.9.|.5.|7..|
|..4|...|9..|
+---+---+---+
|7..|931|6..|
|9..|...|12.|
|1..|..6|379|
+---+---+---+
|.6.|54.|817|
|8..|...|4..|
|41.|7..|5..|
+---+---+---+
Block (2, 1) can contain 6 only at (5, 3).
+---+---+---+
|.8.|.97|24.|
|.9.|.5.|7..|
|..4|...|9..|
+---+---+---+
|7..|931|6..|
|9.6|...|12.|
|1..|..6|379|
+---+---+---+
|.6.|54.|817|
|8..|...|4..|
|41.|7..|5..|
+---+---+---+
Block (1, 1) can contain 7 only at (3, 2).
+---+---+---+
|.8.|.97|24.|
|.9.|.5.|7..|
|.74|...|9..|
+---+---+---+
|7..|931|6..|
|9.6|...|12.|
|1..|..6|379|
+---+---+---+
|.6.|54.|817|
|8..|...|4..|
|41.|7..|5..|
+---+---+---+
Column #3 can contain 7 only at (8, 3).
+---+---+---+
|.8.|.97|24.|
|.9.|.5.|7..|
|.74|...|9..|
+---+---+---+
|7..|931|6..|
|9.6|...|12.|
|1..|..6|379|
+---+---+---+
|.6.|54.|817|
|8.7|...|4..|
|41.|7..|5..|
+---+---+---+
Block (2, 1) can contain 3 only at (5, 2).
+---+---+---+
|.8.|.97|24.|
|.9.|.5.|7..|
|.74|...|9..|
+---+---+---+
|7..|931|6..|
|936|...|12.|
|1..|..6|379|
+---+---+---+
|.6.|54.|817|
|8.7|...|4..|
|41.|7..|5..|
+---+---+---+
Row #5 can contain 7 only at (5, 5).
+---+---+---+
|.8.|.97|24.|
|.9.|.5.|7..|
|.74|...|9..|
+---+---+---+
|7..|931|6..|
|936|.7.|12.|
|1..|..6|379|
+---+---+---+
|.6.|54.|817|
|8.7|...|4..|
|41.|7..|5..|
+---+---+---+
Block (2, 2) can contain 5 only at (5, 6).
+---+---+---+
|.8.|.97|24.|
|.9.|.5.|7..|
|.74|...|9..|
+---+---+---+
|7..|931|6..|
|936|.75|12.|
|1..|..6|379|
+---+---+---+
|.6.|54.|817|
|8.7|...|4..|
|41.|7..|5..|
+---+---+---+
Column #6 can contain 4 only at (2, 6).
+---+---+---+
|.8.|.97|24.|
|.9.|.54|7..|
|.74|...|9..|
+---+---+---+
|7..|931|6..|
|936|.75|12.|
|1..|..6|379|
+---+---+---+
|.6.|54.|817|
|8.7|...|4..|
|41.|7..|5..|
+---+---+---+
Row #8 can contain 5 only at (8, 2).
+---+---+---+
|.8.|.97|24.|
|.9.|.54|7..|
|.74|...|9..|
+---+---+---+
|7..|931|6..|
|936|.75|12.|
|1..|..6|379|
+---+---+---+
|.6.|54.|817|
|857|...|4..|
|41.|7..|5..|
+---+---+---+
Row #6 can contain 5 only at (6, 3).
+---+---+---+
|.8.|.97|24.|
|.9.|.54|7..|
|.74|...|9..|
+---+---+---+
|7..|931|6..|
|936|.75|12.|
|1.5|..6|379|
+---+---+---+
|.6.|54.|817|
|857|...|4..|
|41.|7..|5..|
+---+---+---+
Column #3 can contain 8 only at (4, 3).
+---+---+---+
|.8.|.97|24.|
|.9.|.54|7..|
|.74|...|9..|
+---+---+---+
|7.8|931|6..|
|936|.75|12.|
|1.5|..6|379|
+---+---+---+
|.6.|54.|817|
|857|...|4..|
|41.|7..|5..|
+---+---+---+
(4, 8) can only contain 5
+---+---+---+
|.8.|.97|24.|
|.9.|.54|7..|
|.74|...|9..|
+---+---+---+
|7.8|931|65.|
|936|.75|12.|
|1.5|..6|379|
+---+---+---+
|.6.|54.|817|
|857|...|4..|
|41.|7..|5..|
+---+---+---+
(4, 9) can only contain 4
+---+---+---+
|.8.|.97|24.|
|.9.|.54|7..|
|.74|...|9..|
+---+---+---+
|7.8|931|654|
|936|.75|12.|
|1.5|..6|379|
+---+---+---+
|.6.|54.|817|
|857|...|4..|
|41.|7..|5..|
+---+---+---+
(4, 2) can only contain 2
+---+---+---+
|.8.|.97|24.|
|.9.|.54|7..|
|.74|...|9..|
+---+---+---+
|728|931|654|
|936|.75|12.|
|1.5|..6|379|
+---+---+---+
|.6.|54.|817|
|857|...|4..|
|41.|7..|5..|
+---+---+---+
(5, 9) can only contain 8
+---+---+---+
|.8.|.97|24.|
|.9.|.54|7..|
|.74|...|9..|
+---+---+---+
|728|931|654|
|936|.75|128|
|1.5|..6|379|
+---+---+---+
|.6.|54.|817|
|857|...|4..|
|41.|7..|5..|
+---+---+---+
(5, 4) can only contain 4
+---+---+---+
|.8.|.97|24.|
|.9.|.54|7..|
|.74|...|9..|
+---+---+---+
|728|931|654|
|936|475|128|
|1.5|..6|379|
+---+---+---+
|.6.|54.|817|
|857|...|4..|
|41.|7..|5..|
+---+---+---+
(6, 2) can only contain 4
+---+---+---+
|.8.|.97|24.|
|.9.|.54|7..|
|.74|...|9..|
+---+---+---+
|728|931|654|
|936|475|128|
|145|..6|379|
+---+---+---+
|.6.|54.|817|
|857|...|4..|
|41.|7..|5..|
+---+---+---+

