
Final look of the solved board:
+---+---+---+
|971|236|854|
|523|894|716|
|486|175|392|
+---+---+---+
|894|761|523|
|652|349|187|
|137|528|649|
+---+---+---+
|219|657|438|
|745|983|261|
|368|412|975|
+---+---+---+

