
Final look of the solved board:
+---+---+---+
|598|142|763|
|647|583|912|
|312|769|845|
+---+---+---+
|753|891|426|
|869|425|137|
|421|637|589|
+---+---+---+
|285|916|374|
|176|354|298|
|934|278|651|
+---+---+---+

Starting look of the board to solve:
+---+---+---+
|.9.|.4.|.63|
|64.|5..|.1.|
|3.2|..9|...|
+---+---+---+
|.5.|..1|4..|
|8..|...|..7|
|4..|6.7|.8.|
+---+---+---+
|2..|9..|.7.|
|..6|35.|..8|
|9..|.7.|6..|
+---+---+---+

================================================================================

(4, 1) can only contain 7.
+---+---+---+
|.9.|.4.|.63|
|64.|5..|.1.|
|3.2|..9|...|
+---+---+---+
|75.|..1|4..|
|8..|...|..7|
|4..|6.7|.8.|
+---+---+---+
|2..|9..|.7.|
|..6|35.|..8|
|9..|.7.|6..|
+---+---+---+
Code: 090040063640500010302009000750001400800000007400607080200900070006350008900070600

(8, 1) can only contain 1.
+---+---+---+
|.9.|.4.|.63|
|64.|5..|.1.|
|3.2|..9|...|
+---+---+---+
|75.|..1|4..|
|8..|...|..7|
|4..|6.7|.8.|
+---+---+---+
|2..|9..|.7.|
|1.6|35.|..8|
|9..|.7.|6..|
+---+---+---+
Code: 090040063640500010302009000750001400800000007400607080200900070106350008900070600

(1, 1) can only contain 5.
+---+---+---+
|59.|.4.|.63|
|64.|5..|.1.|
|3.2|..9|...|
+---+---+---+
|75.|..1|4..|
|8..|...|..7|
|4..|6.7|.8.|
+---+---+---+
|2..|9..|.7.|
|1.6|35.|..8|
|9..|.7.|6..|
+---+---+---+
Code: 590040063640500010302009000750001400800000007400607080200900070106350008900070600

(8, 2) can only contain 7.
+---+---+---+
|59.|.4.|.63|
|64.|5..|.1.|
|3.2|..9|...|
+---+---+---+
|75.|..1|4..|
|8..|...|..7|
|4..|6.7|.8.|
+---+---+---+
|2..|9..|.7.|
|176|35.|..8|
|9..|.7.|6..|
+---+---+---+
Code: 590040063640500010302009000750001400800000007400607080200900070176350008900070600

Block (2, 3) can contain 6 only at (4, 9).
+---+---+---+
|59.|.4.|.63|
|64.|5..|.1.|
|3.2|..9|...|
+---+---+---+
|75.|..1|4.6|
|8..|...|..7|
|4..|6.7|.8.|
+---+---+---+
|2..|9..|.7.|
|176|35.|..8|
|9..|.7.|6..|
+---+---+---+
Code: 590040063640500010302009000750001406800000007400607080200900070176350008900070600

Column #2 can contain 6 only at (5, 2).
+---+---+---+
|59.|.4.|.63|
|64.|5..|.1.|
|3.2|..9|...|
+---+---+---+
|75.|..1|4.6|
|86.|...|..7|
|4..|6.7|.8.|
+---+---+---+
|2..|9..|.7.|
|176|35.|..8|
|9..|.7.|6..|
+---+---+---+
Code: 590040063640500010302009000750001406860000007400607080200900070176350008900070600

Block (2, 1) can contain 2 only at (6, 2).
+---+---+---+
|59.|.4.|.63|
|64.|5..|.1.|
|3.2|..9|...|
+---+---+---+
|75.|..1|4.6|
|86.|...|..7|
|42.|6.7|.8.|
+---+---+---+
|2..|9..|.7.|
|176|35.|..8|
|9..|.7.|6..|
+---+---+---+
Code: 590040063640500010302009000750001406860000007420607080200900070176350008900070600

Block (2, 2) can contain 5 only at (5, 6).
+---+---+---+
|59.|.4.|.63|
|64.|5..|.1.|
|3.2|..9|...|
+---+---+---+
|75.|..1|4.6|
|86.|..5|..7|
|42.|6.7|.8.|
+---+---+---+
|2..|9..|.7.|
|176|35.|..8|
|9..|.7.|6..|
+---+---+---+
Code: 590040063640500010302009000750001406860005007420607080200900070176350008900070600

Block (2, 2) can contain 4 only at (5, 4).
+---+---+---+
|59.|.4.|.63|
|64.|5..|.1.|
|3.2|..9|...|
+---+---+---+
|75.|..1|4.6|
|86.|4.5|..7|
|42.|6.7|.8.|
+---+---+---+
|2..|9..|.7.|
|176|35.|..8|
|9..|.7.|6..|
+---+---+---+
Code: 590040063640500010302009000750001406860405007420607080200900070176350008900070600

Row #3 can contain 6 only at (3, 5).
+---+---+---+
|59.|.4.|.63|
|64.|5..|.1.|
|3.2|.69|...|
+---+---+---+
|75.|..1|4.6|
|86.|4.5|..7|
|42.|6.7|.8.|
+---+---+---+
|2..|9..|.7.|
|176|35.|..8|
|9..|.7.|6..|
+---+---+---+
Code: 590040063640500010302069000750001406860405007420607080200900070176350008900070600

Column #5 can contain 1 only at (7, 5).
+---+---+---+
|59.|.4.|.63|
|64.|5..|.1.|
|3.2|.69|...|
+---+---+---+
|75.|..1|4.6|
|86.|4.5|..7|
|42.|6.7|.8.|
+---+---+---+
|2..|91.|.7.|
|176|35.|..8|
|9..|.7.|6..|
+---+---+---+
Code: 590040063640500010302069000750001406860405007420607080200910070176350008900070600

Row #7 can contain 6 only at (7, 6).
+---+---+---+
|59.|.4.|.63|
|64.|5..|.1.|
|3.2|.69|...|
+---+---+---+
|75.|..1|4.6|
|86.|4.5|..7|
|42.|6.7|.8.|
+---+---+---+
|2..|916|.7.|
|176|35.|..8|
|9..|.7.|6..|
+---+---+---+
Code: 590040063640500010302069000750001406860405007420607080200916070176350008900070600

Column #2 can contain 1 only at (3, 2).
+---+---+---+
|59.|.4.|.63|
|64.|5..|.1.|
|312|.69|...|
+---+---+---+
|75.|..1|4.6|
|86.|4.5|..7|
|42.|6.7|.8.|
+---+---+---+
|2..|916|.7.|
|176|35.|..8|
|9..|.7.|6..|
+---+---+---+
Code: 590040063640500010312069000750001406860405007420607080200916070176350008900070600

Block (3, 3) can contain 1 only at (9, 9).
+---+---+---+
|59.|.4.|.63|
|64.|5..|.1.|
|312|.69|...|
+---+---+---+
|75.|..1|4.6|
|86.|4.5|..7|
|42.|6.7|.8.|
+---+---+---+
|2..|916|.7.|
|176|35.|..8|
|9..|.7.|6.1|
+---+---+---+
Code: 590040063640500010312069000750001406860405007420607080200916070176350008900070601

Row #1 can contain 1 only at (1, 4).
+---+---+---+
|59.|14.|.63|
|64.|5..|.1.|
|312|.69|...|
+---+---+---+
|75.|..1|4.6|
|86.|4.5|..7|
|42.|6.7|.8.|
+---+---+---+
|2..|916|.7.|
|176|35.|..8|
|9..|.7.|6.1|
+---+---+---+
Code: 590140063640500010312069000750001406860405007420607080200916070176350008900070601

Column #4 can contain 7 only at (3, 4).
+---+---+---+
|59.|14.|.63|
|64.|5..|.1.|
|312|769|...|
+---+---+---+
|75.|..1|4.6|
|86.|4.5|..7|
|42.|6.7|.8.|
+---+---+---+
|2..|916|.7.|
|176|35.|..8|
|9..|.7.|6.1|
+---+---+---+
Code: 590140063640500010312769000750001406860405007420607080200916070176350008900070601

Column #6 can contain 3 only at (2, 6).
+---+---+---+
|59.|14.|.63|
|64.|5.3|.1.|
|312|769|...|
+---+---+---+
|75.|..1|4.6|
|86.|4.5|..7|
|42.|6.7|.8.|
+---+---+---+
|2..|916|.7.|
|176|35.|..8|
|9..|.7.|6.1|
+---+---+---+
Code: 590140063640503010312769000750001406860405007420607080200916070176350008900070601

Column #9 can contain 2 only at (2, 9).
+---+---+---+
|59.|14.|.63|
|64.|5.3|.12|
|312|769|...|
+---+---+---+
|75.|..1|4.6|
|86.|4.5|..7|
|42.|6.7|.8.|
+---+---+---+
|2..|916|.7.|
|176|35.|..8|
|9..|.7.|6.1|
+---+---+---+
Code: 590140063640503012312769000750001406860405007420607080200916070176350008900070601

(2, 5) can only contain 8.
+---+---+---+
|59.|14.|.63|
|64.|583|.12|
|312|769|...|
+---+---+---+
|75.|..1|4.6|
|86.|4.5|..7|
|42.|6.7|.8.|
+---+---+---+
|2..|916|.7.|
|176|35.|..8|
|9..|.7.|6.1|
+---+---+---+
Code: 590140063640583012312769000750001406860405007420607080200916070176350008900070601

(1, 6) can only contain 2.
+---+---+---+
|59.|142|.63|
|64.|583|.12|
|312|769|...|
+---+---+---+
|75.|..1|4.6|
|86.|4.5|..7|
|42.|6.7|.8.|
+---+---+---+
|2..|916|.7.|
|176|35.|..8|
|9..|.7.|6.1|
+---+---+---+
Code: 590142063640583012312769000750001406860405007420607080200916070176350008900070601

(2, 3) can only contain 7.
+---+---+---+
|59.|142|.63|
|647|583|.12|
|312|769|...|
+---+---+---+
|75.|..1|4.6|
|86.|4.5|..7|
|42.|6.7|.8.|
+---+---+---+
|2..|916|.7.|
|176|35.|..8|
|9..|.7.|6.1|
+---+---+---+
Code: 590142063647583012312769000750001406860405007420607080200916070176350008900070601

(8, 6) can only contain 4.
+---+---+---+
|59.|142|.63|
|647|583|.12|
|312|769|...|
+---+---+---+
|75.|..1|4.6|
|86.|4.5|..7|
|42.|6.7|.8.|
+---+---+---+
|2..|916|.7.|
|176|354|..8|
|9..|.7.|6.1|
+---+---+---+
Code: 590142063647583012312769000750001406860405007420607080200916070176354008900070601

(9, 6) can only contain 8.
+---+---+---+
|59.|142|.63|
|647|583|.12|
|312|769|...|
+---+---+---+
|75.|..1|4.6|
|86.|4.5|..7|
|42.|6.7|.8.|
+---+---+---+
|2..|916|.7.|
|176|354|..8|
|9..|.78|6.1|
+---+---+---+
Code: 590142063647583012312769000750001406860405007420607080200916070176354008900078601

(9, 2) can only contain 3.
+---+---+---+
|59.|142|.63|
|647|583|.12|
|312|769|...|
+---+---+---+
|75.|..1|4.6|
|86.|4.5|..7|
|42.|6.7|.8.|
+---+---+---+
|2..|916|.7.|
|176|354|..8|
|93.|.78|6.1|
+---+---+---+
Code: 590142063647583012312769000750001406860405007420607080200916070176354008930078601

(2, 7) can only contain 9.
+---+---+---+
|59.|142|.63|
|647|583|912|
|312|769|...|
+---+---+---+
|75.|..1|4.6|
|86.|4.5|..7|
|42.|6.7|.8.|
+---+---+---+
|2..|916|.7.|
|176|354|..8|
|93.|.78|6.1|
+---+---+---+
Code: 590142063647583912312769000750001406860405007420607080200916070176354008930078601

(8, 7) can only contain 2.
+---+---+---+
|59.|142|.63|
|647|583|912|
|312|769|...|
+---+---+---+
|75.|..1|4.6|
|86.|4.5|..7|
|42.|6.7|.8.|
+---+---+---+
|2..|916|.7.|
|176|354|2.8|
|93.|.78|6.1|
+---+---+---+
Code: 590142063647583912312769000750001406860405007420607080200916070176354208930078601

(1, 3) can only contain 8.
+---+---+---+
|598|142|.63|
|647|583|912|
|312|769|...|
+---+---+---+
|75.|..1|4.6|
|86.|4.5|..7|
|42.|6.7|.8.|
+---+---+---+
|2..|916|.7.|
|176|354|2.8|
|93.|.78|6.1|
+---+---+---+
Code: 598142063647583912312769000750001406860405007420607080200916070176354208930078601

(9, 4) can only contain 2.
+---+---+---+
|598|142|.63|
|647|583|912|
|312|769|...|
+---+---+---+
|75.|..1|4.6|
|86.|4.5|..7|
|42.|6.7|.8.|
+---+---+---+
|2..|916|.7.|
|176|354|2.8|
|93.|278|6.1|
+---+---+---+
Code: 598142063647583912312769000750001406860405007420607080200916070176354208930278601

(1, 7) can only contain 7.
+---+---+---+
|598|142|763|
|647|583|912|
|312|769|...|
+---+---+---+
|75.|..1|4.6|
|86.|4.5|..7|
|42.|6.7|.8.|
+---+---+---+
|2..|916|.7.|
|176|354|2.8|
|93.|278|6.1|
+---+---+---+
Code: 598142763647583912312769000750001406860405007420607080200916070176354208930278601

(7, 2) can only contain 8.
+---+---+---+
|598|142|763|
|647|583|912|
|312|769|...|
+---+---+---+
|75.|..1|4.6|
|86.|4.5|..7|
|42.|6.7|.8.|
+---+---+---+
|28.|916|.7.|
|176|354|2.8|
|93.|278|6.1|
+---+---+---+
Code: 598142763647583912312769000750001406860405007420607080280916070176354208930278601

(8, 8) can only contain 9.
+---+---+---+
|598|142|763|
|647|583|912|
|312|769|...|
+---+---+---+
|75.|..1|4.6|
|86.|4.5|..7|
|42.|6.7|.8.|
+---+---+---+
|28.|916|.7.|
|176|354|298|
|93.|278|6.1|
+---+---+---+
Code: 598142763647583912312769000750001406860405007420607080280916070176354298930278601

(4, 4) can only contain 8.
+---+---+---+
|598|142|763|
|647|583|912|
|312|769|...|
+---+---+---+
|75.|8.1|4.6|
|86.|4.5|..7|
|42.|6.7|.8.|
+---+---+---+
|28.|916|.7.|
|176|354|298|
|93.|278|6.1|
+---+---+---+
Code: 598142763647583912312769000750801406860405007420607080280916070176354298930278601

Column #9 can contain 9 only at (6, 9).
+---+---+---+
|598|142|763|
|647|583|912|
|312|769|...|
+---+---+---+
|75.|8.1|4.6|
|86.|4.5|..7|
|42.|6.7|.89|
+---+---+---+
|28.|916|.7.|
|176|354|298|
|93.|278|6.1|
+---+---+---+
Code: 598142763647583912312769000750801406860405007420607089280916070176354298930278601

(6, 5) can only contain 3.
+---+---+---+
|598|142|763|
|647|583|912|
|312|769|...|
+---+---+---+
|75.|8.1|4.6|
|86.|4.5|..7|
|42.|637|.89|
+---+---+---+
|28.|916|.7.|
|176|354|298|
|93.|278|6.1|
+---+---+---+
Code: 598142763647583912312769000750801406860405007420637089280916070176354298930278601

(6, 3) can only contain 1.
+---+---+---+
|598|142|763|
|647|583|912|
|312|769|...|
+---+---+---+
|75.|8.1|4.6|
|86.|4.5|..7|
|421|637|.89|
+---+---+---+
|28.|916|.7.|
|176|354|298|
|93.|278|6.1|
+---+---+---+
Code: 598142763647583912312769000750801406860405007421637089280916070176354298930278601

(6, 7) can only contain 5.
+---+---+---+
|598|142|763|
|647|583|912|
|312|769|...|
+---+---+---+
|75.|8.1|4.6|
|86.|4.5|..7|
|421|637|589|
+---+---+---+
|28.|916|.7.|
|176|354|298|
|93.|278|6.1|
+---+---+---+
Code: 598142763647583912312769000750801406860405007421637589280916070176354298930278601

(3, 7) can only contain 8.
+---+---+---+
|598|142|763|
|647|583|912|
|312|769|8..|
+---+---+---+
|75.|8.1|4.6|
|86.|4.5|..7|
|421|637|589|
+---+---+---+
|28.|916|.7.|
|176|354|298|
|93.|278|6.1|
+---+---+---+
Code: 598142763647583912312769800750801406860405007421637589280916070176354298930278601

(7, 7) can only contain 3.
+---+---+---+
|598|142|763|
|647|583|912|
|312|769|8..|
+---+---+---+
|75.|8.1|4.6|
|86.|4.5|..7|
|421|637|589|
+---+---+---+
|28.|916|37.|
|176|354|298|
|93.|278|6.1|
+---+---+---+
Code: 598142763647583912312769800750801406860405007421637589280916370176354298930278601

(5, 7) can only contain 1.
+---+---+---+
|598|142|763|
|647|583|912|
|312|769|8..|
+---+---+---+
|75.|8.1|4.6|
|86.|4.5|1.7|
|421|637|589|
+---+---+---+
|28.|916|37.|
|176|354|298|
|93.|278|6.1|
+---+---+---+
Code: 598142763647583912312769800750801406860405107421637589280916370176354298930278601


---------------------
{ Mask = 6, Description = row #4, Cells = 9, CellsWithMask = 3, CleanableCellsCount = 0 }
{ Mask = 6, Description = row #5, Cells = 9, CellsWithMask = 3, CleanableCellsCount = 0 }
{ Mask = 6, Description = column #8, Cells = 9, CellsWithMask = 2, CleanableCellsCount = 0 }
{ Mask = 6, Description = block (2, 3), Cells = 9, CellsWithMask = 2, CleanableCellsCount = 0 }
{ Mask = 10, Description = column #8, Cells = 9, CellsWithMask = 4, CleanableCellsCount = 0 }
{ Mask = 12, Description = column #3, Cells = 9, CellsWithMask = 4, CleanableCellsCount = 0 }
{ Mask = 12, Description = column #8, Cells = 9, CellsWithMask = 4, CleanableCellsCount = 0 }
{ Mask = 14, Description = column #8, Cells = 9, CellsWithMask = 4, CleanableCellsCount = 0 }
{ Mask = 18, Description = column #8, Cells = 9, CellsWithMask = 4, CleanableCellsCount = 0 }
{ Mask = 20, Description = column #3, Cells = 9, CellsWithMask = 4, CleanableCellsCount = 0 }
{ Mask = 20, Description = column #8, Cells = 9, CellsWithMask = 4, CleanableCellsCount = 0 }
{ Mask = 22, Description = column #8, Cells = 9, CellsWithMask = 4, CleanableCellsCount = 0 }
{ Mask = 24, Description = row #3, Cells = 9, CellsWithMask = 2, CleanableCellsCount = 0 }
{ Mask = 24, Description = row #7, Cells = 9, CellsWithMask = 2, CleanableCellsCount = 0 }
{ Mask = 24, Description = row #9, Cells = 9, CellsWithMask = 2, CleanableCellsCount = 0 }
{ Mask = 24, Description = column #3, Cells = 9, CellsWithMask = 2, CleanableCellsCount = 0 }
{ Mask = 24, Description = column #8, Cells = 9, CellsWithMask = 2, CleanableCellsCount = 0 }
{ Mask = 24, Description = column #9, Cells = 9, CellsWithMask = 2, CleanableCellsCount = 0 }
{ Mask = 24, Description = block (1, 3), Cells = 9, CellsWithMask = 2, CleanableCellsCount = 0 }
{ Mask = 24, Description = block (3, 1), Cells = 9, CellsWithMask = 2, CleanableCellsCount = 0 }
{ Mask = 24, Description = block (3, 3), Cells = 9, CellsWithMask = 2, CleanableCellsCount = 0 }
{ Mask = 26, Description = column #8, Cells = 9, CellsWithMask = 4, CleanableCellsCount = 0 }
{ Mask = 28, Description = column #3, Cells = 9, CellsWithMask = 4, CleanableCellsCount = 0 }
{ Mask = 28, Description = column #8, Cells = 9, CellsWithMask = 4, CleanableCellsCount = 0 }
{ Mask = 30, Description = column #8, Cells = 9, CellsWithMask = 4, CleanableCellsCount = 0 }
{ Mask = 258, Description = row #4, Cells = 9, CellsWithMask = 3, CleanableCellsCount = 0 }
{ Mask = 258, Description = row #5, Cells = 9, CellsWithMask = 3, CleanableCellsCount = 0 }
{ Mask = 258, Description = column #5, Cells = 9, CellsWithMask = 2, CleanableCellsCount = 0 }
{ Mask = 258, Description = block (2, 2), Cells = 9, CellsWithMask = 2, CleanableCellsCount = 0 }
{ Mask = 260, Description = row #4, Cells = 9, CellsWithMask = 3, CleanableCellsCount = 0 }
{ Mask = 260, Description = row #5, Cells = 9, CellsWithMask = 3, CleanableCellsCount = 0 }
{ Mask = 260, Description = column #3, Cells = 9, CellsWithMask = 2, CleanableCellsCount = 0 }
{ Mask = 260, Description = block (2, 1), Cells = 9, CellsWithMask = 2, CleanableCellsCount = 0 }
{ Mask = 262, Description = row #4, Cells = 9, CellsWithMask = 3, CleanableCellsCount = 0 }
{ Mask = 262, Description = row #5, Cells = 9, CellsWithMask = 3, CleanableCellsCount = 0 }
{ Mask = 264, Description = column #3, Cells = 9, CellsWithMask = 4, CleanableCellsCount = 0 }
{ Mask = 268, Description = column #3, Cells = 9, CellsWithMask = 4, CleanableCellsCount = 0 }
{ Mask = 272, Description = column #3, Cells = 9, CellsWithMask = 4, CleanableCellsCount = 0 }
{ Mask = 276, Description = column #3, Cells = 9, CellsWithMask = 4, CleanableCellsCount = 0 }
{ Mask = 280, Description = column #3, Cells = 9, CellsWithMask = 4, CleanableCellsCount = 0 }
{ Mask = 284, Description = column #3, Cells = 9, CellsWithMask = 4, CleanableCellsCount = 0 }

---------------------

