
Final look of the solved board:
+---+---+---+
|358|419|267|
|629|738|145|
|471|625|983|
+---+---+---+
|143|956|872|
|285|173|694|
|967|842|531|
+---+---+---+
|536|294|718|
|814|567|329|
|792|381|456|
+---+---+---+

Starting look of the board to solve:
+---+---+---+
|.58|.19|2.7|
|..9|...|...|
|.7.|6..|.8.|
+---+---+---+
|14.|...|.7.|
|...|1..|..4|
|.67|.42|5..|
+---+---+---+
|53.|294|71.|
|.1.|5..|...|
|...|...|..6|
+---+---+---+

================================================================================

(7, 3) can only contain 6
(7, 9) can only contain 8
(2, 2) can only contain 2
Row #6 can contain 1 only at (6, 9).
Block (3, 2) can contain 1 only at (9, 6).
Row #9 can contain 5 only at (9, 8).
Block (1, 2) can contain 2 only at (3, 5).
Row #2 can contain 1 only at (2, 7).
Block (1, 1) can contain 1 only at (3, 3).

