
Final look of the solved board:
+---+---+---+
|952|137|648|
|346|829|157|
|178|654|392|
+---+---+---+
|594|268|731|
|817|395|264|
|263|471|589|
+---+---+---+
|639|742|815|
|785|916|423|
|421|583|976|
+---+---+---+

Starting look of the board to solve:
+---+---+---+
|.52|.37|..8|
|...|..9|...|
|1..|6..|.92|
+---+---+---+
|...|...|73.|
|.17|.9.|..4|
|..3|4.1|...|
+---+---+---+
|.39|...|.15|
|...|916|.2.|
|42.|...|.7.|
+---+---+---+

================================================================================

(8, 9) can only contain 3.
+---+---+---+
|.52|.37|..8|
|...|..9|...|
|1..|6..|.92|
+---+---+---+
|...|...|73.|
|.17|.9.|..4|
|..3|4.1|...|
+---+---+---+
|.39|...|.15|
|...|916|.23|
|42.|...|.7.|
+---+---+---+
Code: 052037008000009000100600092000000730017090004003401000039000015000916023420000070

(1, 4) can only contain 1.
+---+---+---+
|.52|137|..8|
|...|..9|...|
|1..|6..|.92|
+---+---+---+
|...|...|73.|
|.17|.9.|..4|
|..3|4.1|...|
+---+---+---+
|.39|...|.15|
|...|916|.23|
|42.|...|.7.|
+---+---+---+
Code: 052137008000009000100600092000000730017090004003401000039000015000916023420000070

Block (3, 1) can contain 1 only at (9, 3).
+---+---+---+
|.52|137|..8|
|...|..9|...|
|1..|6..|.92|
+---+---+---+
|...|...|73.|
|.17|.9.|..4|
|..3|4.1|...|
+---+---+---+
|.39|...|.15|
|...|916|.23|
|421|...|.7.|
+---+---+---+
Code: 052137008000009000100600092000000730017090004003401000039000015000916023421000070

Block (2, 3) can contain 1 only at (4, 9).
+---+---+---+
|.52|137|..8|
|...|..9|...|
|1..|6..|.92|
+---+---+---+
|...|...|731|
|.17|.9.|..4|
|..3|4.1|...|
+---+---+---+
|.39|...|.15|
|...|916|.23|
|421|...|.7.|
+---+---+---+
Code: 052137008000009000100600092000000731017090004003401000039000015000916023421000070

Row #3 can contain 7 only at (3, 2).
+---+---+---+
|.52|137|..8|
|...|..9|...|
|17.|6..|.92|
+---+---+---+
|...|...|731|
|.17|.9.|..4|
|..3|4.1|...|
+---+---+---+
|.39|...|.15|
|...|916|.23|
|421|...|.7.|
+---+---+---+
Code: 052137008000009000170600092000000731017090004003401000039000015000916023421000070

(8, 2) can only contain 8.
+---+---+---+
|.52|137|..8|
|...|..9|...|
|17.|6..|.92|
+---+---+---+
|...|...|731|
|.17|.9.|..4|
|..3|4.1|...|
+---+---+---+
|.39|...|.15|
|.8.|916|.23|
|421|...|.7.|
+---+---+---+
Code: 052137008000009000170600092000000731017090004003401000039000015080916023421000070

(8, 7) can only contain 4.
+---+---+---+
|.52|137|..8|
|...|..9|...|
|17.|6..|.92|
+---+---+---+
|...|...|731|
|.17|.9.|..4|
|..3|4.1|...|
+---+---+---+
|.39|...|.15|
|.8.|916|423|
|421|...|.7.|
+---+---+---+
Code: 052137008000009000170600092000000731017090004003401000039000015080916423421000070

(8, 3) can only contain 5.
+---+---+---+
|.52|137|..8|
|...|..9|...|
|17.|6..|.92|
+---+---+---+
|...|...|731|
|.17|.9.|..4|
|..3|4.1|...|
+---+---+---+
|.39|...|.15|
|.85|916|423|
|421|...|.7.|
+---+---+---+
Code: 052137008000009000170600092000000731017090004003401000039000015085916423421000070

(8, 1) can only contain 7.
+---+---+---+
|.52|137|..8|
|...|..9|...|
|17.|6..|.92|
+---+---+---+
|...|...|731|
|.17|.9.|..4|
|..3|4.1|...|
+---+---+---+
|.39|...|.15|
|785|916|423|
|421|...|.7.|
+---+---+---+
Code: 052137008000009000170600092000000731017090004003401000039000015785916423421000070

(7, 1) can only contain 6.
+---+---+---+
|.52|137|..8|
|...|..9|...|
|17.|6..|.92|
+---+---+---+
|...|...|731|
|.17|.9.|..4|
|..3|4.1|...|
+---+---+---+
|639|...|.15|
|785|916|423|
|421|...|.7.|
+---+---+---+
Code: 052137008000009000170600092000000731017090004003401000639000015785916423421000070

(1, 1) can only contain 9.
+---+---+---+
|952|137|..8|
|...|..9|...|
|17.|6..|.92|
+---+---+---+
|...|...|731|
|.17|.9.|..4|
|..3|4.1|...|
+---+---+---+
|639|...|.15|
|785|916|423|
|421|...|.7.|
+---+---+---+
Code: 952137008000009000170600092000000731017090004003401000639000015785916423421000070

(7, 7) can only contain 8.
+---+---+---+
|952|137|..8|
|...|..9|...|
|17.|6..|.92|
+---+---+---+
|...|...|731|
|.17|.9.|..4|
|..3|4.1|...|
+---+---+---+
|639|...|815|
|785|916|423|
|421|...|.7.|
+---+---+---+
Code: 952137008000009000170600092000000731017090004003401000639000815785916423421000070

(1, 7) can only contain 6.
+---+---+---+
|952|137|6.8|
|...|..9|...|
|17.|6..|.92|
+---+---+---+
|...|...|731|
|.17|.9.|..4|
|..3|4.1|...|
+---+---+---+
|639|...|815|
|785|916|423|
|421|...|.7.|
+---+---+---+
Code: 952137608000009000170600092000000731017090004003401000639000815785916423421000070

(2, 9) can only contain 7.
+---+---+---+
|952|137|6.8|
|...|..9|..7|
|17.|6..|.92|
+---+---+---+
|...|...|731|
|.17|.9.|..4|
|..3|4.1|...|
+---+---+---+
|639|...|815|
|785|916|423|
|421|...|.7.|
+---+---+---+
Code: 952137608000009007170600092000000731017090004003401000639000815785916423421000070

(1, 8) can only contain 4.
+---+---+---+
|952|137|648|
|...|..9|..7|
|17.|6..|.92|
+---+---+---+
|...|...|731|
|.17|.9.|..4|
|..3|4.1|...|
+---+---+---+
|639|...|815|
|785|916|423|
|421|...|.7.|
+---+---+---+
Code: 952137648000009007170600092000000731017090004003401000639000815785916423421000070

(2, 8) can only contain 5.
+---+---+---+
|952|137|648|
|...|..9|.57|
|17.|6..|.92|
+---+---+---+
|...|...|731|
|.17|.9.|..4|
|..3|4.1|...|
+---+---+---+
|639|...|815|
|785|916|423|
|421|...|.7.|
+---+---+---+
Code: 952137648000009057170600092000000731017090004003401000639000815785916423421000070

(9, 7) can only contain 9.
+---+---+---+
|952|137|648|
|...|..9|.57|
|17.|6..|.92|
+---+---+---+
|...|...|731|
|.17|.9.|..4|
|..3|4.1|...|
+---+---+---+
|639|...|815|
|785|916|423|
|421|...|97.|
+---+---+---+
Code: 952137648000009057170600092000000731017090004003401000639000815785916423421000970

(3, 7) can only contain 3.
+---+---+---+
|952|137|648|
|...|..9|.57|
|17.|6..|392|
+---+---+---+
|...|...|731|
|.17|.9.|..4|
|..3|4.1|...|
+---+---+---+
|639|...|815|
|785|916|423|
|421|...|97.|
+---+---+---+
Code: 952137648000009057170600392000000731017090004003401000639000815785916423421000970

(9, 9) can only contain 6.
+---+---+---+
|952|137|648|
|...|..9|.57|
|17.|6..|392|
+---+---+---+
|...|...|731|
|.17|.9.|..4|
|..3|4.1|...|
+---+---+---+
|639|...|815|
|785|916|423|
|421|...|976|
+---+---+---+
Code: 952137648000009057170600392000000731017090004003401000639000815785916423421000976

(6, 9) can only contain 9.
+---+---+---+
|952|137|648|
|...|..9|.57|
|17.|6..|392|
+---+---+---+
|...|...|731|
|.17|.9.|..4|
|..3|4.1|..9|
+---+---+---+
|639|...|815|
|785|916|423|
|421|...|976|
+---+---+---+
Code: 952137648000009057170600392000000731017090004003401009639000815785916423421000976

(2, 7) can only contain 1.
+---+---+---+
|952|137|648|
|...|..9|157|
|17.|6..|392|
+---+---+---+
|...|...|731|
|.17|.9.|..4|
|..3|4.1|..9|
+---+---+---+
|639|...|815|
|785|916|423|
|421|...|976|
+---+---+---+
Code: 952137648000009157170600392000000731017090004003401009639000815785916423421000976

(6, 2) can only contain 6.
+---+---+---+
|952|137|648|
|...|..9|157|
|17.|6..|392|
+---+---+---+
|...|...|731|
|.17|.9.|..4|
|.63|4.1|..9|
+---+---+---+
|639|...|815|
|785|916|423|
|421|...|976|
+---+---+---+
Code: 952137648000009157170600392000000731017090004063401009639000815785916423421000976

(2, 2) can only contain 4.
+---+---+---+
|952|137|648|
|.4.|..9|157|
|17.|6..|392|
+---+---+---+
|...|...|731|
|.17|.9.|..4|
|.63|4.1|..9|
+---+---+---+
|639|...|815|
|785|916|423|
|421|...|976|
+---+---+---+
Code: 952137648040009157170600392000000731017090004063401009639000815785916423421000976

(3, 3) can only contain 8.
+---+---+---+
|952|137|648|
|.4.|..9|157|
|178|6..|392|
+---+---+---+
|...|...|731|
|.17|.9.|..4|
|.63|4.1|..9|
+---+---+---+
|639|...|815|
|785|916|423|
|421|...|976|
+---+---+---+
Code: 952137648040009157178600392000000731017090004063401009639000815785916423421000976

(2, 1) can only contain 3.
+---+---+---+
|952|137|648|
|34.|..9|157|
|178|6..|392|
+---+---+---+
|...|...|731|
|.17|.9.|..4|
|.63|4.1|..9|
+---+---+---+
|639|...|815|
|785|916|423|
|421|...|976|
+---+---+---+
Code: 952137648340009157178600392000000731017090004063401009639000815785916423421000976

(6, 8) can only contain 8.
+---+---+---+
|952|137|648|
|34.|..9|157|
|178|6..|392|
+---+---+---+
|...|...|731|
|.17|.9.|..4|
|.63|4.1|.89|
+---+---+---+
|639|...|815|
|785|916|423|
|421|...|976|
+---+---+---+
Code: 952137648340009157178600392000000731017090004063401089639000815785916423421000976

(4, 3) can only contain 4.
+---+---+---+
|952|137|648|
|34.|..9|157|
|178|6..|392|
+---+---+---+
|..4|...|731|
|.17|.9.|..4|
|.63|4.1|.89|
+---+---+---+
|639|...|815|
|785|916|423|
|421|...|976|
+---+---+---+
Code: 952137648340009157178600392004000731017090004063401089639000815785916423421000976

(5, 8) can only contain 6.
+---+---+---+
|952|137|648|
|34.|..9|157|
|178|6..|392|
+---+---+---+
|..4|...|731|
|.17|.9.|.64|
|.63|4.1|.89|
+---+---+---+
|639|...|815|
|785|916|423|
|421|...|976|
+---+---+---+
Code: 952137648340009157178600392004000731017090064063401089639000815785916423421000976

(2, 3) can only contain 6.
+---+---+---+
|952|137|648|
|346|..9|157|
|178|6..|392|
+---+---+---+
|..4|...|731|
|.17|.9.|.64|
|.63|4.1|.89|
+---+---+---+
|639|...|815|
|785|916|423|
|421|...|976|
+---+---+---+
Code: 952137648346009157178600392004000731017090064063401089639000815785916423421000976

(4, 2) can only contain 9.
+---+---+---+
|952|137|648|
|346|..9|157|
|178|6..|392|
+---+---+---+
|.94|...|731|
|.17|.9.|.64|
|.63|4.1|.89|
+---+---+---+
|639|...|815|
|785|916|423|
|421|...|976|
+---+---+---+
Code: 952137648346009157178600392094000731017090064063401089639000815785916423421000976

Block (2, 2) can contain 6 only at (4, 5).
+---+---+---+
|952|137|648|
|346|..9|157|
|178|6..|392|
+---+---+---+
|.94|.6.|731|
|.17|.9.|.64|
|.63|4.1|.89|
+---+---+---+
|639|...|815|
|785|916|423|
|421|...|976|
+---+---+---+
Code: 952137648346009157178600392094060731017090064063401089639000815785916423421000976

Column #4 can contain 7 only at (7, 4).
+---+---+---+
|952|137|648|
|346|..9|157|
|178|6..|392|
+---+---+---+
|.94|.6.|731|
|.17|.9.|.64|
|.63|4.1|.89|
+---+---+---+
|639|7..|815|
|785|916|423|
|421|...|976|
+---+---+---+
Code: 952137648346009157178600392094060731017090064063401089639700815785916423421000976

Block (2, 2) can contain 7 only at (6, 5).
+---+---+---+
|952|137|648|
|346|..9|157|
|178|6..|392|
+---+---+---+
|.94|.6.|731|
|.17|.9.|.64|
|.63|471|.89|
+---+---+---+
|639|7..|815|
|785|916|423|
|421|...|976|
+---+---+---+
Code: 952137648346009157178600392094060731017090064063471089639700815785916423421000976


---------------------
{ Mask = 6, Description = row #5, Cells = 9, CellsWithMask = 4, CleanableCellsCount = 0 }
{ Mask = 6, Description = column #4, Cells = 9, CellsWithMask = 4, CleanableCellsCount = 0 }
{ Mask = 6, Description = column #6, Cells = 9, CellsWithMask = 4, CleanableCellsCount = 0 }
{ Mask = 6, Description = block (2, 2), Cells = 9, CellsWithMask = 4, CleanableCellsCount = 0 }
{ Mask = 6, Description = block (3, 2), Cells = 9, CellsWithMask = 4, CleanableCellsCount = 0 }
{ Mask = 10, Description = row #7, Cells = 9, CellsWithMask = 2, CleanableCellsCount = 0 }
{ Mask = 10, Description = column #5, Cells = 9, CellsWithMask = 3, CleanableCellsCount = 0 }
{ Mask = 10, Description = column #6, Cells = 9, CellsWithMask = 4, CleanableCellsCount = 0 }
{ Mask = 10, Description = block (1, 2), Cells = 9, CellsWithMask = 4, CleanableCellsCount = 0 }
{ Mask = 10, Description = block (3, 2), Cells = 9, CellsWithMask = 2, CleanableCellsCount = 0 }
{ Mask = 12, Description = column #6, Cells = 9, CellsWithMask = 4, CleanableCellsCount = 0 }
{ Mask = 12, Description = block (3, 2), Cells = 9, CellsWithMask = 4, CleanableCellsCount = 0 }
{ Mask = 14, Description = column #6, Cells = 9, CellsWithMask = 5, CleanableCellsCount = 0 }
{ Mask = 14, Description = block (3, 2), Cells = 9, CellsWithMask = 4, CleanableCellsCount = 0 }
{ Mask = 18, Description = row #4, Cells = 9, CellsWithMask = 3, CleanableCellsCount = 0 }
{ Mask = 18, Description = row #5, Cells = 9, CellsWithMask = 4, CleanableCellsCount = 0 }
{ Mask = 18, Description = row #6, Cells = 9, CellsWithMask = 2, CleanableCellsCount = 0 }
{ Mask = 18, Description = column #1, Cells = 9, CellsWithMask = 3, CleanableCellsCount = 0 }
{ Mask = 18, Description = column #4, Cells = 9, CellsWithMask = 4, CleanableCellsCount = 0 }
{ Mask = 18, Description = column #5, Cells = 9, CellsWithMask = 4, CleanableCellsCount = 0 }
{ Mask = 18, Description = column #6, Cells = 9, CellsWithMask = 5, CleanableCellsCount = 0 }
{ Mask = 18, Description = column #7, Cells = 9, CellsWithMask = 2, CleanableCellsCount = 0 }
{ Mask = 18, Description = block (1, 2), Cells = 9, CellsWithMask = 4, CleanableCellsCount = 0 }
{ Mask = 18, Description = block (2, 1), Cells = 9, CellsWithMask = 3, CleanableCellsCount = 0 }
{ Mask = 18, Description = block (2, 2), Cells = 9, CellsWithMask = 4, CleanableCellsCount = 0 }
{ Mask = 18, Description = block (2, 3), Cells = 9, CellsWithMask = 2, CleanableCellsCount = 0 }
{ Mask = 18, Description = block (3, 2), Cells = 9, CellsWithMask = 5, CleanableCellsCount = 0 }
{ Mask = 20, Description = row #5, Cells = 9, CellsWithMask = 4, CleanableCellsCount = 0 }
{ Mask = 20, Description = row #9, Cells = 9, CellsWithMask = 3, CleanableCellsCount = 0 }
{ Mask = 20, Description = column #4, Cells = 9, CellsWithMask = 3, CleanableCellsCount = 0 }
{ Mask = 20, Description = column #6, Cells = 9, CellsWithMask = 4, CleanableCellsCount = 0 }
{ Mask = 20, Description = block (2, 2), Cells = 9, CellsWithMask = 4, CleanableCellsCount = 0 }
{ Mask = 20, Description = block (3, 2), Cells = 9, CellsWithMask = 3, CleanableCellsCount = 0 }
{ Mask = 22, Description = row #5, Cells = 9, CellsWithMask = 4, CleanableCellsCount = 0 }
{ Mask = 22, Description = column #4, Cells = 9, CellsWithMask = 4, CleanableCellsCount = 0 }
{ Mask = 22, Description = column #6, Cells = 9, CellsWithMask = 5, CleanableCellsCount = 0 }
{ Mask = 22, Description = block (2, 2), Cells = 9, CellsWithMask = 4, CleanableCellsCount = 0 }
{ Mask = 22, Description = block (3, 2), Cells = 9, CellsWithMask = 5, CleanableCellsCount = 0 }
{ Mask = 24, Description = row #3, Cells = 9, CellsWithMask = 2, CleanableCellsCount = 0 }
{ Mask = 24, Description = column #5, Cells = 9, CellsWithMask = 3, CleanableCellsCount = 0 }
{ Mask = 24, Description = column #6, Cells = 9, CellsWithMask = 5, CleanableCellsCount = 0 }
{ Mask = 24, Description = block (1, 2), Cells = 9, CellsWithMask = 2, CleanableCellsCount = 0 }
{ Mask = 24, Description = block (3, 2), Cells = 9, CellsWithMask = 5, CleanableCellsCount = 0 }
{ Mask = 26, Description = column #5, Cells = 9, CellsWithMask = 4, CleanableCellsCount = 0 }
{ Mask = 26, Description = column #6, Cells = 9, CellsWithMask = 5, CleanableCellsCount = 0 }
{ Mask = 26, Description = block (1, 2), Cells = 9, CellsWithMask = 4, CleanableCellsCount = 0 }
{ Mask = 26, Description = block (3, 2), Cells = 9, CellsWithMask = 5, CleanableCellsCount = 0 }
{ Mask = 28, Description = column #6, Cells = 9, CellsWithMask = 5, CleanableCellsCount = 0 }
{ Mask = 28, Description = block (3, 2), Cells = 9, CellsWithMask = 5, CleanableCellsCount = 0 }
{ Mask = 30, Description = column #6, Cells = 9, CellsWithMask = 5, CleanableCellsCount = 0 }
{ Mask = 30, Description = block (3, 2), Cells = 9, CellsWithMask = 5, CleanableCellsCount = 0 }
{ Mask = 130, Description = row #2, Cells = 9, CellsWithMask = 2, CleanableCellsCount = 0 }
{ Mask = 130, Description = row #4, Cells = 9, CellsWithMask = 3, CleanableCellsCount = 0 }
{ Mask = 130, Description = row #5, Cells = 9, CellsWithMask = 4, CleanableCellsCount = 0 }
{ Mask = 130, Description = column #1, Cells = 9, CellsWithMask = 3, CleanableCellsCount = 0 }
{ Mask = 130, Description = column #4, Cells = 9, CellsWithMask = 4, CleanableCellsCount = 0 }
{ Mask = 130, Description = column #5, Cells = 9, CellsWithMask = 3, CleanableCellsCount = 0 }
{ Mask = 130, Description = column #6, Cells = 9, CellsWithMask = 4, CleanableCellsCount = 0 }
{ Mask = 130, Description = block (1, 2), Cells = 9, CellsWithMask = 2, CleanableCellsCount = 0 }
{ Mask = 130, Description = block (2, 1), Cells = 9, CellsWithMask = 3, CleanableCellsCount = 0 }
{ Mask = 130, Description = block (2, 2), Cells = 9, CellsWithMask = 4, CleanableCellsCount = 0 }
{ Mask = 130, Description = block (3, 2), Cells = 9, CellsWithMask = 5, CleanableCellsCount = 0 }
{ Mask = 132, Description = row #5, Cells = 9, CellsWithMask = 3, CleanableCellsCount = 0 }
{ Mask = 132, Description = row #9, Cells = 9, CellsWithMask = 3, CleanableCellsCount = 0 }
{ Mask = 132, Description = column #4, Cells = 9, CellsWithMask = 4, CleanableCellsCount = 0 }
{ Mask = 132, Description = column #6, Cells = 9, CellsWithMask = 3, CleanableCellsCount = 0 }
{ Mask = 132, Description = block (2, 2), Cells = 9, CellsWithMask = 4, CleanableCellsCount = 0 }
{ Mask = 132, Description = block (3, 2), Cells = 9, CellsWithMask = 3, CleanableCellsCount = 0 }
{ Mask = 134, Description = row #5, Cells = 9, CellsWithMask = 4, CleanableCellsCount = 0 }
{ Mask = 134, Description = column #4, Cells = 9, CellsWithMask = 4, CleanableCellsCount = 0 }
{ Mask = 134, Description = column #6, Cells = 9, CellsWithMask = 4, CleanableCellsCount = 0 }
{ Mask = 134, Description = block (2, 2), Cells = 9, CellsWithMask = 4, CleanableCellsCount = 0 }
{ Mask = 134, Description = block (3, 2), Cells = 9, CellsWithMask = 5, CleanableCellsCount = 0 }
{ Mask = 136, Description = column #5, Cells = 9, CellsWithMask = 4, CleanableCellsCount = 0 }
{ Mask = 136, Description = column #6, Cells = 9, CellsWithMask = 5, CleanableCellsCount = 0 }
{ Mask = 136, Description = block (1, 2), Cells = 9, CellsWithMask = 4, CleanableCellsCount = 0 }
{ Mask = 136, Description = block (3, 2), Cells = 9, CellsWithMask = 5, CleanableCellsCount = 0 }
{ Mask = 138, Description = column #5, Cells = 9, CellsWithMask = 4, CleanableCellsCount = 0 }
{ Mask = 138, Description = column #6, Cells = 9, CellsWithMask = 5, CleanableCellsCount = 0 }
{ Mask = 138, Description = block (1, 2), Cells = 9, CellsWithMask = 4, CleanableCellsCount = 0 }
{ Mask = 138, Description = block (3, 2), Cells = 9, CellsWithMask = 5, CleanableCellsCount = 0 }
{ Mask = 140, Description = column #6, Cells = 9, CellsWithMask = 5, CleanableCellsCount = 0 }
{ Mask = 140, Description = block (3, 2), Cells = 9, CellsWithMask = 5, CleanableCellsCount = 0 }
{ Mask = 142, Description = column #6, Cells = 9, CellsWithMask = 5, CleanableCellsCount = 0 }
{ Mask = 142, Description = block (3, 2), Cells = 9, CellsWithMask = 5, CleanableCellsCount = 0 }
{ Mask = 144, Description = row #4, Cells = 9, CellsWithMask = 3, CleanableCellsCount = 0 }
{ Mask = 144, Description = row #5, Cells = 9, CellsWithMask = 4, CleanableCellsCount = 0 }
{ Mask = 144, Description = row #9, Cells = 9, CellsWithMask = 3, CleanableCellsCount = 0 }
{ Mask = 144, Description = column #1, Cells = 9, CellsWithMask = 3, CleanableCellsCount = 0 }
{ Mask = 144, Description = column #4, Cells = 9, CellsWithMask = 4, CleanableCellsCount = 0 }
{ Mask = 144, Description = column #5, Cells = 9, CellsWithMask = 3, CleanableCellsCount = 0 }
{ Mask = 144, Description = column #6, Cells = 9, CellsWithMask = 4, CleanableCellsCount = 0 }
{ Mask = 144, Description = block (1, 2), Cells = 9, CellsWithMask = 4, CleanableCellsCount = 0 }
{ Mask = 144, Description = block (2, 1), Cells = 9, CellsWithMask = 3, CleanableCellsCount = 0 }
{ Mask = 144, Description = block (2, 2), Cells = 9, CellsWithMask = 4, CleanableCellsCount = 0 }
{ Mask = 144, Description = block (3, 2), Cells = 9, CellsWithMask = 3, CleanableCellsCount = 0 }
{ Mask = 146, Description = row #4, Cells = 9, CellsWithMask = 3, CleanableCellsCount = 0 }
{ Mask = 146, Description = row #5, Cells = 9, CellsWithMask = 4, CleanableCellsCount = 0 }
{ Mask = 146, Description = column #1, Cells = 9, CellsWithMask = 3, CleanableCellsCount = 0 }
{ Mask = 146, Description = column #4, Cells = 9, CellsWithMask = 4, CleanableCellsCount = 0 }
{ Mask = 146, Description = column #5, Cells = 9, CellsWithMask = 4, CleanableCellsCount = 0 }
{ Mask = 146, Description = column #6, Cells = 9, CellsWithMask = 5, CleanableCellsCount = 0 }
{ Mask = 146, Description = block (1, 2), Cells = 9, CellsWithMask = 4, CleanableCellsCount = 0 }
{ Mask = 146, Description = block (2, 1), Cells = 9, CellsWithMask = 3, CleanableCellsCount = 0 }
{ Mask = 146, Description = block (2, 2), Cells = 9, CellsWithMask = 4, CleanableCellsCount = 0 }
{ Mask = 146, Description = block (3, 2), Cells = 9, CellsWithMask = 5, CleanableCellsCount = 0 }
{ Mask = 148, Description = row #5, Cells = 9, CellsWithMask = 4, CleanableCellsCount = 0 }
{ Mask = 148, Description = row #9, Cells = 9, CellsWithMask = 3, CleanableCellsCount = 0 }
{ Mask = 148, Description = column #4, Cells = 9, CellsWithMask = 4, CleanableCellsCount = 0 }
{ Mask = 148, Description = column #6, Cells = 9, CellsWithMask = 4, CleanableCellsCount = 0 }
{ Mask = 148, Description = block (2, 2), Cells = 9, CellsWithMask = 4, CleanableCellsCount = 0 }
{ Mask = 148, Description = block (3, 2), Cells = 9, CellsWithMask = 3, CleanableCellsCount = 0 }
{ Mask = 150, Description = row #5, Cells = 9, CellsWithMask = 4, CleanableCellsCount = 0 }
{ Mask = 150, Description = column #4, Cells = 9, CellsWithMask = 4, CleanableCellsCount = 0 }
{ Mask = 150, Description = column #6, Cells = 9, CellsWithMask = 5, CleanableCellsCount = 0 }
{ Mask = 150, Description = block (2, 2), Cells = 9, CellsWithMask = 4, CleanableCellsCount = 0 }
{ Mask = 150, Description = block (3, 2), Cells = 9, CellsWithMask = 5, CleanableCellsCount = 0 }
{ Mask = 152, Description = column #5, Cells = 9, CellsWithMask = 4, CleanableCellsCount = 0 }
{ Mask = 152, Description = column #6, Cells = 9, CellsWithMask = 5, CleanableCellsCount = 0 }
{ Mask = 152, Description = block (1, 2), Cells = 9, CellsWithMask = 4, CleanableCellsCount = 0 }
{ Mask = 152, Description = block (3, 2), Cells = 9, CellsWithMask = 5, CleanableCellsCount = 0 }
{ Mask = 154, Description = column #5, Cells = 9, CellsWithMask = 4, CleanableCellsCount = 0 }
{ Mask = 154, Description = column #6, Cells = 9, CellsWithMask = 5, CleanableCellsCount = 0 }
{ Mask = 154, Description = block (1, 2), Cells = 9, CellsWithMask = 4, CleanableCellsCount = 0 }
{ Mask = 154, Description = block (3, 2), Cells = 9, CellsWithMask = 5, CleanableCellsCount = 0 }
{ Mask = 156, Description = column #6, Cells = 9, CellsWithMask = 5, CleanableCellsCount = 0 }
{ Mask = 156, Description = block (3, 2), Cells = 9, CellsWithMask = 5, CleanableCellsCount = 0 }
{ Mask = 158, Description = column #6, Cells = 9, CellsWithMask = 5, CleanableCellsCount = 0 }
{ Mask = 158, Description = block (3, 2), Cells = 9, CellsWithMask = 5, CleanableCellsCount = 0 }

---------------------

