
Final look of the solved board:
+---+---+---+
|582|914|763|
|349|675|128|
|671|328|954|
+---+---+---+
|235|487|619|
|416|539|287|
|798|261|435|
+---+---+---+
|864|193|572|
|157|842|396|
|923|756|841|
+---+---+---+

Starting look of the board to solve:
+---+---+---+
|..2|...|.63|
|3.9|.75|...|
|...|3.8|..4|
+---+---+---+
|.35|..7|6..|
|.1.|5..|28.|
|...|2..|.3.|
+---+---+---+
|..4|..3|..2|
|1.7|8..|.9.|
|..3|7..|8..|
+---+---+---+

================================================================================

(5, 3) can only contain 6.
+---+---+---+
|..2|...|.63|
|3.9|.75|...|
|...|3.8|..4|
+---+---+---+
|.35|..7|6..|
|.16|5..|28.|
|...|2..|.3.|
+---+---+---+
|..4|..3|..2|
|1.7|8..|.9.|
|..3|7..|8..|
+---+---+---+
Code: 002000063309075000000308004035007600016500280000200030004003002107800090003700800

(2, 7) can only contain 1.
+---+---+---+
|..2|...|.63|
|3.9|.75|1..|
|...|3.8|..4|
+---+---+---+
|.35|..7|6..|
|.16|5..|28.|
|...|2..|.3.|
+---+---+---+
|..4|..3|..2|
|1.7|8..|.9.|
|..3|7..|8..|
+---+---+---+
Code: 002000063309075100000308004035007600016500280000200030004003002107800090003700800

(3, 3) can only contain 1.
+---+---+---+
|..2|...|.63|
|3.9|.75|1..|
|..1|3.8|..4|
+---+---+---+
|.35|..7|6..|
|.16|5..|28.|
|...|2..|.3.|
+---+---+---+
|..4|..3|..2|
|1.7|8..|.9.|
|..3|7..|8..|
+---+---+---+
Code: 002000063309075100001308004035007600016500280000200030004003002107800090003700800

(6, 3) can only contain 8.
+---+---+---+
|..2|...|.63|
|3.9|.75|1..|
|..1|3.8|..4|
+---+---+---+
|.35|..7|6..|
|.16|5..|28.|
|..8|2..|.3.|
+---+---+---+
|..4|..3|..2|
|1.7|8..|.9.|
|..3|7..|8..|
+---+---+---+
Code: 002000063309075100001308004035007600016500280008200030004003002107800090003700800

(2, 8) can only contain 2.
+---+---+---+
|..2|...|.63|
|3.9|.75|12.|
|..1|3.8|..4|
+---+---+---+
|.35|..7|6..|
|.16|5..|28.|
|..8|2..|.3.|
+---+---+---+
|..4|..3|..2|
|1.7|8..|.9.|
|..3|7..|8..|
+---+---+---+
Code: 002000063309075120001308004035007600016500280008200030004003002107800090003700800

(2, 9) can only contain 8.
+---+---+---+
|..2|...|.63|
|3.9|.75|128|
|..1|3.8|..4|
+---+---+---+
|.35|..7|6..|
|.16|5..|28.|
|..8|2..|.3.|
+---+---+---+
|..4|..3|..2|
|1.7|8..|.9.|
|..3|7..|8..|
+---+---+---+
Code: 002000063309075128001308004035007600016500280008200030004003002107800090003700800

Row #8 can contain 3 only at (8, 7).
+---+---+---+
|..2|...|.63|
|3.9|.75|128|
|..1|3.8|..4|
+---+---+---+
|.35|..7|6..|
|.16|5..|28.|
|..8|2..|.3.|
+---+---+---+
|..4|..3|..2|
|1.7|8..|39.|
|..3|7..|8..|
+---+---+---+
Code: 002000063309075128001308004035007600016500280008200030004003002107800390003700800

Column #5 can contain 3 only at (5, 5).
+---+---+---+
|..2|...|.63|
|3.9|.75|128|
|..1|3.8|..4|
+---+---+---+
|.35|..7|6..|
|.16|53.|28.|
|..8|2..|.3.|
+---+---+---+
|..4|..3|..2|
|1.7|8..|39.|
|..3|7..|8..|
+---+---+---+
Code: 002000063309075128001308004035007600016530280008200030004003002107800390003700800

Row #4 can contain 8 only at (4, 5).
+---+---+---+
|..2|...|.63|
|3.9|.75|128|
|..1|3.8|..4|
+---+---+---+
|.35|.87|6..|
|.16|53.|28.|
|..8|2..|.3.|
+---+---+---+
|..4|..3|..2|
|1.7|8..|39.|
|..3|7..|8..|
+---+---+---+
Code: 002000063309075128001308004035087600016530280008200030004003002107800390003700800

Row #3 can contain 2 only at (3, 5).
+---+---+---+
|..2|...|.63|
|3.9|.75|128|
|..1|328|..4|
+---+---+---+
|.35|.87|6..|
|.16|53.|28.|
|..8|2..|.3.|
+---+---+---+
|..4|..3|..2|
|1.7|8..|39.|
|..3|7..|8..|
+---+---+---+
Code: 002000063309075128001328004035087600016530280008200030004003002107800390003700800

Block (1, 2) can contain 6 only at (2, 4).
+---+---+---+
|..2|...|.63|
|3.9|675|128|
|..1|328|..4|
+---+---+---+
|.35|.87|6..|
|.16|53.|28.|
|..8|2..|.3.|
+---+---+---+
|..4|..3|..2|
|1.7|8..|39.|
|..3|7..|8..|
+---+---+---+
Code: 002000063309675128001328004035087600016530280008200030004003002107800390003700800

(2, 2) can only contain 4.
+---+---+---+
|..2|...|.63|
|349|675|128|
|..1|328|..4|
+---+---+---+
|.35|.87|6..|
|.16|53.|28.|
|..8|2..|.3.|
+---+---+---+
|..4|..3|..2|
|1.7|8..|39.|
|..3|7..|8..|
+---+---+---+
Code: 002000063349675128001328004035087600016530280008200030004003002107800390003700800

Row #3 can contain 9 only at (3, 7).
+---+---+---+
|..2|...|.63|
|349|675|128|
|..1|328|9.4|
+---+---+---+
|.35|.87|6..|
|.16|53.|28.|
|..8|2..|.3.|
+---+---+---+
|..4|..3|..2|
|1.7|8..|39.|
|..3|7..|8..|
+---+---+---+
Code: 002000063349675128001328904035087600016530280008200030004003002107800390003700800

Block (2, 1) can contain 2 only at (4, 1).
+---+---+---+
|..2|...|.63|
|349|675|128|
|..1|328|9.4|
+---+---+---+
|235|.87|6..|
|.16|53.|28.|
|..8|2..|.3.|
+---+---+---+
|..4|..3|..2|
|1.7|8..|39.|
|..3|7..|8..|
+---+---+---+
Code: 002000063349675128001328904235087600016530280008200030004003002107800390003700800

Block (3, 3) can contain 4 only at (9, 8).
+---+---+---+
|..2|...|.63|
|349|675|128|
|..1|328|9.4|
+---+---+---+
|235|.87|6..|
|.16|53.|28.|
|..8|2..|.3.|
+---+---+---+
|..4|..3|..2|
|1.7|8..|39.|
|..3|7..|84.|
+---+---+---+
Code: 002000063349675128001328904235087600016530280008200030004003002107800390003700840

(4, 8) can only contain 1.
+---+---+---+
|..2|...|.63|
|349|675|128|
|..1|328|9.4|
+---+---+---+
|235|.87|61.|
|.16|53.|28.|
|..8|2..|.3.|
+---+---+---+
|..4|..3|..2|
|1.7|8..|39.|
|..3|7..|84.|
+---+---+---+
Code: 002000063349675128001328904235087610016530280008200030004003002107800390003700840

(4, 9) can only contain 9.
+---+---+---+
|..2|...|.63|
|349|675|128|
|..1|328|9.4|
+---+---+---+
|235|.87|619|
|.16|53.|28.|
|..8|2..|.3.|
+---+---+---+
|..4|..3|..2|
|1.7|8..|39.|
|..3|7..|84.|
+---+---+---+
Code: 002000063349675128001328904235087619016530280008200030004003002107800390003700840

(4, 4) can only contain 4.
+---+---+---+
|..2|...|.63|
|349|675|128|
|..1|328|9.4|
+---+---+---+
|235|487|619|
|.16|53.|28.|
|..8|2..|.3.|
+---+---+---+
|..4|..3|..2|
|1.7|8..|39.|
|..3|7..|84.|
+---+---+---+
Code: 002000063349675128001328904235487619016530280008200030004003002107800390003700840

(5, 9) can only contain 7.
+---+---+---+
|..2|...|.63|
|349|675|128|
|..1|328|9.4|
+---+---+---+
|235|487|619|
|.16|53.|287|
|..8|2..|.3.|
+---+---+---+
|..4|..3|..2|
|1.7|8..|39.|
|..3|7..|84.|
+---+---+---+
Code: 002000063349675128001328904235487619016530287008200030004003002107800390003700840

(6, 9) can only contain 5.
+---+---+---+
|..2|...|.63|
|349|675|128|
|..1|328|9.4|
+---+---+---+
|235|487|619|
|.16|53.|287|
|..8|2..|.35|
+---+---+---+
|..4|..3|..2|
|1.7|8..|39.|
|..3|7..|84.|
+---+---+---+
Code: 002000063349675128001328904235487619016530287008200035004003002107800390003700840

(8, 9) can only contain 6.
+---+---+---+
|..2|...|.63|
|349|675|128|
|..1|328|9.4|
+---+---+---+
|235|487|619|
|.16|53.|287|
|..8|2..|.35|
+---+---+---+
|..4|..3|..2|
|1.7|8..|396|
|..3|7..|84.|
+---+---+---+
Code: 002000063349675128001328904235487619016530287008200035004003002107800396003700840

(6, 7) can only contain 4.
+---+---+---+
|..2|...|.63|
|349|675|128|
|..1|328|9.4|
+---+---+---+
|235|487|619|
|.16|53.|287|
|..8|2..|435|
+---+---+---+
|..4|..3|..2|
|1.7|8..|396|
|..3|7..|84.|
+---+---+---+
Code: 002000063349675128001328904235487619016530287008200435004003002107800396003700840

(5, 6) can only contain 9.
+---+---+---+
|..2|...|.63|
|349|675|128|
|..1|328|9.4|
+---+---+---+
|235|487|619|
|.16|539|287|
|..8|2..|435|
+---+---+---+
|..4|..3|..2|
|1.7|8..|396|
|..3|7..|84.|
+---+---+---+
Code: 002000063349675128001328904235487619016539287008200435004003002107800396003700840

(9, 9) can only contain 1.
+---+---+---+
|..2|...|.63|
|349|675|128|
|..1|328|9.4|
+---+---+---+
|235|487|619|
|.16|539|287|
|..8|2..|435|
+---+---+---+
|..4|..3|..2|
|1.7|8..|396|
|..3|7..|841|
+---+---+---+
Code: 002000063349675128001328904235487619016539287008200435004003002107800396003700841

(5, 1) can only contain 4.
+---+---+---+
|..2|...|.63|
|349|675|128|
|..1|328|9.4|
+---+---+---+
|235|487|619|
|416|539|287|
|..8|2..|435|
+---+---+---+
|..4|..3|..2|
|1.7|8..|396|
|..3|7..|841|
+---+---+---+
Code: 002000063349675128001328904235487619416539287008200435004003002107800396003700841

Mask: 80, Discriminator: 6, Description: row #7
   Discriminator: 6, Description: row #7, Index: 54, Row: 6, Column: 0
   Discriminator: 6, Description: row #7, Index: 55, Row: 6, Column: 1
   Discriminator: 6, Description: row #7, Index: 56, Row: 6, Column: 2
   Discriminator: 6, Description: row #7, Index: 57, Row: 6, Column: 3
   Discriminator: 6, Description: row #7, Index: 58, Row: 6, Column: 4
   Discriminator: 6, Description: row #7, Index: 59, Row: 6, Column: 5
   Discriminator: 6, Description: row #7, Index: 60, Row: 6, Column: 6
   Discriminator: 6, Description: row #7, Index: 61, Row: 6, Column: 7
   Discriminator: 6, Description: row #7, Index: 62, Row: 6, Column: 8

Values 5 and 7 in row #7 are in cells (7, 7) and (7, 8).
5 cannot appear in (7, 1).
5 cannot appear in (7, 2).
5 cannot appear in (7, 5).

---------------------
{ Mask = 26, Description = row #8, Cells = 9, CellsWithMask = 3, CleanableCellsCount = 0
   Cells:
      Discriminator: 7, Description: row #8, Index: 63, Row: 7, Column: 0
      Discriminator: 7, Description: row #8, Index: 64, Row: 7, Column: 1
      Discriminator: 7, Description: row #8, Index: 65, Row: 7, Column: 2
      Discriminator: 7, Description: row #8, Index: 66, Row: 7, Column: 3
      Discriminator: 7, Description: row #8, Index: 67, Row: 7, Column: 4
      Discriminator: 7, Description: row #8, Index: 68, Row: 7, Column: 5
      Discriminator: 7, Description: row #8, Index: 69, Row: 7, Column: 6
      Discriminator: 7, Description: row #8, Index: 70, Row: 7, Column: 7
      Discriminator: 7, Description: row #8, Index: 71, Row: 7, Column: 8
   CellsWithMask:
      Discriminator: 7, Description: row #8, Index: 64, Row: 7, Column: 1
      Discriminator: 7, Description: row #8, Index: 67, Row: 7, Column: 4
      Discriminator: 7, Description: row #8, Index: 68, Row: 7, Column: 5
}
{ Mask = 33, Description = row #6, Cells = 9, CellsWithMask = 2, CleanableCellsCount = 0
   Cells:
      Discriminator: 5, Description: row #6, Index: 45, Row: 5, Column: 0
      Discriminator: 5, Description: row #6, Index: 46, Row: 5, Column: 1
      Discriminator: 5, Description: row #6, Index: 47, Row: 5, Column: 2
      Discriminator: 5, Description: row #6, Index: 48, Row: 5, Column: 3
      Discriminator: 5, Description: row #6, Index: 49, Row: 5, Column: 4
      Discriminator: 5, Description: row #6, Index: 50, Row: 5, Column: 5
      Discriminator: 5, Description: row #6, Index: 51, Row: 5, Column: 6
      Discriminator: 5, Description: row #6, Index: 52, Row: 5, Column: 7
      Discriminator: 5, Description: row #6, Index: 53, Row: 5, Column: 8
   CellsWithMask:
      Discriminator: 5, Description: row #6, Index: 49, Row: 5, Column: 4
      Discriminator: 5, Description: row #6, Index: 50, Row: 5, Column: 5
}
{ Mask = 33, Description = block (2, 2), Cells = 9, CellsWithMask = 2, CleanableCellsCount = 0
   Cells:
      Discriminator: 22, Description: block (2, 2), Index: 30, Row: 3, Column: 3
      Discriminator: 22, Description: block (2, 2), Index: 31, Row: 3, Column: 4
      Discriminator: 22, Description: block (2, 2), Index: 32, Row: 3, Column: 5
      Discriminator: 22, Description: block (2, 2), Index: 39, Row: 4, Column: 3
      Discriminator: 22, Description: block (2, 2), Index: 40, Row: 4, Column: 4
      Discriminator: 22, Description: block (2, 2), Index: 41, Row: 4, Column: 5
      Discriminator: 22, Description: block (2, 2), Index: 48, Row: 5, Column: 3
      Discriminator: 22, Description: block (2, 2), Index: 49, Row: 5, Column: 4
      Discriminator: 22, Description: block (2, 2), Index: 50, Row: 5, Column: 5
   CellsWithMask:
      Discriminator: 22, Description: block (2, 2), Index: 49, Row: 5, Column: 4
      Discriminator: 22, Description: block (2, 2), Index: 50, Row: 5, Column: 5
}
{ Mask = 43, Description = column #6, Cells = 9, CellsWithMask = 4, CleanableCellsCount = 0
   Cells:
      Discriminator: 14, Description: column #6, Index: 5, Row: 0, Column: 5
      Discriminator: 14, Description: column #6, Index: 14, Row: 1, Column: 5
      Discriminator: 14, Description: column #6, Index: 23, Row: 2, Column: 5
      Discriminator: 14, Description: column #6, Index: 32, Row: 3, Column: 5
      Discriminator: 14, Description: column #6, Index: 41, Row: 4, Column: 5
      Discriminator: 14, Description: column #6, Index: 50, Row: 5, Column: 5
      Discriminator: 14, Description: column #6, Index: 59, Row: 6, Column: 5
      Discriminator: 14, Description: column #6, Index: 68, Row: 7, Column: 5
      Discriminator: 14, Description: column #6, Index: 77, Row: 8, Column: 5
   CellsWithMask:
      Discriminator: 14, Description: column #6, Index: 5, Row: 0, Column: 5
      Discriminator: 14, Description: column #6, Index: 50, Row: 5, Column: 5
      Discriminator: 14, Description: column #6, Index: 68, Row: 7, Column: 5
      Discriminator: 14, Description: column #6, Index: 77, Row: 8, Column: 5
}
{ Mask = 80, Description = row #7, Cells = 9, CellsWithMask = 2, CleanableCellsCount = 0
   Cells:
      Discriminator: 6, Description: row #7, Index: 54, Row: 6, Column: 0
      Discriminator: 6, Description: row #7, Index: 55, Row: 6, Column: 1
      Discriminator: 6, Description: row #7, Index: 56, Row: 6, Column: 2
      Discriminator: 6, Description: row #7, Index: 57, Row: 6, Column: 3
      Discriminator: 6, Description: row #7, Index: 58, Row: 6, Column: 4
      Discriminator: 6, Description: row #7, Index: 59, Row: 6, Column: 5
      Discriminator: 6, Description: row #7, Index: 60, Row: 6, Column: 6
      Discriminator: 6, Description: row #7, Index: 61, Row: 6, Column: 7
      Discriminator: 6, Description: row #7, Index: 62, Row: 6, Column: 8
   CellsWithMask:
      Discriminator: 6, Description: row #7, Index: 60, Row: 6, Column: 6
      Discriminator: 6, Description: row #7, Index: 61, Row: 6, Column: 7
}
{ Mask = 80, Description = column #7, Cells = 9, CellsWithMask = 2, CleanableCellsCount = 0
   Cells:
      Discriminator: 15, Description: column #7, Index: 6, Row: 0, Column: 6
      Discriminator: 15, Description: column #7, Index: 15, Row: 1, Column: 6
      Discriminator: 15, Description: column #7, Index: 24, Row: 2, Column: 6
      Discriminator: 15, Description: column #7, Index: 33, Row: 3, Column: 6
      Discriminator: 15, Description: column #7, Index: 42, Row: 4, Column: 6
      Discriminator: 15, Description: column #7, Index: 51, Row: 5, Column: 6
      Discriminator: 15, Description: column #7, Index: 60, Row: 6, Column: 6
      Discriminator: 15, Description: column #7, Index: 69, Row: 7, Column: 6
      Discriminator: 15, Description: column #7, Index: 78, Row: 8, Column: 6
   CellsWithMask:
      Discriminator: 15, Description: column #7, Index: 6, Row: 0, Column: 6
      Discriminator: 15, Description: column #7, Index: 60, Row: 6, Column: 6
}
{ Mask = 80, Description = column #8, Cells = 9, CellsWithMask = 2, CleanableCellsCount = 0
   Cells:
      Discriminator: 16, Description: column #8, Index: 7, Row: 0, Column: 7
      Discriminator: 16, Description: column #8, Index: 16, Row: 1, Column: 7
      Discriminator: 16, Description: column #8, Index: 25, Row: 2, Column: 7
      Discriminator: 16, Description: column #8, Index: 34, Row: 3, Column: 7
      Discriminator: 16, Description: column #8, Index: 43, Row: 4, Column: 7
      Discriminator: 16, Description: column #8, Index: 52, Row: 5, Column: 7
      Discriminator: 16, Description: column #8, Index: 61, Row: 6, Column: 7
      Discriminator: 16, Description: column #8, Index: 70, Row: 7, Column: 7
      Discriminator: 16, Description: column #8, Index: 79, Row: 8, Column: 7
   CellsWithMask:
      Discriminator: 16, Description: column #8, Index: 25, Row: 2, Column: 7
      Discriminator: 16, Description: column #8, Index: 61, Row: 6, Column: 7
}
{ Mask = 80, Description = block (1, 3), Cells = 9, CellsWithMask = 2, CleanableCellsCount = 0
   Cells:
      Discriminator: 20, Description: block (1, 3), Index: 6, Row: 0, Column: 6
      Discriminator: 20, Description: block (1, 3), Index: 7, Row: 0, Column: 7
      Discriminator: 20, Description: block (1, 3), Index: 8, Row: 0, Column: 8
      Discriminator: 20, Description: block (1, 3), Index: 15, Row: 1, Column: 6
      Discriminator: 20, Description: block (1, 3), Index: 16, Row: 1, Column: 7
      Discriminator: 20, Description: block (1, 3), Index: 17, Row: 1, Column: 8
      Discriminator: 20, Description: block (1, 3), Index: 24, Row: 2, Column: 6
      Discriminator: 20, Description: block (1, 3), Index: 25, Row: 2, Column: 7
      Discriminator: 20, Description: block (1, 3), Index: 26, Row: 2, Column: 8
   CellsWithMask:
      Discriminator: 20, Description: block (1, 3), Index: 6, Row: 0, Column: 6
      Discriminator: 20, Description: block (1, 3), Index: 25, Row: 2, Column: 7
}
{ Mask = 80, Description = block (3, 3), Cells = 9, CellsWithMask = 2, CleanableCellsCount = 0
   Cells:
      Discriminator: 26, Description: block (3, 3), Index: 60, Row: 6, Column: 6
      Discriminator: 26, Description: block (3, 3), Index: 61, Row: 6, Column: 7
      Discriminator: 26, Description: block (3, 3), Index: 62, Row: 6, Column: 8
      Discriminator: 26, Description: block (3, 3), Index: 69, Row: 7, Column: 6
      Discriminator: 26, Description: block (3, 3), Index: 70, Row: 7, Column: 7
      Discriminator: 26, Description: block (3, 3), Index: 71, Row: 7, Column: 8
      Discriminator: 26, Description: block (3, 3), Index: 78, Row: 8, Column: 6
      Discriminator: 26, Description: block (3, 3), Index: 79, Row: 8, Column: 7
      Discriminator: 26, Description: block (3, 3), Index: 80, Row: 8, Column: 8
   CellsWithMask:
      Discriminator: 26, Description: block (3, 3), Index: 60, Row: 6, Column: 6
      Discriminator: 26, Description: block (3, 3), Index: 61, Row: 6, Column: 7
}
{ Mask = 112, Description = row #3, Cells = 9, CellsWithMask = 3, CleanableCellsCount = 0
   Cells:
      Discriminator: 2, Description: row #3, Index: 18, Row: 2, Column: 0
      Discriminator: 2, Description: row #3, Index: 19, Row: 2, Column: 1
      Discriminator: 2, Description: row #3, Index: 20, Row: 2, Column: 2
      Discriminator: 2, Description: row #3, Index: 21, Row: 2, Column: 3
      Discriminator: 2, Description: row #3, Index: 22, Row: 2, Column: 4
      Discriminator: 2, Description: row #3, Index: 23, Row: 2, Column: 5
      Discriminator: 2, Description: row #3, Index: 24, Row: 2, Column: 6
      Discriminator: 2, Description: row #3, Index: 25, Row: 2, Column: 7
      Discriminator: 2, Description: row #3, Index: 26, Row: 2, Column: 8
   CellsWithMask:
      Discriminator: 2, Description: row #3, Index: 18, Row: 2, Column: 0
      Discriminator: 2, Description: row #3, Index: 19, Row: 2, Column: 1
      Discriminator: 2, Description: row #3, Index: 25, Row: 2, Column: 7
}
{ Mask = 208, Description = row #1, Cells = 9, CellsWithMask = 3, CleanableCellsCount = 0
   Cells:
      Discriminator: 0, Description: row #1, Index: 0, Row: 0, Column: 0
      Discriminator: 0, Description: row #1, Index: 1, Row: 0, Column: 1
      Discriminator: 0, Description: row #1, Index: 2, Row: 0, Column: 2
      Discriminator: 0, Description: row #1, Index: 3, Row: 0, Column: 3
      Discriminator: 0, Description: row #1, Index: 4, Row: 0, Column: 4
      Discriminator: 0, Description: row #1, Index: 5, Row: 0, Column: 5
      Discriminator: 0, Description: row #1, Index: 6, Row: 0, Column: 6
      Discriminator: 0, Description: row #1, Index: 7, Row: 0, Column: 7
      Discriminator: 0, Description: row #1, Index: 8, Row: 0, Column: 8
   CellsWithMask:
      Discriminator: 0, Description: row #1, Index: 0, Row: 0, Column: 0
      Discriminator: 0, Description: row #1, Index: 1, Row: 0, Column: 1
      Discriminator: 0, Description: row #1, Index: 6, Row: 0, Column: 6
}
{ Mask = 240, Description = block (1, 1), Cells = 9, CellsWithMask = 4, CleanableCellsCount = 0
   Cells:
      Discriminator: 18, Description: block (1, 1), Index: 0, Row: 0, Column: 0
      Discriminator: 18, Description: block (1, 1), Index: 1, Row: 0, Column: 1
      Discriminator: 18, Description: block (1, 1), Index: 2, Row: 0, Column: 2
      Discriminator: 18, Description: block (1, 1), Index: 9, Row: 1, Column: 0
      Discriminator: 18, Description: block (1, 1), Index: 10, Row: 1, Column: 1
      Discriminator: 18, Description: block (1, 1), Index: 11, Row: 1, Column: 2
      Discriminator: 18, Description: block (1, 1), Index: 18, Row: 2, Column: 0
      Discriminator: 18, Description: block (1, 1), Index: 19, Row: 2, Column: 1
      Discriminator: 18, Description: block (1, 1), Index: 20, Row: 2, Column: 2
   CellsWithMask:
      Discriminator: 18, Description: block (1, 1), Index: 0, Row: 0, Column: 0
      Discriminator: 18, Description: block (1, 1), Index: 1, Row: 0, Column: 1
      Discriminator: 18, Description: block (1, 1), Index: 18, Row: 2, Column: 0
      Discriminator: 18, Description: block (1, 1), Index: 19, Row: 2, Column: 1
}
{ Mask = 257, Description = column #4, Cells = 9, CellsWithMask = 2, CleanableCellsCount = 0
   Cells:
      Discriminator: 12, Description: column #4, Index: 3, Row: 0, Column: 3
      Discriminator: 12, Description: column #4, Index: 12, Row: 1, Column: 3
      Discriminator: 12, Description: column #4, Index: 21, Row: 2, Column: 3
      Discriminator: 12, Description: column #4, Index: 30, Row: 3, Column: 3
      Discriminator: 12, Description: column #4, Index: 39, Row: 4, Column: 3
      Discriminator: 12, Description: column #4, Index: 48, Row: 5, Column: 3
      Discriminator: 12, Description: column #4, Index: 57, Row: 6, Column: 3
      Discriminator: 12, Description: column #4, Index: 66, Row: 7, Column: 3
      Discriminator: 12, Description: column #4, Index: 75, Row: 8, Column: 3
   CellsWithMask:
      Discriminator: 12, Description: column #4, Index: 3, Row: 0, Column: 3
      Discriminator: 12, Description: column #4, Index: 57, Row: 6, Column: 3
}
{ Mask = 265, Description = row #1, Cells = 9, CellsWithMask = 3, CleanableCellsCount = 0
   Cells:
      Discriminator: 0, Description: row #1, Index: 0, Row: 0, Column: 0
      Discriminator: 0, Description: row #1, Index: 1, Row: 0, Column: 1
      Discriminator: 0, Description: row #1, Index: 2, Row: 0, Column: 2
      Discriminator: 0, Description: row #1, Index: 3, Row: 0, Column: 3
      Discriminator: 0, Description: row #1, Index: 4, Row: 0, Column: 4
      Discriminator: 0, Description: row #1, Index: 5, Row: 0, Column: 5
      Discriminator: 0, Description: row #1, Index: 6, Row: 0, Column: 6
      Discriminator: 0, Description: row #1, Index: 7, Row: 0, Column: 7
      Discriminator: 0, Description: row #1, Index: 8, Row: 0, Column: 8
   CellsWithMask:
      Discriminator: 0, Description: row #1, Index: 3, Row: 0, Column: 3
      Discriminator: 0, Description: row #1, Index: 4, Row: 0, Column: 4
      Discriminator: 0, Description: row #1, Index: 5, Row: 0, Column: 5
}
{ Mask = 265, Description = block (1, 2), Cells = 9, CellsWithMask = 3, CleanableCellsCount = 0
   Cells:
      Discriminator: 19, Description: block (1, 2), Index: 3, Row: 0, Column: 3
      Discriminator: 19, Description: block (1, 2), Index: 4, Row: 0, Column: 4
      Discriminator: 19, Description: block (1, 2), Index: 5, Row: 0, Column: 5
      Discriminator: 19, Description: block (1, 2), Index: 12, Row: 1, Column: 3
      Discriminator: 19, Description: block (1, 2), Index: 13, Row: 1, Column: 4
      Discriminator: 19, Description: block (1, 2), Index: 14, Row: 1, Column: 5
      Discriminator: 19, Description: block (1, 2), Index: 21, Row: 2, Column: 3
      Discriminator: 19, Description: block (1, 2), Index: 22, Row: 2, Column: 4
      Discriminator: 19, Description: block (1, 2), Index: 23, Row: 2, Column: 5
   CellsWithMask:
      Discriminator: 19, Description: block (1, 2), Index: 3, Row: 0, Column: 3
      Discriminator: 19, Description: block (1, 2), Index: 4, Row: 0, Column: 4
      Discriminator: 19, Description: block (1, 2), Index: 5, Row: 0, Column: 5
}
{ Mask = 306, Description = row #9, Cells = 9, CellsWithMask = 4, CleanableCellsCount = 0
   Cells:
      Discriminator: 8, Description: row #9, Index: 72, Row: 8, Column: 0
      Discriminator: 8, Description: row #9, Index: 73, Row: 8, Column: 1
      Discriminator: 8, Description: row #9, Index: 74, Row: 8, Column: 2
      Discriminator: 8, Description: row #9, Index: 75, Row: 8, Column: 3
      Discriminator: 8, Description: row #9, Index: 76, Row: 8, Column: 4
      Discriminator: 8, Description: row #9, Index: 77, Row: 8, Column: 5
      Discriminator: 8, Description: row #9, Index: 78, Row: 8, Column: 6
      Discriminator: 8, Description: row #9, Index: 79, Row: 8, Column: 7
      Discriminator: 8, Description: row #9, Index: 80, Row: 8, Column: 8
   CellsWithMask:
      Discriminator: 8, Description: row #9, Index: 72, Row: 8, Column: 0
      Discriminator: 8, Description: row #9, Index: 73, Row: 8, Column: 1
      Discriminator: 8, Description: row #9, Index: 76, Row: 8, Column: 4
      Discriminator: 8, Description: row #9, Index: 77, Row: 8, Column: 5
}
{ Mask = 313, Description = column #5, Cells = 9, CellsWithMask = 5, CleanableCellsCount = 0
   Cells:
      Discriminator: 13, Description: column #5, Index: 4, Row: 0, Column: 4
      Discriminator: 13, Description: column #5, Index: 13, Row: 1, Column: 4
      Discriminator: 13, Description: column #5, Index: 22, Row: 2, Column: 4
      Discriminator: 13, Description: column #5, Index: 31, Row: 3, Column: 4
      Discriminator: 13, Description: column #5, Index: 40, Row: 4, Column: 4
      Discriminator: 13, Description: column #5, Index: 49, Row: 5, Column: 4
      Discriminator: 13, Description: column #5, Index: 58, Row: 6, Column: 4
      Discriminator: 13, Description: column #5, Index: 67, Row: 7, Column: 4
      Discriminator: 13, Description: column #5, Index: 76, Row: 8, Column: 4
   CellsWithMask:
      Discriminator: 13, Description: column #5, Index: 4, Row: 0, Column: 4
      Discriminator: 13, Description: column #5, Index: 49, Row: 5, Column: 4
      Discriminator: 13, Description: column #5, Index: 58, Row: 6, Column: 4
      Discriminator: 13, Description: column #5, Index: 67, Row: 7, Column: 4
      Discriminator: 13, Description: column #5, Index: 76, Row: 8, Column: 4
}
{ Mask = 315, Description = block (3, 2), Cells = 9, CellsWithMask = 6, CleanableCellsCount = 0
   Cells:
      Discriminator: 25, Description: block (3, 2), Index: 57, Row: 6, Column: 3
      Discriminator: 25, Description: block (3, 2), Index: 58, Row: 6, Column: 4
      Discriminator: 25, Description: block (3, 2), Index: 59, Row: 6, Column: 5
      Discriminator: 25, Description: block (3, 2), Index: 66, Row: 7, Column: 3
      Discriminator: 25, Description: block (3, 2), Index: 67, Row: 7, Column: 4
      Discriminator: 25, Description: block (3, 2), Index: 68, Row: 7, Column: 5
      Discriminator: 25, Description: block (3, 2), Index: 75, Row: 8, Column: 3
      Discriminator: 25, Description: block (3, 2), Index: 76, Row: 8, Column: 4
      Discriminator: 25, Description: block (3, 2), Index: 77, Row: 8, Column: 5
   CellsWithMask:
      Discriminator: 25, Description: block (3, 2), Index: 57, Row: 6, Column: 3
      Discriminator: 25, Description: block (3, 2), Index: 58, Row: 6, Column: 4
      Discriminator: 25, Description: block (3, 2), Index: 67, Row: 7, Column: 4
      Discriminator: 25, Description: block (3, 2), Index: 68, Row: 7, Column: 5
      Discriminator: 25, Description: block (3, 2), Index: 76, Row: 8, Column: 4
      Discriminator: 25, Description: block (3, 2), Index: 77, Row: 8, Column: 5
}
{ Mask = 320, Description = row #6, Cells = 9, CellsWithMask = 2, CleanableCellsCount = 0
   Cells:
      Discriminator: 5, Description: row #6, Index: 45, Row: 5, Column: 0
      Discriminator: 5, Description: row #6, Index: 46, Row: 5, Column: 1
      Discriminator: 5, Description: row #6, Index: 47, Row: 5, Column: 2
      Discriminator: 5, Description: row #6, Index: 48, Row: 5, Column: 3
      Discriminator: 5, Description: row #6, Index: 49, Row: 5, Column: 4
      Discriminator: 5, Description: row #6, Index: 50, Row: 5, Column: 5
      Discriminator: 5, Description: row #6, Index: 51, Row: 5, Column: 6
      Discriminator: 5, Description: row #6, Index: 52, Row: 5, Column: 7
      Discriminator: 5, Description: row #6, Index: 53, Row: 5, Column: 8
   CellsWithMask:
      Discriminator: 5, Description: row #6, Index: 45, Row: 5, Column: 0
      Discriminator: 5, Description: row #6, Index: 46, Row: 5, Column: 1
}
{ Mask = 320, Description = block (2, 1), Cells = 9, CellsWithMask = 2, CleanableCellsCount = 0
   Cells:
      Discriminator: 21, Description: block (2, 1), Index: 27, Row: 3, Column: 0
      Discriminator: 21, Description: block (2, 1), Index: 28, Row: 3, Column: 1
      Discriminator: 21, Description: block (2, 1), Index: 29, Row: 3, Column: 2
      Discriminator: 21, Description: block (2, 1), Index: 36, Row: 4, Column: 0
      Discriminator: 21, Description: block (2, 1), Index: 37, Row: 4, Column: 1
      Discriminator: 21, Description: block (2, 1), Index: 38, Row: 4, Column: 2
      Discriminator: 21, Description: block (2, 1), Index: 45, Row: 5, Column: 0
      Discriminator: 21, Description: block (2, 1), Index: 46, Row: 5, Column: 1
      Discriminator: 21, Description: block (2, 1), Index: 47, Row: 5, Column: 2
   CellsWithMask:
      Discriminator: 21, Description: block (2, 1), Index: 45, Row: 5, Column: 0
      Discriminator: 21, Description: block (2, 1), Index: 46, Row: 5, Column: 1
}
{ Mask = 353, Description = row #6, Cells = 9, CellsWithMask = 4, CleanableCellsCount = 0
   Cells:
      Discriminator: 5, Description: row #6, Index: 45, Row: 5, Column: 0
      Discriminator: 5, Description: row #6, Index: 46, Row: 5, Column: 1
      Discriminator: 5, Description: row #6, Index: 47, Row: 5, Column: 2
      Discriminator: 5, Description: row #6, Index: 48, Row: 5, Column: 3
      Discriminator: 5, Description: row #6, Index: 49, Row: 5, Column: 4
      Discriminator: 5, Description: row #6, Index: 50, Row: 5, Column: 5
      Discriminator: 5, Description: row #6, Index: 51, Row: 5, Column: 6
      Discriminator: 5, Description: row #6, Index: 52, Row: 5, Column: 7
      Discriminator: 5, Description: row #6, Index: 53, Row: 5, Column: 8
   CellsWithMask:
      Discriminator: 5, Description: row #6, Index: 45, Row: 5, Column: 0
      Discriminator: 5, Description: row #6, Index: 46, Row: 5, Column: 1
      Discriminator: 5, Description: row #6, Index: 49, Row: 5, Column: 4
      Discriminator: 5, Description: row #6, Index: 50, Row: 5, Column: 5
}
{ Mask = 417, Description = row #7, Cells = 9, CellsWithMask = 4, CleanableCellsCount = 0
   Cells:
      Discriminator: 6, Description: row #7, Index: 54, Row: 6, Column: 0
      Discriminator: 6, Description: row #7, Index: 55, Row: 6, Column: 1
      Discriminator: 6, Description: row #7, Index: 56, Row: 6, Column: 2
      Discriminator: 6, Description: row #7, Index: 57, Row: 6, Column: 3
      Discriminator: 6, Description: row #7, Index: 58, Row: 6, Column: 4
      Discriminator: 6, Description: row #7, Index: 59, Row: 6, Column: 5
      Discriminator: 6, Description: row #7, Index: 60, Row: 6, Column: 6
      Discriminator: 6, Description: row #7, Index: 61, Row: 6, Column: 7
      Discriminator: 6, Description: row #7, Index: 62, Row: 6, Column: 8
   CellsWithMask:
      Discriminator: 6, Description: row #7, Index: 54, Row: 6, Column: 0
      Discriminator: 6, Description: row #7, Index: 55, Row: 6, Column: 1
      Discriminator: 6, Description: row #7, Index: 57, Row: 6, Column: 3
      Discriminator: 6, Description: row #7, Index: 58, Row: 6, Column: 4
}
{ Mask = 434, Description = block (3, 1), Cells = 9, CellsWithMask = 5, CleanableCellsCount = 0
   Cells:
      Discriminator: 24, Description: block (3, 1), Index: 54, Row: 6, Column: 0
      Discriminator: 24, Description: block (3, 1), Index: 55, Row: 6, Column: 1
      Discriminator: 24, Description: block (3, 1), Index: 56, Row: 6, Column: 2
      Discriminator: 24, Description: block (3, 1), Index: 63, Row: 7, Column: 0
      Discriminator: 24, Description: block (3, 1), Index: 64, Row: 7, Column: 1
      Discriminator: 24, Description: block (3, 1), Index: 65, Row: 7, Column: 2
      Discriminator: 24, Description: block (3, 1), Index: 72, Row: 8, Column: 0
      Discriminator: 24, Description: block (3, 1), Index: 73, Row: 8, Column: 1
      Discriminator: 24, Description: block (3, 1), Index: 74, Row: 8, Column: 2
   CellsWithMask:
      Discriminator: 24, Description: block (3, 1), Index: 54, Row: 6, Column: 0
      Discriminator: 24, Description: block (3, 1), Index: 55, Row: 6, Column: 1
      Discriminator: 24, Description: block (3, 1), Index: 64, Row: 7, Column: 1
      Discriminator: 24, Description: block (3, 1), Index: 72, Row: 8, Column: 0
      Discriminator: 24, Description: block (3, 1), Index: 73, Row: 8, Column: 1
}
{ Mask = 473, Description = row #1, Cells = 9, CellsWithMask = 6, CleanableCellsCount = 0
   Cells:
      Discriminator: 0, Description: row #1, Index: 0, Row: 0, Column: 0
      Discriminator: 0, Description: row #1, Index: 1, Row: 0, Column: 1
      Discriminator: 0, Description: row #1, Index: 2, Row: 0, Column: 2
      Discriminator: 0, Description: row #1, Index: 3, Row: 0, Column: 3
      Discriminator: 0, Description: row #1, Index: 4, Row: 0, Column: 4
      Discriminator: 0, Description: row #1, Index: 5, Row: 0, Column: 5
      Discriminator: 0, Description: row #1, Index: 6, Row: 0, Column: 6
      Discriminator: 0, Description: row #1, Index: 7, Row: 0, Column: 7
      Discriminator: 0, Description: row #1, Index: 8, Row: 0, Column: 8
   CellsWithMask:
      Discriminator: 0, Description: row #1, Index: 0, Row: 0, Column: 0
      Discriminator: 0, Description: row #1, Index: 1, Row: 0, Column: 1
      Discriminator: 0, Description: row #1, Index: 3, Row: 0, Column: 3
      Discriminator: 0, Description: row #1, Index: 4, Row: 0, Column: 4
      Discriminator: 0, Description: row #1, Index: 5, Row: 0, Column: 5
      Discriminator: 0, Description: row #1, Index: 6, Row: 0, Column: 6
}
{ Mask = 496, Description = column #1, Cells = 9, CellsWithMask = 5, CleanableCellsCount = 0
   Cells:
      Discriminator: 9, Description: column #1, Index: 0, Row: 0, Column: 0
      Discriminator: 9, Description: column #1, Index: 9, Row: 1, Column: 0
      Discriminator: 9, Description: column #1, Index: 18, Row: 2, Column: 0
      Discriminator: 9, Description: column #1, Index: 27, Row: 3, Column: 0
      Discriminator: 9, Description: column #1, Index: 36, Row: 4, Column: 0
      Discriminator: 9, Description: column #1, Index: 45, Row: 5, Column: 0
      Discriminator: 9, Description: column #1, Index: 54, Row: 6, Column: 0
      Discriminator: 9, Description: column #1, Index: 63, Row: 7, Column: 0
      Discriminator: 9, Description: column #1, Index: 72, Row: 8, Column: 0
   CellsWithMask:
      Discriminator: 9, Description: column #1, Index: 0, Row: 0, Column: 0
      Discriminator: 9, Description: column #1, Index: 18, Row: 2, Column: 0
      Discriminator: 9, Description: column #1, Index: 45, Row: 5, Column: 0
      Discriminator: 9, Description: column #1, Index: 54, Row: 6, Column: 0
      Discriminator: 9, Description: column #1, Index: 72, Row: 8, Column: 0
}
{ Mask = 497, Description = row #7, Cells = 9, CellsWithMask = 6, CleanableCellsCount = 0
   Cells:
      Discriminator: 6, Description: row #7, Index: 54, Row: 6, Column: 0
      Discriminator: 6, Description: row #7, Index: 55, Row: 6, Column: 1
      Discriminator: 6, Description: row #7, Index: 56, Row: 6, Column: 2
      Discriminator: 6, Description: row #7, Index: 57, Row: 6, Column: 3
      Discriminator: 6, Description: row #7, Index: 58, Row: 6, Column: 4
      Discriminator: 6, Description: row #7, Index: 59, Row: 6, Column: 5
      Discriminator: 6, Description: row #7, Index: 60, Row: 6, Column: 6
      Discriminator: 6, Description: row #7, Index: 61, Row: 6, Column: 7
      Discriminator: 6, Description: row #7, Index: 62, Row: 6, Column: 8
   CellsWithMask:
      Discriminator: 6, Description: row #7, Index: 54, Row: 6, Column: 0
      Discriminator: 6, Description: row #7, Index: 55, Row: 6, Column: 1
      Discriminator: 6, Description: row #7, Index: 57, Row: 6, Column: 3
      Discriminator: 6, Description: row #7, Index: 58, Row: 6, Column: 4
      Discriminator: 6, Description: row #7, Index: 60, Row: 6, Column: 6
      Discriminator: 6, Description: row #7, Index: 61, Row: 6, Column: 7
}
{ Mask = 498, Description = column #2, Cells = 9, CellsWithMask = 6, CleanableCellsCount = 0
   Cells:
      Discriminator: 10, Description: column #2, Index: 1, Row: 0, Column: 1
      Discriminator: 10, Description: column #2, Index: 10, Row: 1, Column: 1
      Discriminator: 10, Description: column #2, Index: 19, Row: 2, Column: 1
      Discriminator: 10, Description: column #2, Index: 28, Row: 3, Column: 1
      Discriminator: 10, Description: column #2, Index: 37, Row: 4, Column: 1
      Discriminator: 10, Description: column #2, Index: 46, Row: 5, Column: 1
      Discriminator: 10, Description: column #2, Index: 55, Row: 6, Column: 1
      Discriminator: 10, Description: column #2, Index: 64, Row: 7, Column: 1
      Discriminator: 10, Description: column #2, Index: 73, Row: 8, Column: 1
   CellsWithMask:
      Discriminator: 10, Description: column #2, Index: 1, Row: 0, Column: 1
      Discriminator: 10, Description: column #2, Index: 19, Row: 2, Column: 1
      Discriminator: 10, Description: column #2, Index: 46, Row: 5, Column: 1
      Discriminator: 10, Description: column #2, Index: 55, Row: 6, Column: 1
      Discriminator: 10, Description: column #2, Index: 64, Row: 7, Column: 1
      Discriminator: 10, Description: column #2, Index: 73, Row: 8, Column: 1
}

---------------------

