
Final look of the solved board:
+---+---+---+
|971|623|584|
|832|745|196|
|546|819|732|
+---+---+---+
|498|361|275|
|327|584|961|
|165|972|348|
+---+---+---+
|289|136|457|
|654|297|813|
|713|458|629|
+---+---+---+

Starting look of the board to solve:
+---+---+---+
|9..|...|.8.|
|8..|7.5|1..|
|.46|81.|..2|
+---+---+---+
|4..|..1|2..|
|.27|5..|9.1|
|...|..2|..8|
+---+---+---+
|2..|..6|45.|
|..4|.97|...|
|7..|...|6..|
+---+---+---+

================================================================================

(8, 9) can only contain 3.
+---+---+---+
|9..|...|.8.|
|8..|7.5|1..|
|.46|81.|..2|
+---+---+---+
|4..|..1|2..|
|.27|5..|9.1|
|...|..2|..8|
+---+---+---+
|2..|..6|45.|
|..4|.97|..3|
|7..|...|6..|
+---+---+---+
Code: 900000080800705100046810002400001200027500901000002008200006450004097003700000600

(8, 7) can only contain 8.
+---+---+---+
|9..|...|.8.|
|8..|7.5|1..|
|.46|81.|..2|
+---+---+---+
|4..|..1|2..|
|.27|5..|9.1|
|...|..2|..8|
+---+---+---+
|2..|..6|45.|
|..4|.97|8.3|
|7..|...|6..|
+---+---+---+
Code: 900000080800705100046810002400001200027500901000002008200006450004097803700000600

(2, 2) can only contain 3.
+---+---+---+
|9..|...|.8.|
|83.|7.5|1..|
|.46|81.|..2|
+---+---+---+
|4..|..1|2..|
|.27|5..|9.1|
|...|..2|..8|
+---+---+---+
|2..|..6|45.|
|..4|.97|8.3|
|7..|...|6..|
+---+---+---+
Code: 900000080830705100046810002400001200027500901000002008200006450004097803700000600

(2, 3) can only contain 2.
+---+---+---+
|9..|...|.8.|
|832|7.5|1..|
|.46|81.|..2|
+---+---+---+
|4..|..1|2..|
|.27|5..|9.1|
|...|..2|..8|
+---+---+---+
|2..|..6|45.|
|..4|.97|8.3|
|7..|...|6..|
+---+---+---+
Code: 900000080832705100046810002400001200027500901000002008200006450004097803700000600

(9, 9) can only contain 9.
+---+---+---+
|9..|...|.8.|
|832|7.5|1..|
|.46|81.|..2|
+---+---+---+
|4..|..1|2..|
|.27|5..|9.1|
|...|..2|..8|
+---+---+---+
|2..|..6|45.|
|..4|.97|8.3|
|7..|...|6.9|
+---+---+---+
Code: 900000080832705100046810002400001200027500901000002008200006450004097803700000609

(3, 1) can only contain 5.
+---+---+---+
|9..|...|.8.|
|832|7.5|1..|
|546|81.|..2|
+---+---+---+
|4..|..1|2..|
|.27|5..|9.1|
|...|..2|..8|
+---+---+---+
|2..|..6|45.|
|..4|.97|8.3|
|7..|...|6.9|
+---+---+---+
Code: 900000080832705100546810002400001200027500901000002008200006450004097803700000609

(1, 3) can only contain 1.
+---+---+---+
|9.1|...|.8.|
|832|7.5|1..|
|546|81.|..2|
+---+---+---+
|4..|..1|2..|
|.27|5..|9.1|
|...|..2|..8|
+---+---+---+
|2..|..6|45.|
|..4|.97|8.3|
|7..|...|6.9|
+---+---+---+
Code: 901000080832705100546810002400001200027500901000002008200006450004097803700000609

(1, 2) can only contain 7.
+---+---+---+
|971|...|.8.|
|832|7.5|1..|
|546|81.|..2|
+---+---+---+
|4..|..1|2..|
|.27|5..|9.1|
|...|..2|..8|
+---+---+---+
|2..|..6|45.|
|..4|.97|8.3|
|7..|...|6.9|
+---+---+---+
Code: 971000080832705100546810002400001200027500901000002008200006450004097803700000609

(7, 9) can only contain 7.
+---+---+---+
|971|...|.8.|
|832|7.5|1..|
|546|81.|..2|
+---+---+---+
|4..|..1|2..|
|.27|5..|9.1|
|...|..2|..8|
+---+---+---+
|2..|..6|457|
|..4|.97|8.3|
|7..|...|6.9|
+---+---+---+
Code: 971000080832705100546810002400001200027500901000002008200006457004097803700000609

Block (3, 2) can contain 5 only at (9, 5).
+---+---+---+
|971|...|.8.|
|832|7.5|1..|
|546|81.|..2|
+---+---+---+
|4..|..1|2..|
|.27|5..|9.1|
|...|..2|..8|
+---+---+---+
|2..|..6|457|
|..4|.97|8.3|
|7..|.5.|6.9|
+---+---+---+
Code: 971000080832705100546810002400001200027500901000002008200006457004097803700050609

Row #8 can contain 5 only at (8, 2).
+---+---+---+
|971|...|.8.|
|832|7.5|1..|
|546|81.|..2|
+---+---+---+
|4..|..1|2..|
|.27|5..|9.1|
|...|..2|..8|
+---+---+---+
|2..|..6|457|
|.54|.97|8.3|
|7..|.5.|6.9|
+---+---+---+
Code: 971000080832705100546810002400001200027500901000002008200006457054097803700050609

Row #2 can contain 9 only at (2, 8).
+---+---+---+
|971|...|.8.|
|832|7.5|19.|
|546|81.|..2|
+---+---+---+
|4..|..1|2..|
|.27|5..|9.1|
|...|..2|..8|
+---+---+---+
|2..|..6|457|
|.54|.97|8.3|
|7..|.5.|6.9|
+---+---+---+
Code: 971000080832705190546810002400001200027500901000002008200006457054097803700050609

Row #8 can contain 6 only at (8, 1).
+---+---+---+
|971|...|.8.|
|832|7.5|19.|
|546|81.|..2|
+---+---+---+
|4..|..1|2..|
|.27|5..|9.1|
|...|..2|..8|
+---+---+---+
|2..|..6|457|
|654|.97|8.3|
|7..|.5.|6.9|
+---+---+---+
Code: 971000080832705190546810002400001200027500901000002008200006457654097803700050609

(5, 1) can only contain 3.
+---+---+---+
|971|...|.8.|
|832|7.5|19.|
|546|81.|..2|
+---+---+---+
|4..|..1|2..|
|327|5..|9.1|
|...|..2|..8|
+---+---+---+
|2..|..6|457|
|654|.97|8.3|
|7..|.5.|6.9|
+---+---+---+
Code: 971000080832705190546810002400001200327500901000002008200006457654097803700050609

(6, 1) can only contain 1.
+---+---+---+
|971|...|.8.|
|832|7.5|19.|
|546|81.|..2|
+---+---+---+
|4..|..1|2..|
|327|5..|9.1|
|1..|..2|..8|
+---+---+---+
|2..|..6|457|
|654|.97|8.3|
|7..|.5.|6.9|
+---+---+---+
Code: 971000080832705190546810002400001200327500901100002008200006457654097803700050609

Row #3 can contain 9 only at (3, 6).
+---+---+---+
|971|...|.8.|
|832|7.5|19.|
|546|819|..2|
+---+---+---+
|4..|..1|2..|
|327|5..|9.1|
|1..|..2|..8|
+---+---+---+
|2..|..6|457|
|654|.97|8.3|
|7..|.5.|6.9|
+---+---+---+
Code: 971000080832705190546819002400001200327500901100002008200006457654097803700050609

Column #5 can contain 2 only at (1, 5).
+---+---+---+
|971|.2.|.8.|
|832|7.5|19.|
|546|819|..2|
+---+---+---+
|4..|..1|2..|
|327|5..|9.1|
|1..|..2|..8|
+---+---+---+
|2..|..6|457|
|654|.97|8.3|
|7..|.5.|6.9|
+---+---+---+
Code: 971020080832705190546819002400001200327500901100002008200006457654097803700050609

Mask: 68, Discriminator: 20, Description: block (1, 3)
   Discriminator: 20, Description: block (1, 3), Index: 6, Row: 0, Column: 6
   Discriminator: 20, Description: block (1, 3), Index: 7, Row: 0, Column: 7
   Discriminator: 20, Description: block (1, 3), Index: 8, Row: 0, Column: 8
   Discriminator: 20, Description: block (1, 3), Index: 15, Row: 1, Column: 6
   Discriminator: 20, Description: block (1, 3), Index: 16, Row: 1, Column: 7
   Discriminator: 20, Description: block (1, 3), Index: 17, Row: 1, Column: 8
   Discriminator: 20, Description: block (1, 3), Index: 24, Row: 2, Column: 6
   Discriminator: 20, Description: block (1, 3), Index: 25, Row: 2, Column: 7
   Discriminator: 20, Description: block (1, 3), Index: 26, Row: 2, Column: 8

Values 3 and 7 in block (1, 3) are in cells (3, 7) and (3, 8).
3 cannot appear in (1, 7).
(1, 7) can only contain 5.
+---+---+---+
|971|.2.|58.|
|832|7.5|19.|
|546|819|..2|
+---+---+---+
|4..|..1|2..|
|327|5..|9.1|
|1..|..2|..8|
+---+---+---+
|2..|..6|457|
|654|.97|8.3|
|7..|.5.|6.9|
+---+---+---+
Code: 971020580832705190546819002400001200327500901100002008200006457654097803700050609

Column #9 can contain 5 only at (4, 9).
+---+---+---+
|971|.2.|58.|
|832|7.5|19.|
|546|819|..2|
+---+---+---+
|4..|..1|2.5|
|327|5..|9.1|
|1..|..2|..8|
+---+---+---+
|2..|..6|457|
|654|.97|8.3|
|7..|.5.|6.9|
+---+---+---+
Code: 971020580832705190546819002400001205327500901100002008200006457654097803700050609

Block (2, 1) can contain 5 only at (6, 3).
+---+---+---+
|971|.2.|58.|
|832|7.5|19.|
|546|819|..2|
+---+---+---+
|4..|..1|2.5|
|327|5..|9.1|
|1.5|..2|..8|
+---+---+---+
|2..|..6|457|
|654|.97|8.3|
|7..|.5.|6.9|
+---+---+---+
Code: 971020580832705190546819002400001205327500901105002008200006457654097803700050609


---------------------
{ Mask = 3, Description = row #8, Cells = 9, CellsWithMask = 2, CleanableCellsCount = 0
   Cells:
      Discriminator: 7, Description: row #8, Index: 63, Row: 7, Column: 0
      Discriminator: 7, Description: row #8, Index: 64, Row: 7, Column: 1
      Discriminator: 7, Description: row #8, Index: 65, Row: 7, Column: 2
      Discriminator: 7, Description: row #8, Index: 66, Row: 7, Column: 3
      Discriminator: 7, Description: row #8, Index: 67, Row: 7, Column: 4
      Discriminator: 7, Description: row #8, Index: 68, Row: 7, Column: 5
      Discriminator: 7, Description: row #8, Index: 69, Row: 7, Column: 6
      Discriminator: 7, Description: row #8, Index: 70, Row: 7, Column: 7
      Discriminator: 7, Description: row #8, Index: 71, Row: 7, Column: 8
   CellsWithMask:
      Discriminator: 7, Description: row #8, Index: 66, Row: 7, Column: 3
      Discriminator: 7, Description: row #8, Index: 70, Row: 7, Column: 7
}
{ Mask = 3, Description = column #8, Cells = 9, CellsWithMask = 2, CleanableCellsCount = 0
   Cells:
      Discriminator: 16, Description: column #8, Index: 7, Row: 0, Column: 7
      Discriminator: 16, Description: column #8, Index: 16, Row: 1, Column: 7
      Discriminator: 16, Description: column #8, Index: 25, Row: 2, Column: 7
      Discriminator: 16, Description: column #8, Index: 34, Row: 3, Column: 7
      Discriminator: 16, Description: column #8, Index: 43, Row: 4, Column: 7
      Discriminator: 16, Description: column #8, Index: 52, Row: 5, Column: 7
      Discriminator: 16, Description: column #8, Index: 61, Row: 6, Column: 7
      Discriminator: 16, Description: column #8, Index: 70, Row: 7, Column: 7
      Discriminator: 16, Description: column #8, Index: 79, Row: 8, Column: 7
   CellsWithMask:
      Discriminator: 16, Description: column #8, Index: 70, Row: 7, Column: 7
      Discriminator: 16, Description: column #8, Index: 79, Row: 8, Column: 7
}
{ Mask = 3, Description = block (3, 3), Cells = 9, CellsWithMask = 2, CleanableCellsCount = 0
   Cells:
      Discriminator: 26, Description: block (3, 3), Index: 60, Row: 6, Column: 6
      Discriminator: 26, Description: block (3, 3), Index: 61, Row: 6, Column: 7
      Discriminator: 26, Description: block (3, 3), Index: 62, Row: 6, Column: 8
      Discriminator: 26, Description: block (3, 3), Index: 69, Row: 7, Column: 6
      Discriminator: 26, Description: block (3, 3), Index: 70, Row: 7, Column: 7
      Discriminator: 26, Description: block (3, 3), Index: 71, Row: 7, Column: 8
      Discriminator: 26, Description: block (3, 3), Index: 78, Row: 8, Column: 6
      Discriminator: 26, Description: block (3, 3), Index: 79, Row: 8, Column: 7
      Discriminator: 26, Description: block (3, 3), Index: 80, Row: 8, Column: 8
   CellsWithMask:
      Discriminator: 26, Description: block (3, 3), Index: 70, Row: 7, Column: 7
      Discriminator: 26, Description: block (3, 3), Index: 79, Row: 8, Column: 7
}
{ Mask = 40, Description = row #2, Cells = 9, CellsWithMask = 2, CleanableCellsCount = 0
   Cells:
      Discriminator: 1, Description: row #2, Index: 9, Row: 1, Column: 0
      Discriminator: 1, Description: row #2, Index: 10, Row: 1, Column: 1
      Discriminator: 1, Description: row #2, Index: 11, Row: 1, Column: 2
      Discriminator: 1, Description: row #2, Index: 12, Row: 1, Column: 3
      Discriminator: 1, Description: row #2, Index: 13, Row: 1, Column: 4
      Discriminator: 1, Description: row #2, Index: 14, Row: 1, Column: 5
      Discriminator: 1, Description: row #2, Index: 15, Row: 1, Column: 6
      Discriminator: 1, Description: row #2, Index: 16, Row: 1, Column: 7
      Discriminator: 1, Description: row #2, Index: 17, Row: 1, Column: 8
   CellsWithMask:
      Discriminator: 1, Description: row #2, Index: 13, Row: 1, Column: 4
      Discriminator: 1, Description: row #2, Index: 17, Row: 1, Column: 8
}
{ Mask = 40, Description = column #9, Cells = 9, CellsWithMask = 2, CleanableCellsCount = 0
   Cells:
      Discriminator: 17, Description: column #9, Index: 8, Row: 0, Column: 8
      Discriminator: 17, Description: column #9, Index: 17, Row: 1, Column: 8
      Discriminator: 17, Description: column #9, Index: 26, Row: 2, Column: 8
      Discriminator: 17, Description: column #9, Index: 35, Row: 3, Column: 8
      Discriminator: 17, Description: column #9, Index: 44, Row: 4, Column: 8
      Discriminator: 17, Description: column #9, Index: 53, Row: 5, Column: 8
      Discriminator: 17, Description: column #9, Index: 62, Row: 6, Column: 8
      Discriminator: 17, Description: column #9, Index: 71, Row: 7, Column: 8
      Discriminator: 17, Description: column #9, Index: 80, Row: 8, Column: 8
   CellsWithMask:
      Discriminator: 17, Description: column #9, Index: 8, Row: 0, Column: 8
      Discriminator: 17, Description: column #9, Index: 17, Row: 1, Column: 8
}
{ Mask = 40, Description = block (1, 3), Cells = 9, CellsWithMask = 2, CleanableCellsCount = 0
   Cells:
      Discriminator: 20, Description: block (1, 3), Index: 6, Row: 0, Column: 6
      Discriminator: 20, Description: block (1, 3), Index: 7, Row: 0, Column: 7
      Discriminator: 20, Description: block (1, 3), Index: 8, Row: 0, Column: 8
      Discriminator: 20, Description: block (1, 3), Index: 15, Row: 1, Column: 6
      Discriminator: 20, Description: block (1, 3), Index: 16, Row: 1, Column: 7
      Discriminator: 20, Description: block (1, 3), Index: 17, Row: 1, Column: 8
      Discriminator: 20, Description: block (1, 3), Index: 24, Row: 2, Column: 6
      Discriminator: 20, Description: block (1, 3), Index: 25, Row: 2, Column: 7
      Discriminator: 20, Description: block (1, 3), Index: 26, Row: 2, Column: 8
   CellsWithMask:
      Discriminator: 20, Description: block (1, 3), Index: 8, Row: 0, Column: 8
      Discriminator: 20, Description: block (1, 3), Index: 17, Row: 1, Column: 8
}
{ Mask = 44, Description = row #1, Cells = 9, CellsWithMask = 3, CleanableCellsCount = 0
   Cells:
      Discriminator: 0, Description: row #1, Index: 0, Row: 0, Column: 0
      Discriminator: 0, Description: row #1, Index: 1, Row: 0, Column: 1
      Discriminator: 0, Description: row #1, Index: 2, Row: 0, Column: 2
      Discriminator: 0, Description: row #1, Index: 3, Row: 0, Column: 3
      Discriminator: 0, Description: row #1, Index: 4, Row: 0, Column: 4
      Discriminator: 0, Description: row #1, Index: 5, Row: 0, Column: 5
      Discriminator: 0, Description: row #1, Index: 6, Row: 0, Column: 6
      Discriminator: 0, Description: row #1, Index: 7, Row: 0, Column: 7
      Discriminator: 0, Description: row #1, Index: 8, Row: 0, Column: 8
   CellsWithMask:
      Discriminator: 0, Description: row #1, Index: 3, Row: 0, Column: 3
      Discriminator: 0, Description: row #1, Index: 5, Row: 0, Column: 5
      Discriminator: 0, Description: row #1, Index: 8, Row: 0, Column: 8
}
{ Mask = 44, Description = block (1, 2), Cells = 9, CellsWithMask = 3, CleanableCellsCount = 0
   Cells:
      Discriminator: 19, Description: block (1, 2), Index: 3, Row: 0, Column: 3
      Discriminator: 19, Description: block (1, 2), Index: 4, Row: 0, Column: 4
      Discriminator: 19, Description: block (1, 2), Index: 5, Row: 0, Column: 5
      Discriminator: 19, Description: block (1, 2), Index: 12, Row: 1, Column: 3
      Discriminator: 19, Description: block (1, 2), Index: 13, Row: 1, Column: 4
      Discriminator: 19, Description: block (1, 2), Index: 14, Row: 1, Column: 5
      Discriminator: 19, Description: block (1, 2), Index: 21, Row: 2, Column: 3
      Discriminator: 19, Description: block (1, 2), Index: 22, Row: 2, Column: 4
      Discriminator: 19, Description: block (1, 2), Index: 23, Row: 2, Column: 5
   CellsWithMask:
      Discriminator: 19, Description: block (1, 2), Index: 3, Row: 0, Column: 3
      Discriminator: 19, Description: block (1, 2), Index: 5, Row: 0, Column: 5
      Discriminator: 19, Description: block (1, 2), Index: 13, Row: 1, Column: 4
}
{ Mask = 68, Description = row #3, Cells = 9, CellsWithMask = 2, CleanableCellsCount = 0
   Cells:
      Discriminator: 2, Description: row #3, Index: 18, Row: 2, Column: 0
      Discriminator: 2, Description: row #3, Index: 19, Row: 2, Column: 1
      Discriminator: 2, Description: row #3, Index: 20, Row: 2, Column: 2
      Discriminator: 2, Description: row #3, Index: 21, Row: 2, Column: 3
      Discriminator: 2, Description: row #3, Index: 22, Row: 2, Column: 4
      Discriminator: 2, Description: row #3, Index: 23, Row: 2, Column: 5
      Discriminator: 2, Description: row #3, Index: 24, Row: 2, Column: 6
      Discriminator: 2, Description: row #3, Index: 25, Row: 2, Column: 7
      Discriminator: 2, Description: row #3, Index: 26, Row: 2, Column: 8
   CellsWithMask:
      Discriminator: 2, Description: row #3, Index: 24, Row: 2, Column: 6
      Discriminator: 2, Description: row #3, Index: 25, Row: 2, Column: 7
}
{ Mask = 68, Description = column #7, Cells = 9, CellsWithMask = 2, CleanableCellsCount = 0
   Cells:
      Discriminator: 15, Description: column #7, Index: 6, Row: 0, Column: 6
      Discriminator: 15, Description: column #7, Index: 15, Row: 1, Column: 6
      Discriminator: 15, Description: column #7, Index: 24, Row: 2, Column: 6
      Discriminator: 15, Description: column #7, Index: 33, Row: 3, Column: 6
      Discriminator: 15, Description: column #7, Index: 42, Row: 4, Column: 6
      Discriminator: 15, Description: column #7, Index: 51, Row: 5, Column: 6
      Discriminator: 15, Description: column #7, Index: 60, Row: 6, Column: 6
      Discriminator: 15, Description: column #7, Index: 69, Row: 7, Column: 6
      Discriminator: 15, Description: column #7, Index: 78, Row: 8, Column: 6
   CellsWithMask:
      Discriminator: 15, Description: column #7, Index: 24, Row: 2, Column: 6
      Discriminator: 15, Description: column #7, Index: 51, Row: 5, Column: 6
}
{ Mask = 68, Description = block (1, 3), Cells = 9, CellsWithMask = 2, CleanableCellsCount = 0
   Cells:
      Discriminator: 20, Description: block (1, 3), Index: 6, Row: 0, Column: 6
      Discriminator: 20, Description: block (1, 3), Index: 7, Row: 0, Column: 7
      Discriminator: 20, Description: block (1, 3), Index: 8, Row: 0, Column: 8
      Discriminator: 20, Description: block (1, 3), Index: 15, Row: 1, Column: 6
      Discriminator: 20, Description: block (1, 3), Index: 16, Row: 1, Column: 7
      Discriminator: 20, Description: block (1, 3), Index: 17, Row: 1, Column: 8
      Discriminator: 20, Description: block (1, 3), Index: 24, Row: 2, Column: 6
      Discriminator: 20, Description: block (1, 3), Index: 25, Row: 2, Column: 7
      Discriminator: 20, Description: block (1, 3), Index: 26, Row: 2, Column: 8
   CellsWithMask:
      Discriminator: 20, Description: block (1, 3), Index: 24, Row: 2, Column: 6
      Discriminator: 20, Description: block (1, 3), Index: 25, Row: 2, Column: 7
}
{ Mask = 108, Description = column #8, Cells = 9, CellsWithMask = 4, CleanableCellsCount = 0
   Cells:
      Discriminator: 16, Description: column #8, Index: 7, Row: 0, Column: 7
      Discriminator: 16, Description: column #8, Index: 16, Row: 1, Column: 7
      Discriminator: 16, Description: column #8, Index: 25, Row: 2, Column: 7
      Discriminator: 16, Description: column #8, Index: 34, Row: 3, Column: 7
      Discriminator: 16, Description: column #8, Index: 43, Row: 4, Column: 7
      Discriminator: 16, Description: column #8, Index: 52, Row: 5, Column: 7
      Discriminator: 16, Description: column #8, Index: 61, Row: 6, Column: 7
      Discriminator: 16, Description: column #8, Index: 70, Row: 7, Column: 7
      Discriminator: 16, Description: column #8, Index: 79, Row: 8, Column: 7
   CellsWithMask:
      Discriminator: 16, Description: column #8, Index: 25, Row: 2, Column: 7
      Discriminator: 16, Description: column #8, Index: 34, Row: 3, Column: 7
      Discriminator: 16, Description: column #8, Index: 43, Row: 4, Column: 7
      Discriminator: 16, Description: column #8, Index: 52, Row: 5, Column: 7
}
{ Mask = 108, Description = block (1, 3), Cells = 9, CellsWithMask = 4, CleanableCellsCount = 0
   Cells:
      Discriminator: 20, Description: block (1, 3), Index: 6, Row: 0, Column: 6
      Discriminator: 20, Description: block (1, 3), Index: 7, Row: 0, Column: 7
      Discriminator: 20, Description: block (1, 3), Index: 8, Row: 0, Column: 8
      Discriminator: 20, Description: block (1, 3), Index: 15, Row: 1, Column: 6
      Discriminator: 20, Description: block (1, 3), Index: 16, Row: 1, Column: 7
      Discriminator: 20, Description: block (1, 3), Index: 17, Row: 1, Column: 8
      Discriminator: 20, Description: block (1, 3), Index: 24, Row: 2, Column: 6
      Discriminator: 20, Description: block (1, 3), Index: 25, Row: 2, Column: 7
      Discriminator: 20, Description: block (1, 3), Index: 26, Row: 2, Column: 8
   CellsWithMask:
      Discriminator: 20, Description: block (1, 3), Index: 8, Row: 0, Column: 8
      Discriminator: 20, Description: block (1, 3), Index: 17, Row: 1, Column: 8
      Discriminator: 20, Description: block (1, 3), Index: 24, Row: 2, Column: 6
      Discriminator: 20, Description: block (1, 3), Index: 25, Row: 2, Column: 7
}
{ Mask = 108, Description = block (2, 3), Cells = 9, CellsWithMask = 4, CleanableCellsCount = 0
   Cells:
      Discriminator: 23, Description: block (2, 3), Index: 33, Row: 3, Column: 6
      Discriminator: 23, Description: block (2, 3), Index: 34, Row: 3, Column: 7
      Discriminator: 23, Description: block (2, 3), Index: 35, Row: 3, Column: 8
      Discriminator: 23, Description: block (2, 3), Index: 42, Row: 4, Column: 6
      Discriminator: 23, Description: block (2, 3), Index: 43, Row: 4, Column: 7
      Discriminator: 23, Description: block (2, 3), Index: 44, Row: 4, Column: 8
      Discriminator: 23, Description: block (2, 3), Index: 51, Row: 5, Column: 6
      Discriminator: 23, Description: block (2, 3), Index: 52, Row: 5, Column: 7
      Discriminator: 23, Description: block (2, 3), Index: 53, Row: 5, Column: 8
   CellsWithMask:
      Discriminator: 23, Description: block (2, 3), Index: 34, Row: 3, Column: 7
      Discriminator: 23, Description: block (2, 3), Index: 43, Row: 4, Column: 7
      Discriminator: 23, Description: block (2, 3), Index: 51, Row: 5, Column: 6
      Discriminator: 23, Description: block (2, 3), Index: 52, Row: 5, Column: 7
}
{ Mask = 111, Description = column #8, Cells = 9, CellsWithMask = 6, CleanableCellsCount = 0
   Cells:
      Discriminator: 16, Description: column #8, Index: 7, Row: 0, Column: 7
      Discriminator: 16, Description: column #8, Index: 16, Row: 1, Column: 7
      Discriminator: 16, Description: column #8, Index: 25, Row: 2, Column: 7
      Discriminator: 16, Description: column #8, Index: 34, Row: 3, Column: 7
      Discriminator: 16, Description: column #8, Index: 43, Row: 4, Column: 7
      Discriminator: 16, Description: column #8, Index: 52, Row: 5, Column: 7
      Discriminator: 16, Description: column #8, Index: 61, Row: 6, Column: 7
      Discriminator: 16, Description: column #8, Index: 70, Row: 7, Column: 7
      Discriminator: 16, Description: column #8, Index: 79, Row: 8, Column: 7
   CellsWithMask:
      Discriminator: 16, Description: column #8, Index: 25, Row: 2, Column: 7
      Discriminator: 16, Description: column #8, Index: 34, Row: 3, Column: 7
      Discriminator: 16, Description: column #8, Index: 43, Row: 4, Column: 7
      Discriminator: 16, Description: column #8, Index: 52, Row: 5, Column: 7
      Discriminator: 16, Description: column #8, Index: 70, Row: 7, Column: 7
      Discriminator: 16, Description: column #8, Index: 79, Row: 8, Column: 7
}
{ Mask = 140, Description = column #6, Cells = 9, CellsWithMask = 3, CleanableCellsCount = 0
   Cells:
      Discriminator: 14, Description: column #6, Index: 5, Row: 0, Column: 5
      Discriminator: 14, Description: column #6, Index: 14, Row: 1, Column: 5
      Discriminator: 14, Description: column #6, Index: 23, Row: 2, Column: 5
      Discriminator: 14, Description: column #6, Index: 32, Row: 3, Column: 5
      Discriminator: 14, Description: column #6, Index: 41, Row: 4, Column: 5
      Discriminator: 14, Description: column #6, Index: 50, Row: 5, Column: 5
      Discriminator: 14, Description: column #6, Index: 59, Row: 6, Column: 5
      Discriminator: 14, Description: column #6, Index: 68, Row: 7, Column: 5
      Discriminator: 14, Description: column #6, Index: 77, Row: 8, Column: 5
   CellsWithMask:
      Discriminator: 14, Description: column #6, Index: 5, Row: 0, Column: 5
      Discriminator: 14, Description: column #6, Index: 41, Row: 4, Column: 5
      Discriminator: 14, Description: column #6, Index: 77, Row: 8, Column: 5
}
{ Mask = 143, Description = row #9, Cells = 9, CellsWithMask = 5, CleanableCellsCount = 0
   Cells:
      Discriminator: 8, Description: row #9, Index: 72, Row: 8, Column: 0
      Discriminator: 8, Description: row #9, Index: 73, Row: 8, Column: 1
      Discriminator: 8, Description: row #9, Index: 74, Row: 8, Column: 2
      Discriminator: 8, Description: row #9, Index: 75, Row: 8, Column: 3
      Discriminator: 8, Description: row #9, Index: 76, Row: 8, Column: 4
      Discriminator: 8, Description: row #9, Index: 77, Row: 8, Column: 5
      Discriminator: 8, Description: row #9, Index: 78, Row: 8, Column: 6
      Discriminator: 8, Description: row #9, Index: 79, Row: 8, Column: 7
      Discriminator: 8, Description: row #9, Index: 80, Row: 8, Column: 8
   CellsWithMask:
      Discriminator: 8, Description: row #9, Index: 73, Row: 8, Column: 1
      Discriminator: 8, Description: row #9, Index: 74, Row: 8, Column: 2
      Discriminator: 8, Description: row #9, Index: 75, Row: 8, Column: 3
      Discriminator: 8, Description: row #9, Index: 77, Row: 8, Column: 5
      Discriminator: 8, Description: row #9, Index: 79, Row: 8, Column: 7
}
{ Mask = 143, Description = block (3, 2), Cells = 9, CellsWithMask = 5, CleanableCellsCount = 0
   Cells:
      Discriminator: 25, Description: block (3, 2), Index: 57, Row: 6, Column: 3
      Discriminator: 25, Description: block (3, 2), Index: 58, Row: 6, Column: 4
      Discriminator: 25, Description: block (3, 2), Index: 59, Row: 6, Column: 5
      Discriminator: 25, Description: block (3, 2), Index: 66, Row: 7, Column: 3
      Discriminator: 25, Description: block (3, 2), Index: 67, Row: 7, Column: 4
      Discriminator: 25, Description: block (3, 2), Index: 68, Row: 7, Column: 5
      Discriminator: 25, Description: block (3, 2), Index: 75, Row: 8, Column: 3
      Discriminator: 25, Description: block (3, 2), Index: 76, Row: 8, Column: 4
      Discriminator: 25, Description: block (3, 2), Index: 77, Row: 8, Column: 5
   CellsWithMask:
      Discriminator: 25, Description: block (3, 2), Index: 57, Row: 6, Column: 3
      Discriminator: 25, Description: block (3, 2), Index: 58, Row: 6, Column: 4
      Discriminator: 25, Description: block (3, 2), Index: 66, Row: 7, Column: 3
      Discriminator: 25, Description: block (3, 2), Index: 75, Row: 8, Column: 3
      Discriminator: 25, Description: block (3, 2), Index: 77, Row: 8, Column: 5
}
{ Mask = 168, Description = row #5, Cells = 9, CellsWithMask = 3, CleanableCellsCount = 0
   Cells:
      Discriminator: 4, Description: row #5, Index: 36, Row: 4, Column: 0
      Discriminator: 4, Description: row #5, Index: 37, Row: 4, Column: 1
      Discriminator: 4, Description: row #5, Index: 38, Row: 4, Column: 2
      Discriminator: 4, Description: row #5, Index: 39, Row: 4, Column: 3
      Discriminator: 4, Description: row #5, Index: 40, Row: 4, Column: 4
      Discriminator: 4, Description: row #5, Index: 41, Row: 4, Column: 5
      Discriminator: 4, Description: row #5, Index: 42, Row: 4, Column: 6
      Discriminator: 4, Description: row #5, Index: 43, Row: 4, Column: 7
      Discriminator: 4, Description: row #5, Index: 44, Row: 4, Column: 8
   CellsWithMask:
      Discriminator: 4, Description: row #5, Index: 40, Row: 4, Column: 4
      Discriminator: 4, Description: row #5, Index: 41, Row: 4, Column: 5
      Discriminator: 4, Description: row #5, Index: 43, Row: 4, Column: 7
}
{ Mask = 236, Description = column #5, Cells = 9, CellsWithMask = 5, CleanableCellsCount = 0
   Cells:
      Discriminator: 13, Description: column #5, Index: 4, Row: 0, Column: 4
      Discriminator: 13, Description: column #5, Index: 13, Row: 1, Column: 4
      Discriminator: 13, Description: column #5, Index: 22, Row: 2, Column: 4
      Discriminator: 13, Description: column #5, Index: 31, Row: 3, Column: 4
      Discriminator: 13, Description: column #5, Index: 40, Row: 4, Column: 4
      Discriminator: 13, Description: column #5, Index: 49, Row: 5, Column: 4
      Discriminator: 13, Description: column #5, Index: 58, Row: 6, Column: 4
      Discriminator: 13, Description: column #5, Index: 67, Row: 7, Column: 4
      Discriminator: 13, Description: column #5, Index: 76, Row: 8, Column: 4
   CellsWithMask:
      Discriminator: 13, Description: column #5, Index: 13, Row: 1, Column: 4
      Discriminator: 13, Description: column #5, Index: 31, Row: 3, Column: 4
      Discriminator: 13, Description: column #5, Index: 40, Row: 4, Column: 4
      Discriminator: 13, Description: column #5, Index: 49, Row: 5, Column: 4
      Discriminator: 13, Description: column #5, Index: 58, Row: 6, Column: 4
}
{ Mask = 303, Description = column #4, Cells = 9, CellsWithMask = 6, CleanableCellsCount = 0
   Cells:
      Discriminator: 12, Description: column #4, Index: 3, Row: 0, Column: 3
      Discriminator: 12, Description: column #4, Index: 12, Row: 1, Column: 3
      Discriminator: 12, Description: column #4, Index: 21, Row: 2, Column: 3
      Discriminator: 12, Description: column #4, Index: 30, Row: 3, Column: 3
      Discriminator: 12, Description: column #4, Index: 39, Row: 4, Column: 3
      Discriminator: 12, Description: column #4, Index: 48, Row: 5, Column: 3
      Discriminator: 12, Description: column #4, Index: 57, Row: 6, Column: 3
      Discriminator: 12, Description: column #4, Index: 66, Row: 7, Column: 3
      Discriminator: 12, Description: column #4, Index: 75, Row: 8, Column: 3
   CellsWithMask:
      Discriminator: 12, Description: column #4, Index: 3, Row: 0, Column: 3
      Discriminator: 12, Description: column #4, Index: 30, Row: 3, Column: 3
      Discriminator: 12, Description: column #4, Index: 48, Row: 5, Column: 3
      Discriminator: 12, Description: column #4, Index: 57, Row: 6, Column: 3
      Discriminator: 12, Description: column #4, Index: 66, Row: 7, Column: 3
      Discriminator: 12, Description: column #4, Index: 75, Row: 8, Column: 3
}
{ Mask = 364, Description = row #6, Cells = 9, CellsWithMask = 5, CleanableCellsCount = 0
   Cells:
      Discriminator: 5, Description: row #6, Index: 45, Row: 5, Column: 0
      Discriminator: 5, Description: row #6, Index: 46, Row: 5, Column: 1
      Discriminator: 5, Description: row #6, Index: 47, Row: 5, Column: 2
      Discriminator: 5, Description: row #6, Index: 48, Row: 5, Column: 3
      Discriminator: 5, Description: row #6, Index: 49, Row: 5, Column: 4
      Discriminator: 5, Description: row #6, Index: 50, Row: 5, Column: 5
      Discriminator: 5, Description: row #6, Index: 51, Row: 5, Column: 6
      Discriminator: 5, Description: row #6, Index: 52, Row: 5, Column: 7
      Discriminator: 5, Description: row #6, Index: 53, Row: 5, Column: 8
   CellsWithMask:
      Discriminator: 5, Description: row #6, Index: 46, Row: 5, Column: 1
      Discriminator: 5, Description: row #6, Index: 48, Row: 5, Column: 3
      Discriminator: 5, Description: row #6, Index: 49, Row: 5, Column: 4
      Discriminator: 5, Description: row #6, Index: 51, Row: 5, Column: 6
      Discriminator: 5, Description: row #6, Index: 52, Row: 5, Column: 7
}
{ Mask = 388, Description = column #3, Cells = 9, CellsWithMask = 3, CleanableCellsCount = 0
   Cells:
      Discriminator: 11, Description: column #3, Index: 2, Row: 0, Column: 2
      Discriminator: 11, Description: column #3, Index: 11, Row: 1, Column: 2
      Discriminator: 11, Description: column #3, Index: 20, Row: 2, Column: 2
      Discriminator: 11, Description: column #3, Index: 29, Row: 3, Column: 2
      Discriminator: 11, Description: column #3, Index: 38, Row: 4, Column: 2
      Discriminator: 11, Description: column #3, Index: 47, Row: 5, Column: 2
      Discriminator: 11, Description: column #3, Index: 56, Row: 6, Column: 2
      Discriminator: 11, Description: column #3, Index: 65, Row: 7, Column: 2
      Discriminator: 11, Description: column #3, Index: 74, Row: 8, Column: 2
   CellsWithMask:
      Discriminator: 11, Description: column #3, Index: 29, Row: 3, Column: 2
      Discriminator: 11, Description: column #3, Index: 56, Row: 6, Column: 2
      Discriminator: 11, Description: column #3, Index: 74, Row: 8, Column: 2
}
{ Mask = 389, Description = row #7, Cells = 9, CellsWithMask = 4, CleanableCellsCount = 0
   Cells:
      Discriminator: 6, Description: row #7, Index: 54, Row: 6, Column: 0
      Discriminator: 6, Description: row #7, Index: 55, Row: 6, Column: 1
      Discriminator: 6, Description: row #7, Index: 56, Row: 6, Column: 2
      Discriminator: 6, Description: row #7, Index: 57, Row: 6, Column: 3
      Discriminator: 6, Description: row #7, Index: 58, Row: 6, Column: 4
      Discriminator: 6, Description: row #7, Index: 59, Row: 6, Column: 5
      Discriminator: 6, Description: row #7, Index: 60, Row: 6, Column: 6
      Discriminator: 6, Description: row #7, Index: 61, Row: 6, Column: 7
      Discriminator: 6, Description: row #7, Index: 62, Row: 6, Column: 8
   CellsWithMask:
      Discriminator: 6, Description: row #7, Index: 55, Row: 6, Column: 1
      Discriminator: 6, Description: row #7, Index: 56, Row: 6, Column: 2
      Discriminator: 6, Description: row #7, Index: 57, Row: 6, Column: 3
      Discriminator: 6, Description: row #7, Index: 58, Row: 6, Column: 4
}
{ Mask = 389, Description = block (3, 1), Cells = 9, CellsWithMask = 4, CleanableCellsCount = 0
   Cells:
      Discriminator: 24, Description: block (3, 1), Index: 54, Row: 6, Column: 0
      Discriminator: 24, Description: block (3, 1), Index: 55, Row: 6, Column: 1
      Discriminator: 24, Description: block (3, 1), Index: 56, Row: 6, Column: 2
      Discriminator: 24, Description: block (3, 1), Index: 63, Row: 7, Column: 0
      Discriminator: 24, Description: block (3, 1), Index: 64, Row: 7, Column: 1
      Discriminator: 24, Description: block (3, 1), Index: 65, Row: 7, Column: 2
      Discriminator: 24, Description: block (3, 1), Index: 72, Row: 8, Column: 0
      Discriminator: 24, Description: block (3, 1), Index: 73, Row: 8, Column: 1
      Discriminator: 24, Description: block (3, 1), Index: 74, Row: 8, Column: 2
   CellsWithMask:
      Discriminator: 24, Description: block (3, 1), Index: 55, Row: 6, Column: 1
      Discriminator: 24, Description: block (3, 1), Index: 56, Row: 6, Column: 2
      Discriminator: 24, Description: block (3, 1), Index: 73, Row: 8, Column: 1
      Discriminator: 24, Description: block (3, 1), Index: 74, Row: 8, Column: 2
}
{ Mask = 416, Description = block (2, 1), Cells = 9, CellsWithMask = 3, CleanableCellsCount = 0
   Cells:
      Discriminator: 21, Description: block (2, 1), Index: 27, Row: 3, Column: 0
      Discriminator: 21, Description: block (2, 1), Index: 28, Row: 3, Column: 1
      Discriminator: 21, Description: block (2, 1), Index: 29, Row: 3, Column: 2
      Discriminator: 21, Description: block (2, 1), Index: 36, Row: 4, Column: 0
      Discriminator: 21, Description: block (2, 1), Index: 37, Row: 4, Column: 1
      Discriminator: 21, Description: block (2, 1), Index: 38, Row: 4, Column: 2
      Discriminator: 21, Description: block (2, 1), Index: 45, Row: 5, Column: 0
      Discriminator: 21, Description: block (2, 1), Index: 46, Row: 5, Column: 1
      Discriminator: 21, Description: block (2, 1), Index: 47, Row: 5, Column: 2
   CellsWithMask:
      Discriminator: 21, Description: block (2, 1), Index: 28, Row: 3, Column: 1
      Discriminator: 21, Description: block (2, 1), Index: 29, Row: 3, Column: 2
      Discriminator: 21, Description: block (2, 1), Index: 46, Row: 5, Column: 1
}
{ Mask = 417, Description = column #2, Cells = 9, CellsWithMask = 4, CleanableCellsCount = 0
   Cells:
      Discriminator: 10, Description: column #2, Index: 1, Row: 0, Column: 1
      Discriminator: 10, Description: column #2, Index: 10, Row: 1, Column: 1
      Discriminator: 10, Description: column #2, Index: 19, Row: 2, Column: 1
      Discriminator: 10, Description: column #2, Index: 28, Row: 3, Column: 1
      Discriminator: 10, Description: column #2, Index: 37, Row: 4, Column: 1
      Discriminator: 10, Description: column #2, Index: 46, Row: 5, Column: 1
      Discriminator: 10, Description: column #2, Index: 55, Row: 6, Column: 1
      Discriminator: 10, Description: column #2, Index: 64, Row: 7, Column: 1
      Discriminator: 10, Description: column #2, Index: 73, Row: 8, Column: 1
   CellsWithMask:
      Discriminator: 10, Description: column #2, Index: 28, Row: 3, Column: 1
      Discriminator: 10, Description: column #2, Index: 46, Row: 5, Column: 1
      Discriminator: 10, Description: column #2, Index: 55, Row: 6, Column: 1
      Discriminator: 10, Description: column #2, Index: 73, Row: 8, Column: 1
}
{ Mask = 484, Description = row #4, Cells = 9, CellsWithMask = 5, CleanableCellsCount = 0
   Cells:
      Discriminator: 3, Description: row #4, Index: 27, Row: 3, Column: 0
      Discriminator: 3, Description: row #4, Index: 28, Row: 3, Column: 1
      Discriminator: 3, Description: row #4, Index: 29, Row: 3, Column: 2
      Discriminator: 3, Description: row #4, Index: 30, Row: 3, Column: 3
      Discriminator: 3, Description: row #4, Index: 31, Row: 3, Column: 4
      Discriminator: 3, Description: row #4, Index: 32, Row: 3, Column: 5
      Discriminator: 3, Description: row #4, Index: 33, Row: 3, Column: 6
      Discriminator: 3, Description: row #4, Index: 34, Row: 3, Column: 7
      Discriminator: 3, Description: row #4, Index: 35, Row: 3, Column: 8
   CellsWithMask:
      Discriminator: 3, Description: row #4, Index: 28, Row: 3, Column: 1
      Discriminator: 3, Description: row #4, Index: 29, Row: 3, Column: 2
      Discriminator: 3, Description: row #4, Index: 30, Row: 3, Column: 3
      Discriminator: 3, Description: row #4, Index: 31, Row: 3, Column: 4
      Discriminator: 3, Description: row #4, Index: 34, Row: 3, Column: 7
}
{ Mask = 492, Description = block (2, 2), Cells = 9, CellsWithMask = 6, CleanableCellsCount = 0
   Cells:
      Discriminator: 22, Description: block (2, 2), Index: 30, Row: 3, Column: 3
      Discriminator: 22, Description: block (2, 2), Index: 31, Row: 3, Column: 4
      Discriminator: 22, Description: block (2, 2), Index: 32, Row: 3, Column: 5
      Discriminator: 22, Description: block (2, 2), Index: 39, Row: 4, Column: 3
      Discriminator: 22, Description: block (2, 2), Index: 40, Row: 4, Column: 4
      Discriminator: 22, Description: block (2, 2), Index: 41, Row: 4, Column: 5
      Discriminator: 22, Description: block (2, 2), Index: 48, Row: 5, Column: 3
      Discriminator: 22, Description: block (2, 2), Index: 49, Row: 5, Column: 4
      Discriminator: 22, Description: block (2, 2), Index: 50, Row: 5, Column: 5
   CellsWithMask:
      Discriminator: 22, Description: block (2, 2), Index: 30, Row: 3, Column: 3
      Discriminator: 22, Description: block (2, 2), Index: 31, Row: 3, Column: 4
      Discriminator: 22, Description: block (2, 2), Index: 40, Row: 4, Column: 4
      Discriminator: 22, Description: block (2, 2), Index: 41, Row: 4, Column: 5
      Discriminator: 22, Description: block (2, 2), Index: 48, Row: 5, Column: 3
      Discriminator: 22, Description: block (2, 2), Index: 49, Row: 5, Column: 4
}

---------------------

