
Final look of the solved board:
+---+---+---+
|972|365|148|
|586|417|239|
|431|298|657|
+---+---+---+
|295|876|413|
|764|153|982|
|813|942|576|
+---+---+---+
|148|729|365|
|359|684|721|
|627|531|894|
+---+---+---+

Starting look of the board to solve:
+---+---+---+
|9..|..5|...|
|586|.1.|23.|
|...|.9.|6..|
+---+---+---+
|2.5|.7.|413|
|7..|..3|...|
|...|..2|...|
+---+---+---+
|1..|.2.|.65|
|3..|6.4|7..|
|627|...|...|
+---+---+---+

================================================================================

(2, 6) can only contain 7.
+---+---+---+
|9..|..5|...|
|586|.17|23.|
|...|.9.|6..|
+---+---+---+
|2.5|.7.|413|
|7..|..3|...|
|...|..2|...|
+---+---+---+
|1..|.2.|.65|
|3..|6.4|7..|
|627|...|...|
+---+---+---+
Code: 900005000586017230000090600205070413700003000000002000100020065300604700627000000

(2, 4) can only contain 4.
+---+---+---+
|9..|..5|...|
|586|417|23.|
|...|.9.|6..|
+---+---+---+
|2.5|.7.|413|
|7..|..3|...|
|...|..2|...|
+---+---+---+
|1..|.2.|.65|
|3..|6.4|7..|
|627|...|...|
+---+---+---+
Code: 900005000586417230000090600205070413700003000000002000100020065300604700627000000

(3, 1) can only contain 4.
+---+---+---+
|9..|..5|...|
|586|417|23.|
|4..|.9.|6..|
+---+---+---+
|2.5|.7.|413|
|7..|..3|...|
|...|..2|...|
+---+---+---+
|1..|.2.|.65|
|3..|6.4|7..|
|627|...|...|
+---+---+---+
Code: 900005000586417230400090600205070413700003000000002000100020065300604700627000000

(6, 1) can only contain 8.
+---+---+---+
|9..|..5|...|
|586|417|23.|
|4..|.9.|6..|
+---+---+---+
|2.5|.7.|413|
|7..|..3|...|
|8..|..2|...|
+---+---+---+
|1..|.2.|.65|
|3..|6.4|7..|
|627|...|...|
+---+---+---+
Code: 900005000586417230400090600205070413700003000800002000100020065300604700627000000

(2, 9) can only contain 9.
+---+---+---+
|9..|..5|...|
|586|417|239|
|4..|.9.|6..|
+---+---+---+
|2.5|.7.|413|
|7..|..3|...|
|8..|..2|...|
+---+---+---+
|1..|.2.|.65|
|3..|6.4|7..|
|627|...|...|
+---+---+---+
Code: 900005000586417239400090600205070413700003000800002000100020065300604700627000000

(3, 6) can only contain 8.
+---+---+---+
|9..|..5|...|
|586|417|239|
|4..|.98|6..|
+---+---+---+
|2.5|.7.|413|
|7..|..3|...|
|8..|..2|...|
+---+---+---+
|1..|.2.|.65|
|3..|6.4|7..|
|627|...|...|
+---+---+---+
Code: 900005000586417239400098600205070413700003000800002000100020065300604700627000000

(7, 6) can only contain 9.
+---+---+---+
|9..|..5|...|
|586|417|239|
|4..|.98|6..|
+---+---+---+
|2.5|.7.|413|
|7..|..3|...|
|8..|..2|...|
+---+---+---+
|1..|.29|.65|
|3..|6.4|7..|
|627|...|...|
+---+---+---+
Code: 900005000586417239400098600205070413700003000800002000100029065300604700627000000

(4, 6) can only contain 6.
+---+---+---+
|9..|..5|...|
|586|417|239|
|4..|.98|6..|
+---+---+---+
|2.5|.76|413|
|7..|..3|...|
|8..|..2|...|
+---+---+---+
|1..|.29|.65|
|3..|6.4|7..|
|627|...|...|
+---+---+---+
Code: 900005000586417239400098600205076413700003000800002000100029065300604700627000000

(9, 6) can only contain 1.
+---+---+---+
|9..|..5|...|
|586|417|239|
|4..|.98|6..|
+---+---+---+
|2.5|.76|413|
|7..|..3|...|
|8..|..2|...|
+---+---+---+
|1..|.29|.65|
|3..|6.4|7..|
|627|..1|...|
+---+---+---+
Code: 900005000586417239400098600205076413700003000800002000100029065300604700627001000

(7, 2) can only contain 4.
+---+---+---+
|9..|..5|...|
|586|417|239|
|4..|.98|6..|
+---+---+---+
|2.5|.76|413|
|7..|..3|...|
|8..|..2|...|
+---+---+---+
|14.|.29|.65|
|3..|6.4|7..|
|627|..1|...|
+---+---+---+
Code: 900005000586417239400098600205076413700003000800002000140029065300604700627001000

(4, 2) can only contain 9.
+---+---+---+
|9..|..5|...|
|586|417|239|
|4..|.98|6..|
+---+---+---+
|295|.76|413|
|7..|..3|...|
|8..|..2|...|
+---+---+---+
|14.|.29|.65|
|3..|6.4|7..|
|627|..1|...|
+---+---+---+
Code: 900005000586417239400098600295076413700003000800002000140029065300604700627001000

(4, 4) can only contain 8.
+---+---+---+
|9..|..5|...|
|586|417|239|
|4..|.98|6..|
+---+---+---+
|295|876|413|
|7..|..3|...|
|8..|..2|...|
+---+---+---+
|14.|.29|.65|
|3..|6.4|7..|
|627|..1|...|
+---+---+---+
Code: 900005000586417239400098600295876413700003000800002000140029065300604700627001000

(8, 2) can only contain 5.
+---+---+---+
|9..|..5|...|
|586|417|239|
|4..|.98|6..|
+---+---+---+
|295|876|413|
|7..|..3|...|
|8..|..2|...|
+---+---+---+
|14.|.29|.65|
|35.|6.4|7..|
|627|..1|...|
+---+---+---+
Code: 900005000586417239400098600295876413700003000800002000140029065350604700627001000

(8, 5) can only contain 8.
+---+---+---+
|9..|..5|...|
|586|417|239|
|4..|.98|6..|
+---+---+---+
|295|876|413|
|7..|..3|...|
|8..|..2|...|
+---+---+---+
|14.|.29|.65|
|35.|684|7..|
|627|..1|...|
+---+---+---+
Code: 900005000586417239400098600295876413700003000800002000140029065350684700627001000

(8, 3) can only contain 9.
+---+---+---+
|9..|..5|...|
|586|417|239|
|4..|.98|6..|
+---+---+---+
|295|876|413|
|7..|..3|...|
|8..|..2|...|
+---+---+---+
|14.|.29|.65|
|359|684|7..|
|627|..1|...|
+---+---+---+
Code: 900005000586417239400098600295876413700003000800002000140029065359684700627001000

(7, 3) can only contain 8.
+---+---+---+
|9..|..5|...|
|586|417|239|
|4..|.98|6..|
+---+---+---+
|295|876|413|
|7..|..3|...|
|8..|..2|...|
+---+---+---+
|148|.29|.65|
|359|684|7..|
|627|..1|...|
+---+---+---+
Code: 900005000586417239400098600295876413700003000800002000148029065359684700627001000

(7, 7) can only contain 3.
+---+---+---+
|9..|..5|...|
|586|417|239|
|4..|.98|6..|
+---+---+---+
|295|876|413|
|7..|..3|...|
|8..|..2|...|
+---+---+---+
|148|.29|365|
|359|684|7..|
|627|..1|...|
+---+---+---+
Code: 900005000586417239400098600295876413700003000800002000148029365359684700627001000

(7, 4) can only contain 7.
+---+---+---+
|9..|..5|...|
|586|417|239|
|4..|.98|6..|
+---+---+---+
|295|876|413|
|7..|..3|...|
|8..|..2|...|
+---+---+---+
|148|729|365|
|359|684|7..|
|627|..1|...|
+---+---+---+
Code: 900005000586417239400098600295876413700003000800002000148729365359684700627001000

(8, 8) can only contain 2.
+---+---+---+
|9..|..5|...|
|586|417|239|
|4..|.98|6..|
+---+---+---+
|295|876|413|
|7..|..3|...|
|8..|..2|...|
+---+---+---+
|148|729|365|
|359|684|72.|
|627|..1|...|
+---+---+---+
Code: 900005000586417239400098600295876413700003000800002000148729365359684720627001000

(8, 9) can only contain 1.
+---+---+---+
|9..|..5|...|
|586|417|239|
|4..|.98|6..|
+---+---+---+
|295|876|413|
|7..|..3|...|
|8..|..2|...|
+---+---+---+
|148|729|365|
|359|684|721|
|627|..1|...|
+---+---+---+
Code: 900005000586417239400098600295876413700003000800002000148729365359684721627001000

(3, 9) can only contain 7.
+---+---+---+
|9..|..5|...|
|586|417|239|
|4..|.98|6.7|
+---+---+---+
|295|876|413|
|7..|..3|...|
|8..|..2|...|
+---+---+---+
|148|729|365|
|359|684|721|
|627|..1|...|
+---+---+---+
Code: 900005000586417239400098607295876413700003000800002000148729365359684721627001000

(3, 8) can only contain 5.
+---+---+---+
|9..|..5|...|
|586|417|239|
|4..|.98|657|
+---+---+---+
|295|876|413|
|7..|..3|...|
|8..|..2|...|
+---+---+---+
|148|729|365|
|359|684|721|
|627|..1|...|
+---+---+---+
Code: 900005000586417239400098657295876413700003000800002000148729365359684721627001000

(6, 9) can only contain 6.
+---+---+---+
|9..|..5|...|
|586|417|239|
|4..|.98|657|
+---+---+---+
|295|876|413|
|7..|..3|...|
|8..|..2|..6|
+---+---+---+
|148|729|365|
|359|684|721|
|627|..1|...|
+---+---+---+
Code: 900005000586417239400098657295876413700003000800002006148729365359684721627001000

Column #8 can contain 7 only at (6, 8).
+---+---+---+
|9..|..5|...|
|586|417|239|
|4..|.98|657|
+---+---+---+
|295|876|413|
|7..|..3|...|
|8..|..2|.76|
+---+---+---+
|148|729|365|
|359|684|721|
|627|..1|...|
+---+---+---+
Code: 900005000586417239400098657295876413700003000800002076148729365359684721627001000

Row #1 can contain 6 only at (1, 5).
+---+---+---+
|9..|.65|...|
|586|417|239|
|4..|.98|657|
+---+---+---+
|295|876|413|
|7..|..3|...|
|8..|..2|.76|
+---+---+---+
|148|729|365|
|359|684|721|
|627|..1|...|
+---+---+---+
Code: 900065000586417239400098657295876413700003000800002076148729365359684721627001000

Column #9 can contain 2 only at (5, 9).
+---+---+---+
|9..|.65|...|
|586|417|239|
|4..|.98|657|
+---+---+---+
|295|876|413|
|7..|..3|..2|
|8..|..2|.76|
+---+---+---+
|148|729|365|
|359|684|721|
|627|..1|...|
+---+---+---+
Code: 900065000586417239400098657295876413700003002800002076148729365359684721627001000

Column #2 can contain 7 only at (1, 2).
+---+---+---+
|97.|.65|...|
|586|417|239|
|4..|.98|657|
+---+---+---+
|295|876|413|
|7..|..3|..2|
|8..|..2|.76|
+---+---+---+
|148|729|365|
|359|684|721|
|627|..1|...|
+---+---+---+
Code: 970065000586417239400098657295876413700003002800002076148729365359684721627001000

Block (1, 3) can contain 1 only at (1, 7).
+---+---+---+
|97.|.65|1..|
|586|417|239|
|4..|.98|657|
+---+---+---+
|295|876|413|
|7..|..3|..2|
|8..|..2|.76|
+---+---+---+
|148|729|365|
|359|684|721|
|627|..1|...|
+---+---+---+
Code: 970065100586417239400098657295876413700003002800002076148729365359684721627001000

Row #5 can contain 6 only at (5, 2).
+---+---+---+
|97.|.65|1..|
|586|417|239|
|4..|.98|657|
+---+---+---+
|295|876|413|
|76.|..3|..2|
|8..|..2|.76|
+---+---+---+
|148|729|365|
|359|684|721|
|627|..1|...|
+---+---+---+
Code: 970065100586417239400098657295876413760003002800002076148729365359684721627001000

Column #5 can contain 3 only at (9, 5).
+---+---+---+
|97.|.65|1..|
|586|417|239|
|4..|.98|657|
+---+---+---+
|295|876|413|
|76.|..3|..2|
|8..|..2|.76|
+---+---+---+
|148|729|365|
|359|684|721|
|627|.31|...|
+---+---+---+
Code: 970065100586417239400098657295876413760003002800002076148729365359684721627031000

(9, 4) can only contain 5.
+---+---+---+
|97.|.65|1..|
|586|417|239|
|4..|.98|657|
+---+---+---+
|295|876|413|
|76.|..3|..2|
|8..|..2|.76|
+---+---+---+
|148|729|365|
|359|684|721|
|627|531|...|
+---+---+---+
Code: 970065100586417239400098657295876413760003002800002076148729365359684721627531000


---------------------
{ Mask = 5, Description = column #2, Cells = 9, CellsWithMask = 2, CleanableCellsCount = 0 }
{ Mask = 6, Description = row #1, Cells = 9, CellsWithMask = 2, CleanableCellsCount = 0 }
{ Mask = 6, Description = column #4, Cells = 9, CellsWithMask = 2, CleanableCellsCount = 0 }
{ Mask = 6, Description = block (1, 2), Cells = 9, CellsWithMask = 2, CleanableCellsCount = 0 }
{ Mask = 7, Description = row #3, Cells = 9, CellsWithMask = 3, CleanableCellsCount = 0 }
{ Mask = 7, Description = block (1, 1), Cells = 9, CellsWithMask = 3, CleanableCellsCount = 0 }
{ Mask = 13, Description = block (2, 1), Cells = 9, CellsWithMask = 3, CleanableCellsCount = 0 }
{ Mask = 15, Description = column #3, Cells = 9, CellsWithMask = 4, CleanableCellsCount = 0 }
{ Mask = 24, Description = column #5, Cells = 9, CellsWithMask = 2, CleanableCellsCount = 0 }
{ Mask = 24, Description = block (2, 2), Cells = 9, CellsWithMask = 2, CleanableCellsCount = 0 }
{ Mask = 136, Description = row #1, Cells = 9, CellsWithMask = 2, CleanableCellsCount = 0 }
{ Mask = 136, Description = column #9, Cells = 9, CellsWithMask = 2, CleanableCellsCount = 0 }
{ Mask = 136, Description = block (1, 3), Cells = 9, CellsWithMask = 2, CleanableCellsCount = 0 }
{ Mask = 142, Description = row #1, Cells = 9, CellsWithMask = 4, CleanableCellsCount = 0 }
{ Mask = 257, Description = column #4, Cells = 9, CellsWithMask = 2, CleanableCellsCount = 0 }
{ Mask = 257, Description = block (2, 2), Cells = 9, CellsWithMask = 2, CleanableCellsCount = 0 }
{ Mask = 263, Description = column #4, Cells = 9, CellsWithMask = 4, CleanableCellsCount = 0 }
{ Mask = 281, Description = block (2, 2), Cells = 9, CellsWithMask = 4, CleanableCellsCount = 0 }
{ Mask = 285, Description = row #6, Cells = 9, CellsWithMask = 5, CleanableCellsCount = 0 }
{ Mask = 392, Description = row #9, Cells = 9, CellsWithMask = 3, CleanableCellsCount = 0 }
{ Mask = 392, Description = column #8, Cells = 9, CellsWithMask = 3, CleanableCellsCount = 0 }
{ Mask = 392, Description = block (3, 3), Cells = 9, CellsWithMask = 3, CleanableCellsCount = 0 }
{ Mask = 400, Description = column #7, Cells = 9, CellsWithMask = 3, CleanableCellsCount = 0 }
{ Mask = 400, Description = block (2, 3), Cells = 9, CellsWithMask = 3, CleanableCellsCount = 0 }
{ Mask = 409, Description = row #5, Cells = 9, CellsWithMask = 5, CleanableCellsCount = 0 }

---------------------

