
Final look of the solved board:
+---+---+---+
|315|674|982|
|492|538|167|
|876|129|345|
+---+---+---+
|649|753|821|
|137|982|654|
|528|461|739|
+---+---+---+
|284|397|516|
|953|216|478|
|761|845|293|
+---+---+---+

Starting look of the board to solve:
+---+---+---+
|...|..4|.8.|
|492|..8|..7|
|.7.|.2.|..5|
+---+---+---+
|.49|75.|...|
|..7|9..|..4|
|5..|..1|.39|
+---+---+---+
|...|39.|.16|
|95.|...|4..|
|.6.|..5|...|
+---+---+---+

================================================================================

(2, 8) can only contain 6.
+---+---+---+
|...|..4|.8.|
|492|..8|.67|
|.7.|.2.|..5|
+---+---+---+
|.49|75.|...|
|..7|9..|..4|
|5..|..1|.39|
+---+---+---+
|...|39.|.16|
|95.|...|4..|
|.6.|..5|...|
+---+---+---+
Code: 000004080492008067070020005049750000007900004500001039000390016950000400060005000

(4, 8) can only contain 2.
+---+---+---+
|...|..4|.8.|
|492|..8|.67|
|.7.|.2.|..5|
+---+---+---+
|.49|75.|.2.|
|..7|9..|..4|
|5..|..1|.39|
+---+---+---+
|...|39.|.16|
|95.|...|4..|
|.6.|..5|...|
+---+---+---+
Code: 000004080492008067070020005049750020007900004500001039000390016950000400060005000

(5, 8) can only contain 5.
+---+---+---+
|...|..4|.8.|
|492|..8|.67|
|.7.|.2.|..5|
+---+---+---+
|.49|75.|.2.|
|..7|9..|.54|
|5..|..1|.39|
+---+---+---+
|...|39.|.16|
|95.|...|4..|
|.6.|..5|...|
+---+---+---+
Code: 000004080492008067070020005049750020007900054500001039000390016950000400060005000

(8, 8) can only contain 7.
+---+---+---+
|...|..4|.8.|
|492|..8|.67|
|.7.|.2.|..5|
+---+---+---+
|.49|75.|.2.|
|..7|9..|.54|
|5..|..1|.39|
+---+---+---+
|...|39.|.16|
|95.|...|47.|
|.6.|..5|...|
+---+---+---+
Code: 000004080492008067070020005049750020007900054500001039000390016950000470060005000

(9, 8) can only contain 9.
+---+---+---+
|...|..4|.8.|
|492|..8|.67|
|.7.|.2.|..5|
+---+---+---+
|.49|75.|.2.|
|..7|9..|.54|
|5..|..1|.39|
+---+---+---+
|...|39.|.16|
|95.|...|47.|
|.6.|..5|.9.|
+---+---+---+
Code: 000004080492008067070020005049750020007900054500001039000390016950000470060005090

(3, 8) can only contain 4.
+---+---+---+
|...|..4|.8.|
|492|..8|.67|
|.7.|.2.|.45|
+---+---+---+
|.49|75.|.2.|
|..7|9..|.54|
|5..|..1|.39|
+---+---+---+
|...|39.|.16|
|95.|...|47.|
|.6.|..5|.9.|
+---+---+---+
Code: 000004080492008067070020045049750020007900054500001039000390016950000470060005090

Row #2 can contain 5 only at (2, 4).
+---+---+---+
|...|..4|.8.|
|492|5.8|.67|
|.7.|.2.|.45|
+---+---+---+
|.49|75.|.2.|
|..7|9..|.54|
|5..|..1|.39|
+---+---+---+
|...|39.|.16|
|95.|...|47.|
|.6.|..5|.9.|
+---+---+---+
Code: 000004080492508067070020045049750020007900054500001039000390016950000470060005090

Block (1, 2) can contain 7 only at (1, 5).
+---+---+---+
|...|.74|.8.|
|492|5.8|.67|
|.7.|.2.|.45|
+---+---+---+
|.49|75.|.2.|
|..7|9..|.54|
|5..|..1|.39|
+---+---+---+
|...|39.|.16|
|95.|...|47.|
|.6.|..5|.9.|
+---+---+---+
Code: 000074080492508067070020045049750020007900054500001039000390016950000470060005090

Block (1, 2) can contain 9 only at (3, 6).
+---+---+---+
|...|.74|.8.|
|492|5.8|.67|
|.7.|.29|.45|
+---+---+---+
|.49|75.|.2.|
|..7|9..|.54|
|5..|..1|.39|
+---+---+---+
|...|39.|.16|
|95.|...|47.|
|.6.|..5|.9.|
+---+---+---+
Code: 000074080492508067070029045049750020007900054500001039000390016950000470060005090

Column #7 can contain 7 only at (6, 7).
+---+---+---+
|...|.74|.8.|
|492|5.8|.67|
|.7.|.29|.45|
+---+---+---+
|.49|75.|.2.|
|..7|9..|.54|
|5..|..1|739|
+---+---+---+
|...|39.|.16|
|95.|...|47.|
|.6.|..5|.9.|
+---+---+---+
Code: 000074080492508067070029045049750020007900054500001739000390016950000470060005090

Block (1, 3) can contain 9 only at (1, 7).
+---+---+---+
|...|.74|98.|
|492|5.8|.67|
|.7.|.29|.45|
+---+---+---+
|.49|75.|.2.|
|..7|9..|.54|
|5..|..1|739|
+---+---+---+
|...|39.|.16|
|95.|...|47.|
|.6.|..5|.9.|
+---+---+---+
Code: 000074980492508067070029045049750020007900054500001739000390016950000470060005090

Row #9 can contain 7 only at (9, 1).
+---+---+---+
|...|.74|98.|
|492|5.8|.67|
|.7.|.29|.45|
+---+---+---+
|.49|75.|.2.|
|..7|9..|.54|
|5..|..1|739|
+---+---+---+
|...|39.|.16|
|95.|...|47.|
|76.|..5|.9.|
+---+---+---+
Code: 000074980492508067070029045049750020007900054500001739000390016950000470760005090

Column #6 can contain 7 only at (7, 6).
+---+---+---+
|...|.74|98.|
|492|5.8|.67|
|.7.|.29|.45|
+---+---+---+
|.49|75.|.2.|
|..7|9..|.54|
|5..|..1|739|
+---+---+---+
|...|397|.16|
|95.|...|47.|
|76.|..5|.9.|
+---+---+---+
Code: 000074980492508067070029045049750020007900054500001739000397016950000470760005090

Block (3, 3) can contain 5 only at (7, 7).
+---+---+---+
|...|.74|98.|
|492|5.8|.67|
|.7.|.29|.45|
+---+---+---+
|.49|75.|.2.|
|..7|9..|.54|
|5..|..1|739|
+---+---+---+
|...|397|516|
|95.|...|47.|
|76.|..5|.9.|
+---+---+---+
Code: 000074980492508067070029045049750020007900054500001739000397516950000470760005090

Block (1, 1) can contain 5 only at (1, 3).
+---+---+---+
|..5|.74|98.|
|492|5.8|.67|
|.7.|.29|.45|
+---+---+---+
|.49|75.|.2.|
|..7|9..|.54|
|5..|..1|739|
+---+---+---+
|...|397|516|
|95.|...|47.|
|76.|..5|.9.|
+---+---+---+
Code: 005074980492508067070029045049750020007900054500001739000397516950000470760005090

Block (1, 3) can contain 2 only at (1, 9).
+---+---+---+
|..5|.74|982|
|492|5.8|.67|
|.7.|.29|.45|
+---+---+---+
|.49|75.|.2.|
|..7|9..|.54|
|5..|..1|739|
+---+---+---+
|...|397|516|
|95.|...|47.|
|76.|..5|.9.|
+---+---+---+
Code: 005074982492508067070029045049750020007900054500001739000397516950000470760005090

Row #7 can contain 4 only at (7, 3).
+---+---+---+
|..5|.74|982|
|492|5.8|.67|
|.7.|.29|.45|
+---+---+---+
|.49|75.|.2.|
|..7|9..|.54|
|5..|..1|739|
+---+---+---+
|..4|397|516|
|95.|...|47.|
|76.|..5|.9.|
+---+---+---+
Code: 005074982492508067070029045049750020007900054500001739004397516950000470760005090

Block (3, 3) can contain 2 only at (9, 7).
+---+---+---+
|..5|.74|982|
|492|5.8|.67|
|.7.|.29|.45|
+---+---+---+
|.49|75.|.2.|
|..7|9..|.54|
|5..|..1|739|
+---+---+---+
|..4|397|516|
|95.|...|47.|
|76.|..5|29.|
+---+---+---+
Code: 005074982492508067070029045049750020007900054500001739004397516950000470760005290

Block (1, 2) can contain 3 only at (2, 5).
+---+---+---+
|..5|.74|982|
|492|538|.67|
|.7.|.29|.45|
+---+---+---+
|.49|75.|.2.|
|..7|9..|.54|
|5..|..1|739|
+---+---+---+
|..4|397|516|
|95.|...|47.|
|76.|..5|29.|
+---+---+---+
Code: 005074982492538067070029045049750020007900054500001739004397516950000470760005290

(2, 7) can only contain 1.
+---+---+---+
|..5|.74|982|
|492|538|167|
|.7.|.29|.45|
+---+---+---+
|.49|75.|.2.|
|..7|9..|.54|
|5..|..1|739|
+---+---+---+
|..4|397|516|
|95.|...|47.|
|76.|..5|29.|
+---+---+---+
Code: 005074982492538167070029045049750020007900054500001739004397516950000470760005290

(3, 7) can only contain 3.
+---+---+---+
|..5|.74|982|
|492|538|167|
|.7.|.29|345|
+---+---+---+
|.49|75.|.2.|
|..7|9..|.54|
|5..|..1|739|
+---+---+---+
|..4|397|516|
|95.|...|47.|
|76.|..5|29.|
+---+---+---+
Code: 005074982492538167070029345049750020007900054500001739004397516950000470760005290

Block (2, 3) can contain 1 only at (4, 9).
+---+---+---+
|..5|.74|982|
|492|538|167|
|.7.|.29|345|
+---+---+---+
|.49|75.|.21|
|..7|9..|.54|
|5..|..1|739|
+---+---+---+
|..4|397|516|
|95.|...|47.|
|76.|..5|29.|
+---+---+---+
Code: 005074982492538167070029345049750021007900054500001739004397516950000470760005290


