
Final look of the solved board:
+---+---+---+
|341|572|968|
|657|849|312|
|298|316|547|
+---+---+---+
|583|197|426|
|129|654|873|
|476|238|159|
+---+---+---+
|934|721|685|
|765|483|291|
|812|965|734|
+---+---+---+

Starting look of the board to solve:
+---+---+---+
|3.1|5.2|.68|
|...|.49|.1.|
|..8|3..|...|
+---+---+---+
|58.|.9.|.2.|
|.2.|.54|..3|
|4..|...|.5.|
+---+---+---+
|93.|.21|...|
|..5|.8.|..1|
|...|...|.34|
+---+---+---+

================================================================================

(1, 5) can only contain 7.
+---+---+---+
|3.1|572|.68|
|...|.49|.1.|
|..8|3..|...|
+---+---+---+
|58.|.9.|.2.|
|.2.|.54|..3|
|4..|...|.5.|
+---+---+---+
|93.|.21|...|
|..5|.8.|..1|
|...|...|.34|
+---+---+---+
Code: 301572068000049010008300000580090020020054003400000050930021000005080001000000034

(9, 5) can only contain 6.
+---+---+---+
|3.1|572|.68|
|...|.49|.1.|
|..8|3..|...|
+---+---+---+
|58.|.9.|.2.|
|.2.|.54|..3|
|4..|...|.5.|
+---+---+---+
|93.|.21|...|
|..5|.8.|..1|
|...|.6.|.34|
+---+---+---+
Code: 301572068000049010008300000580090020020054003400000050930021000005080001000060034

(3, 5) can only contain 1.
+---+---+---+
|3.1|572|.68|
|...|.49|.1.|
|..8|31.|...|
+---+---+---+
|58.|.9.|.2.|
|.2.|.54|..3|
|4..|...|.5.|
+---+---+---+
|93.|.21|...|
|..5|.8.|..1|
|...|.6.|.34|
+---+---+---+
Code: 301572068000049010008310000580090020020054003400000050930021000005080001000060034

(6, 5) can only contain 3.
+---+---+---+
|3.1|572|.68|
|...|.49|.1.|
|..8|31.|...|
+---+---+---+
|58.|.9.|.2.|
|.2.|.54|..3|
|4..|.3.|.5.|
+---+---+---+
|93.|.21|...|
|..5|.8.|..1|
|...|.6.|.34|
+---+---+---+
Code: 301572068000049010008310000580090020020054003400030050930021000005080001000060034

(3, 6) can only contain 6.
+---+---+---+
|3.1|572|.68|
|...|.49|.1.|
|..8|316|...|
+---+---+---+
|58.|.9.|.2.|
|.2.|.54|..3|
|4..|.3.|.5.|
+---+---+---+
|93.|.21|...|
|..5|.8.|..1|
|...|.6.|.34|
+---+---+---+
Code: 301572068000049010008316000580090020020054003400030050930021000005080001000060034

(2, 4) can only contain 8.
+---+---+---+
|3.1|572|.68|
|...|849|.1.|
|..8|316|...|
+---+---+---+
|58.|.9.|.2.|
|.2.|.54|..3|
|4..|.3.|.5.|
+---+---+---+
|93.|.21|...|
|..5|.8.|..1|
|...|.6.|.34|
+---+---+---+
Code: 301572068000849010008316000580090020020054003400030050930021000005080001000060034

(4, 6) can only contain 7.
+---+---+---+
|3.1|572|.68|
|...|849|.1.|
|..8|316|...|
+---+---+---+
|58.|.97|.2.|
|.2.|.54|..3|
|4..|.3.|.5.|
+---+---+---+
|93.|.21|...|
|..5|.8.|..1|
|...|.6.|.34|
+---+---+---+
Code: 301572068000849010008316000580097020020054003400030050930021000005080001000060034

(8, 6) can only contain 3.
+---+---+---+
|3.1|572|.68|
|...|849|.1.|
|..8|316|...|
+---+---+---+
|58.|.97|.2.|
|.2.|.54|..3|
|4..|.3.|.5.|
+---+---+---+
|93.|.21|...|
|..5|.83|..1|
|...|.6.|.34|
+---+---+---+
Code: 301572068000849010008316000580097020020054003400030050930021000005083001000060034

(9, 6) can only contain 5.
+---+---+---+
|3.1|572|.68|
|...|849|.1.|
|..8|316|...|
+---+---+---+
|58.|.97|.2.|
|.2.|.54|..3|
|4..|.3.|.5.|
+---+---+---+
|93.|.21|...|
|..5|.83|..1|
|...|.65|.34|
+---+---+---+
Code: 301572068000849010008316000580097020020054003400030050930021000005083001000065034

(4, 9) can only contain 6.
+---+---+---+
|3.1|572|.68|
|...|849|.1.|
|..8|316|...|
+---+---+---+
|58.|.97|.26|
|.2.|.54|..3|
|4..|.3.|.5.|
+---+---+---+
|93.|.21|...|
|..5|.83|..1|
|...|.65|.34|
+---+---+---+
Code: 301572068000849010008316000580097026020054003400030050930021000005083001000065034

(4, 4) can only contain 1.
+---+---+---+
|3.1|572|.68|
|...|849|.1.|
|..8|316|...|
+---+---+---+
|58.|197|.26|
|.2.|.54|..3|
|4..|.3.|.5.|
+---+---+---+
|93.|.21|...|
|..5|.83|..1|
|...|.65|.34|
+---+---+---+
Code: 301572068000849010008316000580197026020054003400030050930021000005083001000065034

(6, 6) can only contain 8.
+---+---+---+
|3.1|572|.68|
|...|849|.1.|
|..8|316|...|
+---+---+---+
|58.|197|.26|
|.2.|.54|..3|
|4..|.38|.5.|
+---+---+---+
|93.|.21|...|
|..5|.83|..1|
|...|.65|.34|
+---+---+---+
Code: 301572068000849010008316000580197026020054003400038050930021000005083001000065034

(4, 7) can only contain 4.
+---+---+---+
|3.1|572|.68|
|...|849|.1.|
|..8|316|...|
+---+---+---+
|58.|197|426|
|.2.|.54|..3|
|4..|.38|.5.|
+---+---+---+
|93.|.21|...|
|..5|.83|..1|
|...|.65|.34|
+---+---+---+
Code: 301572068000849010008316000580197426020054003400038050930021000005083001000065034

(1, 7) can only contain 9.
+---+---+---+
|3.1|572|968|
|...|849|.1.|
|..8|316|...|
+---+---+---+
|58.|197|426|
|.2.|.54|..3|
|4..|.38|.5.|
+---+---+---+
|93.|.21|...|
|..5|.83|..1|
|...|.65|.34|
+---+---+---+
Code: 301572968000849010008316000580197426020054003400038050930021000005083001000065034

(4, 3) can only contain 3.
+---+---+---+
|3.1|572|968|
|...|849|.1.|
|..8|316|...|
+---+---+---+
|583|197|426|
|.2.|.54|..3|
|4..|.38|.5.|
+---+---+---+
|93.|.21|...|
|..5|.83|..1|
|...|.65|.34|
+---+---+---+
Code: 301572968000849010008316000583197426020054003400038050930021000005083001000065034

(1, 2) can only contain 4.
+---+---+---+
|341|572|968|
|...|849|.1.|
|..8|316|...|
+---+---+---+
|583|197|426|
|.2.|.54|..3|
|4..|.38|.5.|
+---+---+---+
|93.|.21|...|
|..5|.83|..1|
|...|.65|.34|
+---+---+---+
Code: 341572968000849010008316000583197426020054003400038050930021000005083001000065034

(5, 4) can only contain 6.
+---+---+---+
|341|572|968|
|...|849|.1.|
|..8|316|...|
+---+---+---+
|583|197|426|
|.2.|654|..3|
|4..|.38|.5.|
+---+---+---+
|93.|.21|...|
|..5|.83|..1|
|...|.65|.34|
+---+---+---+
Code: 341572968000849010008316000583197426020654003400038050930021000005083001000065034

(6, 4) can only contain 2.
+---+---+---+
|341|572|968|
|...|849|.1.|
|..8|316|...|
+---+---+---+
|583|197|426|
|.2.|654|..3|
|4..|238|.5.|
+---+---+---+
|93.|.21|...|
|..5|.83|..1|
|...|.65|.34|
+---+---+---+
Code: 341572968000849010008316000583197426020654003400238050930021000005083001000065034

Column #8 can contain 4 only at (3, 8).
+---+---+---+
|341|572|968|
|...|849|.1.|
|..8|316|.4.|
+---+---+---+
|583|197|426|
|.2.|654|..3|
|4..|238|.5.|
+---+---+---+
|93.|.21|...|
|..5|.83|..1|
|...|.65|.34|
+---+---+---+
Code: 341572968000849010008316040583197426020654003400238050930021000005083001000065034

Block (3, 1) can contain 8 only at (9, 1).
+---+---+---+
|341|572|968|
|...|849|.1.|
|..8|316|.4.|
+---+---+---+
|583|197|426|
|.2.|654|..3|
|4..|238|.5.|
+---+---+---+
|93.|.21|...|
|..5|.83|..1|
|8..|.65|.34|
+---+---+---+
Code: 341572968000849010008316040583197426020654003400238050930021000005083001800065034

Block (3, 1) can contain 1 only at (9, 2).
+---+---+---+
|341|572|968|
|...|849|.1.|
|..8|316|.4.|
+---+---+---+
|583|197|426|
|.2.|654|..3|
|4..|238|.5.|
+---+---+---+
|93.|.21|...|
|..5|.83|..1|
|81.|.65|.34|
+---+---+---+
Code: 341572968000849010008316040583197426020654003400238050930021000005083001810065034

Block (1, 1) can contain 9 only at (3, 2).
+---+---+---+
|341|572|968|
|...|849|.1.|
|.98|316|.4.|
+---+---+---+
|583|197|426|
|.2.|654|..3|
|4..|238|.5.|
+---+---+---+
|93.|.21|...|
|..5|.83|..1|
|81.|.65|.34|
+---+---+---+
Code: 341572968000849010098316040583197426020654003400238050930021000005083001810065034

Block (1, 1) can contain 5 only at (2, 2).
+---+---+---+
|341|572|968|
|.5.|849|.1.|
|.98|316|.4.|
+---+---+---+
|583|197|426|
|.2.|654|..3|
|4..|238|.5.|
+---+---+---+
|93.|.21|...|
|..5|.83|..1|
|81.|.65|.34|
+---+---+---+
Code: 341572968050849010098316040583197426020654003400238050930021000005083001810065034

Column #9 can contain 9 only at (6, 9).
+---+---+---+
|341|572|968|
|.5.|849|.1.|
|.98|316|.4.|
+---+---+---+
|583|197|426|
|.2.|654|..3|
|4..|238|.59|
+---+---+---+
|93.|.21|...|
|..5|.83|..1|
|81.|.65|.34|
+---+---+---+
Code: 341572968050849010098316040583197426020654003400238059930021000005083001810065034

Row #6 can contain 1 only at (6, 7).
+---+---+---+
|341|572|968|
|.5.|849|.1.|
|.98|316|.4.|
+---+---+---+
|583|197|426|
|.2.|654|..3|
|4..|238|159|
+---+---+---+
|93.|.21|...|
|..5|.83|..1|
|81.|.65|.34|
+---+---+---+
Code: 341572968050849010098316040583197426020654003400238159930021000005083001810065034

Column #1 can contain 1 only at (5, 1).
+---+---+---+
|341|572|968|
|.5.|849|.1.|
|.98|316|.4.|
+---+---+---+
|583|197|426|
|12.|654|..3|
|4..|238|159|
+---+---+---+
|93.|.21|...|
|..5|.83|..1|
|81.|.65|.34|
+---+---+---+
Code: 341572968050849010098316040583197426120654003400238159930021000005083001810065034

Block (2, 1) can contain 9 only at (5, 3).
+---+---+---+
|341|572|968|
|.5.|849|.1.|
|.98|316|.4.|
+---+---+---+
|583|197|426|
|129|654|..3|
|4..|238|159|
+---+---+---+
|93.|.21|...|
|..5|.83|..1|
|81.|.65|.34|
+---+---+---+
Code: 341572968050849010098316040583197426129654003400238159930021000005083001810065034

Column #7 can contain 3 only at (2, 7).
+---+---+---+
|341|572|968|
|.5.|849|31.|
|.98|316|.4.|
+---+---+---+
|583|197|426|
|129|654|..3|
|4..|238|159|
+---+---+---+
|93.|.21|...|
|..5|.83|..1|
|81.|.65|.34|
+---+---+---+
Code: 341572968050849310098316040583197426129654003400238159930021000005083001810065034

Block (3, 3) can contain 9 only at (8, 8).
+---+---+---+
|341|572|968|
|.5.|849|31.|
|.98|316|.4.|
+---+---+---+
|583|197|426|
|129|654|..3|
|4..|238|159|
+---+---+---+
|93.|.21|...|
|..5|.83|.91|
|81.|.65|.34|
+---+---+---+
Code: 341572968050849310098316040583197426129654003400238159930021000005083091810065034

Block (3, 2) can contain 9 only at (9, 4).
+---+---+---+
|341|572|968|
|.5.|849|31.|
|.98|316|.4.|
+---+---+---+
|583|197|426|
|129|654|..3|
|4..|238|159|
+---+---+---+
|93.|.21|...|
|..5|.83|.91|
|81.|965|.34|
+---+---+---+
Code: 341572968050849310098316040583197426129654003400238159930021000005083091810965034

Block (3, 1) can contain 4 only at (7, 3).
+---+---+---+
|341|572|968|
|.5.|849|31.|
|.98|316|.4.|
+---+---+---+
|583|197|426|
|129|654|..3|
|4..|238|159|
+---+---+---+
|934|.21|...|
|..5|.83|.91|
|81.|965|.34|
+---+---+---+
Code: 341572968050849310098316040583197426129654003400238159934021000005083091810965034

(7, 4) can only contain 7.
+---+---+---+
|341|572|968|
|.5.|849|31.|
|.98|316|.4.|
+---+---+---+
|583|197|426|
|129|654|..3|
|4..|238|159|
+---+---+---+
|934|721|...|
|..5|.83|.91|
|81.|965|.34|
+---+---+---+
Code: 341572968050849310098316040583197426129654003400238159934721000005083091810965034

(7, 9) can only contain 5.
+---+---+---+
|341|572|968|
|.5.|849|31.|
|.98|316|.4.|
+---+---+---+
|583|197|426|
|129|654|..3|
|4..|238|159|
+---+---+---+
|934|721|..5|
|..5|.83|.91|
|81.|965|.34|
+---+---+---+
Code: 341572968050849310098316040583197426129654003400238159934721005005083091810965034

(8, 4) can only contain 4.
+---+---+---+
|341|572|968|
|.5.|849|31.|
|.98|316|.4.|
+---+---+---+
|583|197|426|
|129|654|..3|
|4..|238|159|
+---+---+---+
|934|721|..5|
|..5|483|.91|
|81.|965|.34|
+---+---+---+
Code: 341572968050849310098316040583197426129654003400238159934721005005483091810965034

(7, 8) can only contain 8.
+---+---+---+
|341|572|968|
|.5.|849|31.|
|.98|316|.4.|
+---+---+---+
|583|197|426|
|129|654|..3|
|4..|238|159|
+---+---+---+
|934|721|.85|
|..5|483|.91|
|81.|965|.34|
+---+---+---+
Code: 341572968050849310098316040583197426129654003400238159934721085005483091810965034

(7, 7) can only contain 6.
+---+---+---+
|341|572|968|
|.5.|849|31.|
|.98|316|.4.|
+---+---+---+
|583|197|426|
|129|654|..3|
|4..|238|159|
+---+---+---+
|934|721|685|
|..5|483|.91|
|81.|965|.34|
+---+---+---+
Code: 341572968050849310098316040583197426129654003400238159934721685005483091810965034

(5, 8) can only contain 7.
+---+---+---+
|341|572|968|
|.5.|849|31.|
|.98|316|.4.|
+---+---+---+
|583|197|426|
|129|654|.73|
|4..|238|159|
+---+---+---+
|934|721|685|
|..5|483|.91|
|81.|965|.34|
+---+---+---+
Code: 341572968050849310098316040583197426129654073400238159934721685005483091810965034

(5, 7) can only contain 8.
+---+---+---+
|341|572|968|
|.5.|849|31.|
|.98|316|.4.|
+---+---+---+
|583|197|426|
|129|654|873|
|4..|238|159|
+---+---+---+
|934|721|685|
|..5|483|.91|
|81.|965|.34|
+---+---+---+
Code: 341572968050849310098316040583197426129654873400238159934721685005483091810965034

Block (1, 3) can contain 5 only at (3, 7).
+---+---+---+
|341|572|968|
|.5.|849|31.|
|.98|316|54.|
+---+---+---+
|583|197|426|
|129|654|873|
|4..|238|159|
+---+---+---+
|934|721|685|
|..5|483|.91|
|81.|965|.34|
+---+---+---+
Code: 341572968050849310098316540583197426129654873400238159934721685005483091810965034


---------------------
{ Mask = 66, Description = row #3, Cells = 9, CellsWithMask = 2, CleanableCellsCount = 0
   Cells:
      Discriminator: 2, Description: row #3, Index: 18, Row: 2, Column: 0
      Discriminator: 2, Description: row #3, Index: 19, Row: 2, Column: 1
      Discriminator: 2, Description: row #3, Index: 20, Row: 2, Column: 2
      Discriminator: 2, Description: row #3, Index: 21, Row: 2, Column: 3
      Discriminator: 2, Description: row #3, Index: 22, Row: 2, Column: 4
      Discriminator: 2, Description: row #3, Index: 23, Row: 2, Column: 5
      Discriminator: 2, Description: row #3, Index: 24, Row: 2, Column: 6
      Discriminator: 2, Description: row #3, Index: 25, Row: 2, Column: 7
      Discriminator: 2, Description: row #3, Index: 26, Row: 2, Column: 8
   CellsWithMask:
      Discriminator: 2, Description: row #3, Index: 18, Row: 2, Column: 0
      Discriminator: 2, Description: row #3, Index: 26, Row: 2, Column: 8
}
{ Mask = 66, Description = row #9, Cells = 9, CellsWithMask = 2, CleanableCellsCount = 0
   Cells:
      Discriminator: 8, Description: row #9, Index: 72, Row: 8, Column: 0
      Discriminator: 8, Description: row #9, Index: 73, Row: 8, Column: 1
      Discriminator: 8, Description: row #9, Index: 74, Row: 8, Column: 2
      Discriminator: 8, Description: row #9, Index: 75, Row: 8, Column: 3
      Discriminator: 8, Description: row #9, Index: 76, Row: 8, Column: 4
      Discriminator: 8, Description: row #9, Index: 77, Row: 8, Column: 5
      Discriminator: 8, Description: row #9, Index: 78, Row: 8, Column: 6
      Discriminator: 8, Description: row #9, Index: 79, Row: 8, Column: 7
      Discriminator: 8, Description: row #9, Index: 80, Row: 8, Column: 8
   CellsWithMask:
      Discriminator: 8, Description: row #9, Index: 74, Row: 8, Column: 2
      Discriminator: 8, Description: row #9, Index: 78, Row: 8, Column: 6
}
{ Mask = 66, Description = column #7, Cells = 9, CellsWithMask = 2, CleanableCellsCount = 0
   Cells:
      Discriminator: 15, Description: column #7, Index: 6, Row: 0, Column: 6
      Discriminator: 15, Description: column #7, Index: 15, Row: 1, Column: 6
      Discriminator: 15, Description: column #7, Index: 24, Row: 2, Column: 6
      Discriminator: 15, Description: column #7, Index: 33, Row: 3, Column: 6
      Discriminator: 15, Description: column #7, Index: 42, Row: 4, Column: 6
      Discriminator: 15, Description: column #7, Index: 51, Row: 5, Column: 6
      Discriminator: 15, Description: column #7, Index: 60, Row: 6, Column: 6
      Discriminator: 15, Description: column #7, Index: 69, Row: 7, Column: 6
      Discriminator: 15, Description: column #7, Index: 78, Row: 8, Column: 6
   CellsWithMask:
      Discriminator: 15, Description: column #7, Index: 69, Row: 7, Column: 6
      Discriminator: 15, Description: column #7, Index: 78, Row: 8, Column: 6
}
{ Mask = 66, Description = column #9, Cells = 9, CellsWithMask = 2, CleanableCellsCount = 0
   Cells:
      Discriminator: 17, Description: column #9, Index: 8, Row: 0, Column: 8
      Discriminator: 17, Description: column #9, Index: 17, Row: 1, Column: 8
      Discriminator: 17, Description: column #9, Index: 26, Row: 2, Column: 8
      Discriminator: 17, Description: column #9, Index: 35, Row: 3, Column: 8
      Discriminator: 17, Description: column #9, Index: 44, Row: 4, Column: 8
      Discriminator: 17, Description: column #9, Index: 53, Row: 5, Column: 8
      Discriminator: 17, Description: column #9, Index: 62, Row: 6, Column: 8
      Discriminator: 17, Description: column #9, Index: 71, Row: 7, Column: 8
      Discriminator: 17, Description: column #9, Index: 80, Row: 8, Column: 8
   CellsWithMask:
      Discriminator: 17, Description: column #9, Index: 17, Row: 1, Column: 8
      Discriminator: 17, Description: column #9, Index: 26, Row: 2, Column: 8
}
{ Mask = 66, Description = block (1, 3), Cells = 9, CellsWithMask = 2, CleanableCellsCount = 0
   Cells:
      Discriminator: 20, Description: block (1, 3), Index: 6, Row: 0, Column: 6
      Discriminator: 20, Description: block (1, 3), Index: 7, Row: 0, Column: 7
      Discriminator: 20, Description: block (1, 3), Index: 8, Row: 0, Column: 8
      Discriminator: 20, Description: block (1, 3), Index: 15, Row: 1, Column: 6
      Discriminator: 20, Description: block (1, 3), Index: 16, Row: 1, Column: 7
      Discriminator: 20, Description: block (1, 3), Index: 17, Row: 1, Column: 8
      Discriminator: 20, Description: block (1, 3), Index: 24, Row: 2, Column: 6
      Discriminator: 20, Description: block (1, 3), Index: 25, Row: 2, Column: 7
      Discriminator: 20, Description: block (1, 3), Index: 26, Row: 2, Column: 8
   CellsWithMask:
      Discriminator: 20, Description: block (1, 3), Index: 17, Row: 1, Column: 8
      Discriminator: 20, Description: block (1, 3), Index: 26, Row: 2, Column: 8
}
{ Mask = 66, Description = block (3, 3), Cells = 9, CellsWithMask = 2, CleanableCellsCount = 0
   Cells:
      Discriminator: 26, Description: block (3, 3), Index: 60, Row: 6, Column: 6
      Discriminator: 26, Description: block (3, 3), Index: 61, Row: 6, Column: 7
      Discriminator: 26, Description: block (3, 3), Index: 62, Row: 6, Column: 8
      Discriminator: 26, Description: block (3, 3), Index: 69, Row: 7, Column: 6
      Discriminator: 26, Description: block (3, 3), Index: 70, Row: 7, Column: 7
      Discriminator: 26, Description: block (3, 3), Index: 71, Row: 7, Column: 8
      Discriminator: 26, Description: block (3, 3), Index: 78, Row: 8, Column: 6
      Discriminator: 26, Description: block (3, 3), Index: 79, Row: 8, Column: 7
      Discriminator: 26, Description: block (3, 3), Index: 80, Row: 8, Column: 8
   CellsWithMask:
      Discriminator: 26, Description: block (3, 3), Index: 69, Row: 7, Column: 6
      Discriminator: 26, Description: block (3, 3), Index: 78, Row: 8, Column: 6
}
{ Mask = 96, Description = row #6, Cells = 9, CellsWithMask = 2, CleanableCellsCount = 0
   Cells:
      Discriminator: 5, Description: row #6, Index: 45, Row: 5, Column: 0
      Discriminator: 5, Description: row #6, Index: 46, Row: 5, Column: 1
      Discriminator: 5, Description: row #6, Index: 47, Row: 5, Column: 2
      Discriminator: 5, Description: row #6, Index: 48, Row: 5, Column: 3
      Discriminator: 5, Description: row #6, Index: 49, Row: 5, Column: 4
      Discriminator: 5, Description: row #6, Index: 50, Row: 5, Column: 5
      Discriminator: 5, Description: row #6, Index: 51, Row: 5, Column: 6
      Discriminator: 5, Description: row #6, Index: 52, Row: 5, Column: 7
      Discriminator: 5, Description: row #6, Index: 53, Row: 5, Column: 8
   CellsWithMask:
      Discriminator: 5, Description: row #6, Index: 46, Row: 5, Column: 1
      Discriminator: 5, Description: row #6, Index: 47, Row: 5, Column: 2
}
{ Mask = 96, Description = column #2, Cells = 9, CellsWithMask = 2, CleanableCellsCount = 0
   Cells:
      Discriminator: 10, Description: column #2, Index: 1, Row: 0, Column: 1
      Discriminator: 10, Description: column #2, Index: 10, Row: 1, Column: 1
      Discriminator: 10, Description: column #2, Index: 19, Row: 2, Column: 1
      Discriminator: 10, Description: column #2, Index: 28, Row: 3, Column: 1
      Discriminator: 10, Description: column #2, Index: 37, Row: 4, Column: 1
      Discriminator: 10, Description: column #2, Index: 46, Row: 5, Column: 1
      Discriminator: 10, Description: column #2, Index: 55, Row: 6, Column: 1
      Discriminator: 10, Description: column #2, Index: 64, Row: 7, Column: 1
      Discriminator: 10, Description: column #2, Index: 73, Row: 8, Column: 1
   CellsWithMask:
      Discriminator: 10, Description: column #2, Index: 46, Row: 5, Column: 1
      Discriminator: 10, Description: column #2, Index: 64, Row: 7, Column: 1
}
{ Mask = 96, Description = block (2, 1), Cells = 9, CellsWithMask = 2, CleanableCellsCount = 0
   Cells:
      Discriminator: 21, Description: block (2, 1), Index: 27, Row: 3, Column: 0
      Discriminator: 21, Description: block (2, 1), Index: 28, Row: 3, Column: 1
      Discriminator: 21, Description: block (2, 1), Index: 29, Row: 3, Column: 2
      Discriminator: 21, Description: block (2, 1), Index: 36, Row: 4, Column: 0
      Discriminator: 21, Description: block (2, 1), Index: 37, Row: 4, Column: 1
      Discriminator: 21, Description: block (2, 1), Index: 38, Row: 4, Column: 2
      Discriminator: 21, Description: block (2, 1), Index: 45, Row: 5, Column: 0
      Discriminator: 21, Description: block (2, 1), Index: 46, Row: 5, Column: 1
      Discriminator: 21, Description: block (2, 1), Index: 47, Row: 5, Column: 2
   CellsWithMask:
      Discriminator: 21, Description: block (2, 1), Index: 46, Row: 5, Column: 1
      Discriminator: 21, Description: block (2, 1), Index: 47, Row: 5, Column: 2
}
{ Mask = 98, Description = row #2, Cells = 9, CellsWithMask = 3, CleanableCellsCount = 0
   Cells:
      Discriminator: 1, Description: row #2, Index: 9, Row: 1, Column: 0
      Discriminator: 1, Description: row #2, Index: 10, Row: 1, Column: 1
      Discriminator: 1, Description: row #2, Index: 11, Row: 1, Column: 2
      Discriminator: 1, Description: row #2, Index: 12, Row: 1, Column: 3
      Discriminator: 1, Description: row #2, Index: 13, Row: 1, Column: 4
      Discriminator: 1, Description: row #2, Index: 14, Row: 1, Column: 5
      Discriminator: 1, Description: row #2, Index: 15, Row: 1, Column: 6
      Discriminator: 1, Description: row #2, Index: 16, Row: 1, Column: 7
      Discriminator: 1, Description: row #2, Index: 17, Row: 1, Column: 8
   CellsWithMask:
      Discriminator: 1, Description: row #2, Index: 9, Row: 1, Column: 0
      Discriminator: 1, Description: row #2, Index: 11, Row: 1, Column: 2
      Discriminator: 1, Description: row #2, Index: 17, Row: 1, Column: 8
}
{ Mask = 98, Description = row #8, Cells = 9, CellsWithMask = 3, CleanableCellsCount = 0
   Cells:
      Discriminator: 7, Description: row #8, Index: 63, Row: 7, Column: 0
      Discriminator: 7, Description: row #8, Index: 64, Row: 7, Column: 1
      Discriminator: 7, Description: row #8, Index: 65, Row: 7, Column: 2
      Discriminator: 7, Description: row #8, Index: 66, Row: 7, Column: 3
      Discriminator: 7, Description: row #8, Index: 67, Row: 7, Column: 4
      Discriminator: 7, Description: row #8, Index: 68, Row: 7, Column: 5
      Discriminator: 7, Description: row #8, Index: 69, Row: 7, Column: 6
      Discriminator: 7, Description: row #8, Index: 70, Row: 7, Column: 7
      Discriminator: 7, Description: row #8, Index: 71, Row: 7, Column: 8
   CellsWithMask:
      Discriminator: 7, Description: row #8, Index: 63, Row: 7, Column: 0
      Discriminator: 7, Description: row #8, Index: 64, Row: 7, Column: 1
      Discriminator: 7, Description: row #8, Index: 69, Row: 7, Column: 6
}
{ Mask = 98, Description = column #1, Cells = 9, CellsWithMask = 3, CleanableCellsCount = 0
   Cells:
      Discriminator: 9, Description: column #1, Index: 0, Row: 0, Column: 0
      Discriminator: 9, Description: column #1, Index: 9, Row: 1, Column: 0
      Discriminator: 9, Description: column #1, Index: 18, Row: 2, Column: 0
      Discriminator: 9, Description: column #1, Index: 27, Row: 3, Column: 0
      Discriminator: 9, Description: column #1, Index: 36, Row: 4, Column: 0
      Discriminator: 9, Description: column #1, Index: 45, Row: 5, Column: 0
      Discriminator: 9, Description: column #1, Index: 54, Row: 6, Column: 0
      Discriminator: 9, Description: column #1, Index: 63, Row: 7, Column: 0
      Discriminator: 9, Description: column #1, Index: 72, Row: 8, Column: 0
   CellsWithMask:
      Discriminator: 9, Description: column #1, Index: 9, Row: 1, Column: 0
      Discriminator: 9, Description: column #1, Index: 18, Row: 2, Column: 0
      Discriminator: 9, Description: column #1, Index: 63, Row: 7, Column: 0
}
{ Mask = 98, Description = column #3, Cells = 9, CellsWithMask = 3, CleanableCellsCount = 0
   Cells:
      Discriminator: 11, Description: column #3, Index: 2, Row: 0, Column: 2
      Discriminator: 11, Description: column #3, Index: 11, Row: 1, Column: 2
      Discriminator: 11, Description: column #3, Index: 20, Row: 2, Column: 2
      Discriminator: 11, Description: column #3, Index: 29, Row: 3, Column: 2
      Discriminator: 11, Description: column #3, Index: 38, Row: 4, Column: 2
      Discriminator: 11, Description: column #3, Index: 47, Row: 5, Column: 2
      Discriminator: 11, Description: column #3, Index: 56, Row: 6, Column: 2
      Discriminator: 11, Description: column #3, Index: 65, Row: 7, Column: 2
      Discriminator: 11, Description: column #3, Index: 74, Row: 8, Column: 2
   CellsWithMask:
      Discriminator: 11, Description: column #3, Index: 11, Row: 1, Column: 2
      Discriminator: 11, Description: column #3, Index: 47, Row: 5, Column: 2
      Discriminator: 11, Description: column #3, Index: 74, Row: 8, Column: 2
}
{ Mask = 98, Description = block (1, 1), Cells = 9, CellsWithMask = 3, CleanableCellsCount = 0
   Cells:
      Discriminator: 18, Description: block (1, 1), Index: 0, Row: 0, Column: 0
      Discriminator: 18, Description: block (1, 1), Index: 1, Row: 0, Column: 1
      Discriminator: 18, Description: block (1, 1), Index: 2, Row: 0, Column: 2
      Discriminator: 18, Description: block (1, 1), Index: 9, Row: 1, Column: 0
      Discriminator: 18, Description: block (1, 1), Index: 10, Row: 1, Column: 1
      Discriminator: 18, Description: block (1, 1), Index: 11, Row: 1, Column: 2
      Discriminator: 18, Description: block (1, 1), Index: 18, Row: 2, Column: 0
      Discriminator: 18, Description: block (1, 1), Index: 19, Row: 2, Column: 1
      Discriminator: 18, Description: block (1, 1), Index: 20, Row: 2, Column: 2
   CellsWithMask:
      Discriminator: 18, Description: block (1, 1), Index: 9, Row: 1, Column: 0
      Discriminator: 18, Description: block (1, 1), Index: 11, Row: 1, Column: 2
      Discriminator: 18, Description: block (1, 1), Index: 18, Row: 2, Column: 0
}
{ Mask = 98, Description = block (3, 1), Cells = 9, CellsWithMask = 3, CleanableCellsCount = 0
   Cells:
      Discriminator: 24, Description: block (3, 1), Index: 54, Row: 6, Column: 0
      Discriminator: 24, Description: block (3, 1), Index: 55, Row: 6, Column: 1
      Discriminator: 24, Description: block (3, 1), Index: 56, Row: 6, Column: 2
      Discriminator: 24, Description: block (3, 1), Index: 63, Row: 7, Column: 0
      Discriminator: 24, Description: block (3, 1), Index: 64, Row: 7, Column: 1
      Discriminator: 24, Description: block (3, 1), Index: 65, Row: 7, Column: 2
      Discriminator: 24, Description: block (3, 1), Index: 72, Row: 8, Column: 0
      Discriminator: 24, Description: block (3, 1), Index: 73, Row: 8, Column: 1
      Discriminator: 24, Description: block (3, 1), Index: 74, Row: 8, Column: 2
   CellsWithMask:
      Discriminator: 24, Description: block (3, 1), Index: 63, Row: 7, Column: 0
      Discriminator: 24, Description: block (3, 1), Index: 64, Row: 7, Column: 1
      Discriminator: 24, Description: block (3, 1), Index: 74, Row: 8, Column: 2
}

---------------------

