
Final look of the solved board:
+---+---+---+
|763|541|298|
|924|867|351|
|158|392|647|
+---+---+---+
|591|734|862|
|872|156|934|
|436|928|175|
+---+---+---+
|645|283|719|
|387|419|526|
|219|675|483|
+---+---+---+

Starting look of the board to solve:
+---+---+---+
|763|.4.|..8|
|...|..7|.5.|
|.58|3..|.4.|
+---+---+---+
|5.1|7.4|86.|
|8..|...|.3.|
|...|..8|.7.|
+---+---+---+
|...|..3|..9|
|.8.|..9|5..|
|.19|.7.|..3|
+---+---+---+

================================================================================


