
Final look of the solved board:
+---+---+---+
|429|538|617|
|637|914|825|
|851|762|439|
+---+---+---+
|975|683|142|
|162|457|983|
|348|129|576|
+---+---+---+
|216|875|394|
|593|241|768|
|784|396|251|
+---+---+---+

Starting look of the board to solve:
+---+---+---+
|...|5.8|..7|
|6.7|.1.|.2.|
|.5.|...|.39|
+---+---+---+
|.7.|68.|1..|
|.6.|.57|..3|
|..8|1..|.7.|
+---+---+---+
|..6|...|...|
|59.|.41|7..|
|...|3..|.51|
+---+---+---+

================================================================================

Column #7 can contain 3 only at (7, 7).
+---+---+---+
|...|5.8|..7|
|6.7|.1.|.2.|
|.5.|...|.39|
+---+---+---+
|.7.|68.|1..|
|.6.|.57|..3|
|..8|1..|.7.|
+---+---+---+
|..6|...|3..|
|59.|.41|7..|
|...|3..|.51|
+---+---+---+
Code: 000508007607010020050000039070680100060057003008100070006000300590041700000300051

Block (3, 1) can contain 3 only at (8, 3).
+---+---+---+
|...|5.8|..7|
|6.7|.1.|.2.|
|.5.|...|.39|
+---+---+---+
|.7.|68.|1..|
|.6.|.57|..3|
|..8|1..|.7.|
+---+---+---+
|..6|...|3..|
|593|.41|7..|
|...|3..|.51|
+---+---+---+
Code: 000508007607010020050000039070680100060057003008100070006000300593041700000300051

Column #3 can contain 5 only at (4, 3).
+---+---+---+
|...|5.8|..7|
|6.7|.1.|.2.|
|.5.|...|.39|
+---+---+---+
|.75|68.|1..|
|.6.|.57|..3|
|..8|1..|.7.|
+---+---+---+
|..6|...|3..|
|593|.41|7..|
|...|3..|.51|
+---+---+---+
Code: 000508007607010020050000039075680100060057003008100070006000300593041700000300051

Column #6 can contain 5 only at (7, 6).
+---+---+---+
|...|5.8|..7|
|6.7|.1.|.2.|
|.5.|...|.39|
+---+---+---+
|.75|68.|1..|
|.6.|.57|..3|
|..8|1..|.7.|
+---+---+---+
|..6|..5|3..|
|593|.41|7..|
|...|3..|.51|
+---+---+---+
Code: 000508007607010020050000039075680100060057003008100070006005300593041700000300051

Block (1, 3) can contain 1 only at (1, 8).
+---+---+---+
|...|5.8|.17|
|6.7|.1.|.2.|
|.5.|...|.39|
+---+---+---+
|.75|68.|1..|
|.6.|.57|..3|
|..8|1..|.7.|
+---+---+---+
|..6|..5|3..|
|593|.41|7..|
|...|3..|.51|
+---+---+---+
Code: 000508017607010020050000039075680100060057003008100070006005300593041700000300051

Column #2 can contain 1 only at (7, 2).
+---+---+---+
|...|5.8|.17|
|6.7|.1.|.2.|
|.5.|...|.39|
+---+---+---+
|.75|68.|1..|
|.6.|.57|..3|
|..8|1..|.7.|
+---+---+---+
|.16|..5|3..|
|593|.41|7..|
|...|3..|.51|
+---+---+---+
Code: 000508017607010020050000039075680100060057003008100070016005300593041700000300051

Column #8 can contain 6 only at (8, 8).
+---+---+---+
|...|5.8|.17|
|6.7|.1.|.2.|
|.5.|...|.39|
+---+---+---+
|.75|68.|1..|
|.6.|.57|..3|
|..8|1..|.7.|
+---+---+---+
|.16|..5|3..|
|593|.41|76.|
|...|3..|.51|
+---+---+---+
Code: 000508017607010020050000039075680100060057003008100070016005300593041760000300051

Column #9 can contain 6 only at (6, 9).
+---+---+---+
|...|5.8|.17|
|6.7|.1.|.2.|
|.5.|...|.39|
+---+---+---+
|.75|68.|1..|
|.6.|.57|..3|
|..8|1..|.76|
+---+---+---+
|.16|..5|3..|
|593|.41|76.|
|...|3..|.51|
+---+---+---+
Code: 000508017607010020050000039075680100060057003008100076016005300593041760000300051

Column #9 can contain 5 only at (2, 9).
+---+---+---+
|...|5.8|.17|
|6.7|.1.|.25|
|.5.|...|.39|
+---+---+---+
|.75|68.|1..|
|.6.|.57|..3|
|..8|1..|.76|
+---+---+---+
|.16|..5|3..|
|593|.41|76.|
|...|3..|.51|
+---+---+---+
Code: 000508017607010025050000039075680100060057003008100076016005300593041760000300051

Row #6 can contain 5 only at (6, 7).
+---+---+---+
|...|5.8|.17|
|6.7|.1.|.25|
|.5.|...|.39|
+---+---+---+
|.75|68.|1..|
|.6.|.57|..3|
|..8|1..|576|
+---+---+---+
|.16|..5|3..|
|593|.41|76.|
|...|3..|.51|
+---+---+---+
Code: 000508017607010025050000039075680100060057003008100576016005300593041760000300051


---------------------
{ Mask = 130, Description = row #8, Cells = 9, CellsWithMask = 2, CleanableCellsCount = 0
   Cells:
      Discriminator: 7, Description: row #8, Index: 63, Row: 7, Column: 0
      Discriminator: 7, Description: row #8, Index: 64, Row: 7, Column: 1
      Discriminator: 7, Description: row #8, Index: 65, Row: 7, Column: 2
      Discriminator: 7, Description: row #8, Index: 66, Row: 7, Column: 3
      Discriminator: 7, Description: row #8, Index: 67, Row: 7, Column: 4
      Discriminator: 7, Description: row #8, Index: 68, Row: 7, Column: 5
      Discriminator: 7, Description: row #8, Index: 69, Row: 7, Column: 6
      Discriminator: 7, Description: row #8, Index: 70, Row: 7, Column: 7
      Discriminator: 7, Description: row #8, Index: 71, Row: 7, Column: 8
   CellsWithMask:
      Discriminator: 7, Description: row #8, Index: 66, Row: 7, Column: 3
      Discriminator: 7, Description: row #8, Index: 71, Row: 7, Column: 8
}
{ Mask = 138, Description = column #9, Cells = 9, CellsWithMask = 3, CleanableCellsCount = 0
   Cells:
      Discriminator: 17, Description: column #9, Index: 8, Row: 0, Column: 8
      Discriminator: 17, Description: column #9, Index: 17, Row: 1, Column: 8
      Discriminator: 17, Description: column #9, Index: 26, Row: 2, Column: 8
      Discriminator: 17, Description: column #9, Index: 35, Row: 3, Column: 8
      Discriminator: 17, Description: column #9, Index: 44, Row: 4, Column: 8
      Discriminator: 17, Description: column #9, Index: 53, Row: 5, Column: 8
      Discriminator: 17, Description: column #9, Index: 62, Row: 6, Column: 8
      Discriminator: 17, Description: column #9, Index: 71, Row: 7, Column: 8
      Discriminator: 17, Description: column #9, Index: 80, Row: 8, Column: 8
   CellsWithMask:
      Discriminator: 17, Description: column #9, Index: 35, Row: 3, Column: 8
      Discriminator: 17, Description: column #9, Index: 62, Row: 6, Column: 8
      Discriminator: 17, Description: column #9, Index: 71, Row: 7, Column: 8
}
{ Mask = 142, Description = column #2, Cells = 9, CellsWithMask = 4, CleanableCellsCount = 0
   Cells:
      Discriminator: 10, Description: column #2, Index: 1, Row: 0, Column: 1
      Discriminator: 10, Description: column #2, Index: 10, Row: 1, Column: 1
      Discriminator: 10, Description: column #2, Index: 19, Row: 2, Column: 1
      Discriminator: 10, Description: column #2, Index: 28, Row: 3, Column: 1
      Discriminator: 10, Description: column #2, Index: 37, Row: 4, Column: 1
      Discriminator: 10, Description: column #2, Index: 46, Row: 5, Column: 1
      Discriminator: 10, Description: column #2, Index: 55, Row: 6, Column: 1
      Discriminator: 10, Description: column #2, Index: 64, Row: 7, Column: 1
      Discriminator: 10, Description: column #2, Index: 73, Row: 8, Column: 1
   CellsWithMask:
      Discriminator: 10, Description: column #2, Index: 1, Row: 0, Column: 1
      Discriminator: 10, Description: column #2, Index: 10, Row: 1, Column: 1
      Discriminator: 10, Description: column #2, Index: 46, Row: 5, Column: 1
      Discriminator: 10, Description: column #2, Index: 73, Row: 8, Column: 1
}
{ Mask = 168, Description = block (1, 3), Cells = 9, CellsWithMask = 3, CleanableCellsCount = 0
   Cells:
      Discriminator: 20, Description: block (1, 3), Index: 6, Row: 0, Column: 6
      Discriminator: 20, Description: block (1, 3), Index: 7, Row: 0, Column: 7
      Discriminator: 20, Description: block (1, 3), Index: 8, Row: 0, Column: 8
      Discriminator: 20, Description: block (1, 3), Index: 15, Row: 1, Column: 6
      Discriminator: 20, Description: block (1, 3), Index: 16, Row: 1, Column: 7
      Discriminator: 20, Description: block (1, 3), Index: 17, Row: 1, Column: 8
      Discriminator: 20, Description: block (1, 3), Index: 24, Row: 2, Column: 6
      Discriminator: 20, Description: block (1, 3), Index: 25, Row: 2, Column: 7
      Discriminator: 20, Description: block (1, 3), Index: 26, Row: 2, Column: 8
   CellsWithMask:
      Discriminator: 20, Description: block (1, 3), Index: 6, Row: 0, Column: 6
      Discriminator: 20, Description: block (1, 3), Index: 15, Row: 1, Column: 6
      Discriminator: 20, Description: block (1, 3), Index: 24, Row: 2, Column: 6
}
{ Mask = 202, Description = block (3, 1), Cells = 9, CellsWithMask = 4, CleanableCellsCount = 0
   Cells:
      Discriminator: 24, Description: block (3, 1), Index: 54, Row: 6, Column: 0
      Discriminator: 24, Description: block (3, 1), Index: 55, Row: 6, Column: 1
      Discriminator: 24, Description: block (3, 1), Index: 56, Row: 6, Column: 2
      Discriminator: 24, Description: block (3, 1), Index: 63, Row: 7, Column: 0
      Discriminator: 24, Description: block (3, 1), Index: 64, Row: 7, Column: 1
      Discriminator: 24, Description: block (3, 1), Index: 65, Row: 7, Column: 2
      Discriminator: 24, Description: block (3, 1), Index: 72, Row: 8, Column: 0
      Discriminator: 24, Description: block (3, 1), Index: 73, Row: 8, Column: 1
      Discriminator: 24, Description: block (3, 1), Index: 74, Row: 8, Column: 2
   CellsWithMask:
      Discriminator: 24, Description: block (3, 1), Index: 54, Row: 6, Column: 0
      Discriminator: 24, Description: block (3, 1), Index: 72, Row: 8, Column: 0
      Discriminator: 24, Description: block (3, 1), Index: 73, Row: 8, Column: 1
      Discriminator: 24, Description: block (3, 1), Index: 74, Row: 8, Column: 2
}
{ Mask = 235, Description = row #3, Cells = 9, CellsWithMask = 6, CleanableCellsCount = 0
   Cells:
      Discriminator: 2, Description: row #3, Index: 18, Row: 2, Column: 0
      Discriminator: 2, Description: row #3, Index: 19, Row: 2, Column: 1
      Discriminator: 2, Description: row #3, Index: 20, Row: 2, Column: 2
      Discriminator: 2, Description: row #3, Index: 21, Row: 2, Column: 3
      Discriminator: 2, Description: row #3, Index: 22, Row: 2, Column: 4
      Discriminator: 2, Description: row #3, Index: 23, Row: 2, Column: 5
      Discriminator: 2, Description: row #3, Index: 24, Row: 2, Column: 6
      Discriminator: 2, Description: row #3, Index: 25, Row: 2, Column: 7
      Discriminator: 2, Description: row #3, Index: 26, Row: 2, Column: 8
   CellsWithMask:
      Discriminator: 2, Description: row #3, Index: 18, Row: 2, Column: 0
      Discriminator: 2, Description: row #3, Index: 20, Row: 2, Column: 2
      Discriminator: 2, Description: row #3, Index: 21, Row: 2, Column: 3
      Discriminator: 2, Description: row #3, Index: 22, Row: 2, Column: 4
      Discriminator: 2, Description: row #3, Index: 23, Row: 2, Column: 5
      Discriminator: 2, Description: row #3, Index: 24, Row: 2, Column: 6
}
{ Mask = 258, Description = column #7, Cells = 9, CellsWithMask = 2, CleanableCellsCount = 2
   Cells:
      Discriminator: 15, Description: column #7, Index: 6, Row: 0, Column: 6
      Discriminator: 15, Description: column #7, Index: 15, Row: 1, Column: 6
      Discriminator: 15, Description: column #7, Index: 24, Row: 2, Column: 6
      Discriminator: 15, Description: column #7, Index: 33, Row: 3, Column: 6
      Discriminator: 15, Description: column #7, Index: 42, Row: 4, Column: 6
      Discriminator: 15, Description: column #7, Index: 51, Row: 5, Column: 6
      Discriminator: 15, Description: column #7, Index: 60, Row: 6, Column: 6
      Discriminator: 15, Description: column #7, Index: 69, Row: 7, Column: 6
      Discriminator: 15, Description: column #7, Index: 78, Row: 8, Column: 6
   CellsWithMask:
      Discriminator: 15, Description: column #7, Index: 42, Row: 4, Column: 6
      Discriminator: 15, Description: column #7, Index: 78, Row: 8, Column: 6
}
{ Mask = 267, Description = column #3, Cells = 9, CellsWithMask = 4, CleanableCellsCount = 0
   Cells:
      Discriminator: 11, Description: column #3, Index: 2, Row: 0, Column: 2
      Discriminator: 11, Description: column #3, Index: 11, Row: 1, Column: 2
      Discriminator: 11, Description: column #3, Index: 20, Row: 2, Column: 2
      Discriminator: 11, Description: column #3, Index: 29, Row: 3, Column: 2
      Discriminator: 11, Description: column #3, Index: 38, Row: 4, Column: 2
      Discriminator: 11, Description: column #3, Index: 47, Row: 5, Column: 2
      Discriminator: 11, Description: column #3, Index: 56, Row: 6, Column: 2
      Discriminator: 11, Description: column #3, Index: 65, Row: 7, Column: 2
      Discriminator: 11, Description: column #3, Index: 74, Row: 8, Column: 2
   CellsWithMask:
      Discriminator: 11, Description: column #3, Index: 2, Row: 0, Column: 2
      Discriminator: 11, Description: column #3, Index: 20, Row: 2, Column: 2
      Discriminator: 11, Description: column #3, Index: 38, Row: 4, Column: 2
      Discriminator: 11, Description: column #3, Index: 74, Row: 8, Column: 2
}
{ Mask = 270, Description = row #4, Cells = 9, CellsWithMask = 4, CleanableCellsCount = 0
   Cells:
      Discriminator: 3, Description: row #4, Index: 27, Row: 3, Column: 0
      Discriminator: 3, Description: row #4, Index: 28, Row: 3, Column: 1
      Discriminator: 3, Description: row #4, Index: 29, Row: 3, Column: 2
      Discriminator: 3, Description: row #4, Index: 30, Row: 3, Column: 3
      Discriminator: 3, Description: row #4, Index: 31, Row: 3, Column: 4
      Discriminator: 3, Description: row #4, Index: 32, Row: 3, Column: 5
      Discriminator: 3, Description: row #4, Index: 33, Row: 3, Column: 6
      Discriminator: 3, Description: row #4, Index: 34, Row: 3, Column: 7
      Discriminator: 3, Description: row #4, Index: 35, Row: 3, Column: 8
   CellsWithMask:
      Discriminator: 3, Description: row #4, Index: 27, Row: 3, Column: 0
      Discriminator: 3, Description: row #4, Index: 32, Row: 3, Column: 5
      Discriminator: 3, Description: row #4, Index: 34, Row: 3, Column: 7
      Discriminator: 3, Description: row #4, Index: 35, Row: 3, Column: 8
}
{ Mask = 270, Description = row #6, Cells = 9, CellsWithMask = 4, CleanableCellsCount = 0
   Cells:
      Discriminator: 5, Description: row #6, Index: 45, Row: 5, Column: 0
      Discriminator: 5, Description: row #6, Index: 46, Row: 5, Column: 1
      Discriminator: 5, Description: row #6, Index: 47, Row: 5, Column: 2
      Discriminator: 5, Description: row #6, Index: 48, Row: 5, Column: 3
      Discriminator: 5, Description: row #6, Index: 49, Row: 5, Column: 4
      Discriminator: 5, Description: row #6, Index: 50, Row: 5, Column: 5
      Discriminator: 5, Description: row #6, Index: 51, Row: 5, Column: 6
      Discriminator: 5, Description: row #6, Index: 52, Row: 5, Column: 7
      Discriminator: 5, Description: row #6, Index: 53, Row: 5, Column: 8
   CellsWithMask:
      Discriminator: 5, Description: row #6, Index: 45, Row: 5, Column: 0
      Discriminator: 5, Description: row #6, Index: 46, Row: 5, Column: 1
      Discriminator: 5, Description: row #6, Index: 49, Row: 5, Column: 4
      Discriminator: 5, Description: row #6, Index: 50, Row: 5, Column: 5
}
{ Mask = 270, Description = block (2, 2), Cells = 9, CellsWithMask = 4, CleanableCellsCount = 0
   Cells:
      Discriminator: 22, Description: block (2, 2), Index: 30, Row: 3, Column: 3
      Discriminator: 22, Description: block (2, 2), Index: 31, Row: 3, Column: 4
      Discriminator: 22, Description: block (2, 2), Index: 32, Row: 3, Column: 5
      Discriminator: 22, Description: block (2, 2), Index: 39, Row: 4, Column: 3
      Discriminator: 22, Description: block (2, 2), Index: 40, Row: 4, Column: 4
      Discriminator: 22, Description: block (2, 2), Index: 41, Row: 4, Column: 5
      Discriminator: 22, Description: block (2, 2), Index: 48, Row: 5, Column: 3
      Discriminator: 22, Description: block (2, 2), Index: 49, Row: 5, Column: 4
      Discriminator: 22, Description: block (2, 2), Index: 50, Row: 5, Column: 5
   CellsWithMask:
      Discriminator: 22, Description: block (2, 2), Index: 32, Row: 3, Column: 5
      Discriminator: 22, Description: block (2, 2), Index: 39, Row: 4, Column: 3
      Discriminator: 22, Description: block (2, 2), Index: 49, Row: 5, Column: 4
      Discriminator: 22, Description: block (2, 2), Index: 50, Row: 5, Column: 5
}
{ Mask = 271, Description = block (2, 1), Cells = 9, CellsWithMask = 5, CleanableCellsCount = 0
   Cells:
      Discriminator: 21, Description: block (2, 1), Index: 27, Row: 3, Column: 0
      Discriminator: 21, Description: block (2, 1), Index: 28, Row: 3, Column: 1
      Discriminator: 21, Description: block (2, 1), Index: 29, Row: 3, Column: 2
      Discriminator: 21, Description: block (2, 1), Index: 36, Row: 4, Column: 0
      Discriminator: 21, Description: block (2, 1), Index: 37, Row: 4, Column: 1
      Discriminator: 21, Description: block (2, 1), Index: 38, Row: 4, Column: 2
      Discriminator: 21, Description: block (2, 1), Index: 45, Row: 5, Column: 0
      Discriminator: 21, Description: block (2, 1), Index: 46, Row: 5, Column: 1
      Discriminator: 21, Description: block (2, 1), Index: 47, Row: 5, Column: 2
   CellsWithMask:
      Discriminator: 21, Description: block (2, 1), Index: 27, Row: 3, Column: 0
      Discriminator: 21, Description: block (2, 1), Index: 36, Row: 4, Column: 0
      Discriminator: 21, Description: block (2, 1), Index: 38, Row: 4, Column: 2
      Discriminator: 21, Description: block (2, 1), Index: 45, Row: 5, Column: 0
      Discriminator: 21, Description: block (2, 1), Index: 46, Row: 5, Column: 1
}
{ Mask = 302, Description = row #1, Cells = 9, CellsWithMask = 5, CleanableCellsCount = 0
   Cells:
      Discriminator: 0, Description: row #1, Index: 0, Row: 0, Column: 0
      Discriminator: 0, Description: row #1, Index: 1, Row: 0, Column: 1
      Discriminator: 0, Description: row #1, Index: 2, Row: 0, Column: 2
      Discriminator: 0, Description: row #1, Index: 3, Row: 0, Column: 3
      Discriminator: 0, Description: row #1, Index: 4, Row: 0, Column: 4
      Discriminator: 0, Description: row #1, Index: 5, Row: 0, Column: 5
      Discriminator: 0, Description: row #1, Index: 6, Row: 0, Column: 6
      Discriminator: 0, Description: row #1, Index: 7, Row: 0, Column: 7
      Discriminator: 0, Description: row #1, Index: 8, Row: 0, Column: 8
   CellsWithMask:
      Discriminator: 0, Description: row #1, Index: 0, Row: 0, Column: 0
      Discriminator: 0, Description: row #1, Index: 1, Row: 0, Column: 1
      Discriminator: 0, Description: row #1, Index: 2, Row: 0, Column: 2
      Discriminator: 0, Description: row #1, Index: 4, Row: 0, Column: 4
      Discriminator: 0, Description: row #1, Index: 6, Row: 0, Column: 6
}
{ Mask = 302, Description = column #6, Cells = 9, CellsWithMask = 5, CleanableCellsCount = 0
   Cells:
      Discriminator: 14, Description: column #6, Index: 5, Row: 0, Column: 5
      Discriminator: 14, Description: column #6, Index: 14, Row: 1, Column: 5
      Discriminator: 14, Description: column #6, Index: 23, Row: 2, Column: 5
      Discriminator: 14, Description: column #6, Index: 32, Row: 3, Column: 5
      Discriminator: 14, Description: column #6, Index: 41, Row: 4, Column: 5
      Discriminator: 14, Description: column #6, Index: 50, Row: 5, Column: 5
      Discriminator: 14, Description: column #6, Index: 59, Row: 6, Column: 5
      Discriminator: 14, Description: column #6, Index: 68, Row: 7, Column: 5
      Discriminator: 14, Description: column #6, Index: 77, Row: 8, Column: 5
   CellsWithMask:
      Discriminator: 14, Description: column #6, Index: 14, Row: 1, Column: 5
      Discriminator: 14, Description: column #6, Index: 23, Row: 2, Column: 5
      Discriminator: 14, Description: column #6, Index: 32, Row: 3, Column: 5
      Discriminator: 14, Description: column #6, Index: 50, Row: 5, Column: 5
      Discriminator: 14, Description: column #6, Index: 77, Row: 8, Column: 5
}
{ Mask = 358, Description = column #5, Cells = 9, CellsWithMask = 5, CleanableCellsCount = 0
   Cells:
      Discriminator: 13, Description: column #5, Index: 4, Row: 0, Column: 4
      Discriminator: 13, Description: column #5, Index: 13, Row: 1, Column: 4
      Discriminator: 13, Description: column #5, Index: 22, Row: 2, Column: 4
      Discriminator: 13, Description: column #5, Index: 31, Row: 3, Column: 4
      Discriminator: 13, Description: column #5, Index: 40, Row: 4, Column: 4
      Discriminator: 13, Description: column #5, Index: 49, Row: 5, Column: 4
      Discriminator: 13, Description: column #5, Index: 58, Row: 6, Column: 4
      Discriminator: 13, Description: column #5, Index: 67, Row: 7, Column: 4
      Discriminator: 13, Description: column #5, Index: 76, Row: 8, Column: 4
   CellsWithMask:
      Discriminator: 13, Description: column #5, Index: 4, Row: 0, Column: 4
      Discriminator: 13, Description: column #5, Index: 22, Row: 2, Column: 4
      Discriminator: 13, Description: column #5, Index: 49, Row: 5, Column: 4
      Discriminator: 13, Description: column #5, Index: 58, Row: 6, Column: 4
      Discriminator: 13, Description: column #5, Index: 76, Row: 8, Column: 4
}
{ Mask = 366, Description = block (1, 2), Cells = 9, CellsWithMask = 6, CleanableCellsCount = 0
   Cells:
      Discriminator: 19, Description: block (1, 2), Index: 3, Row: 0, Column: 3
      Discriminator: 19, Description: block (1, 2), Index: 4, Row: 0, Column: 4
      Discriminator: 19, Description: block (1, 2), Index: 5, Row: 0, Column: 5
      Discriminator: 19, Description: block (1, 2), Index: 12, Row: 1, Column: 3
      Discriminator: 19, Description: block (1, 2), Index: 13, Row: 1, Column: 4
      Discriminator: 19, Description: block (1, 2), Index: 14, Row: 1, Column: 5
      Discriminator: 19, Description: block (1, 2), Index: 21, Row: 2, Column: 3
      Discriminator: 19, Description: block (1, 2), Index: 22, Row: 2, Column: 4
      Discriminator: 19, Description: block (1, 2), Index: 23, Row: 2, Column: 5
   CellsWithMask:
      Discriminator: 19, Description: block (1, 2), Index: 4, Row: 0, Column: 4
      Discriminator: 19, Description: block (1, 2), Index: 12, Row: 1, Column: 3
      Discriminator: 19, Description: block (1, 2), Index: 14, Row: 1, Column: 5
      Discriminator: 19, Description: block (1, 2), Index: 21, Row: 2, Column: 3
      Discriminator: 19, Description: block (1, 2), Index: 22, Row: 2, Column: 4
      Discriminator: 19, Description: block (1, 2), Index: 23, Row: 2, Column: 5
}
{ Mask = 392, Description = column #8, Cells = 9, CellsWithMask = 3, CleanableCellsCount = 0
   Cells:
      Discriminator: 16, Description: column #8, Index: 7, Row: 0, Column: 7
      Discriminator: 16, Description: column #8, Index: 16, Row: 1, Column: 7
      Discriminator: 16, Description: column #8, Index: 25, Row: 2, Column: 7
      Discriminator: 16, Description: column #8, Index: 34, Row: 3, Column: 7
      Discriminator: 16, Description: column #8, Index: 43, Row: 4, Column: 7
      Discriminator: 16, Description: column #8, Index: 52, Row: 5, Column: 7
      Discriminator: 16, Description: column #8, Index: 61, Row: 6, Column: 7
      Discriminator: 16, Description: column #8, Index: 70, Row: 7, Column: 7
      Discriminator: 16, Description: column #8, Index: 79, Row: 8, Column: 7
   CellsWithMask:
      Discriminator: 16, Description: column #8, Index: 34, Row: 3, Column: 7
      Discriminator: 16, Description: column #8, Index: 43, Row: 4, Column: 7
      Discriminator: 16, Description: column #8, Index: 61, Row: 6, Column: 7
}
{ Mask = 394, Description = block (2, 3), Cells = 9, CellsWithMask = 4, CleanableCellsCount = 0
   Cells:
      Discriminator: 23, Description: block (2, 3), Index: 33, Row: 3, Column: 6
      Discriminator: 23, Description: block (2, 3), Index: 34, Row: 3, Column: 7
      Discriminator: 23, Description: block (2, 3), Index: 35, Row: 3, Column: 8
      Discriminator: 23, Description: block (2, 3), Index: 42, Row: 4, Column: 6
      Discriminator: 23, Description: block (2, 3), Index: 43, Row: 4, Column: 7
      Discriminator: 23, Description: block (2, 3), Index: 44, Row: 4, Column: 8
      Discriminator: 23, Description: block (2, 3), Index: 51, Row: 5, Column: 6
      Discriminator: 23, Description: block (2, 3), Index: 52, Row: 5, Column: 7
      Discriminator: 23, Description: block (2, 3), Index: 53, Row: 5, Column: 8
   CellsWithMask:
      Discriminator: 23, Description: block (2, 3), Index: 34, Row: 3, Column: 7
      Discriminator: 23, Description: block (2, 3), Index: 35, Row: 3, Column: 8
      Discriminator: 23, Description: block (2, 3), Index: 42, Row: 4, Column: 6
      Discriminator: 23, Description: block (2, 3), Index: 43, Row: 4, Column: 7
}
{ Mask = 394, Description = block (3, 3), Cells = 9, CellsWithMask = 4, CleanableCellsCount = 0
   Cells:
      Discriminator: 26, Description: block (3, 3), Index: 60, Row: 6, Column: 6
      Discriminator: 26, Description: block (3, 3), Index: 61, Row: 6, Column: 7
      Discriminator: 26, Description: block (3, 3), Index: 62, Row: 6, Column: 8
      Discriminator: 26, Description: block (3, 3), Index: 69, Row: 7, Column: 6
      Discriminator: 26, Description: block (3, 3), Index: 70, Row: 7, Column: 7
      Discriminator: 26, Description: block (3, 3), Index: 71, Row: 7, Column: 8
      Discriminator: 26, Description: block (3, 3), Index: 78, Row: 8, Column: 6
      Discriminator: 26, Description: block (3, 3), Index: 79, Row: 8, Column: 7
      Discriminator: 26, Description: block (3, 3), Index: 80, Row: 8, Column: 8
   CellsWithMask:
      Discriminator: 26, Description: block (3, 3), Index: 61, Row: 6, Column: 7
      Discriminator: 26, Description: block (3, 3), Index: 62, Row: 6, Column: 8
      Discriminator: 26, Description: block (3, 3), Index: 71, Row: 7, Column: 8
      Discriminator: 26, Description: block (3, 3), Index: 78, Row: 8, Column: 6
}
{ Mask = 395, Description = row #5, Cells = 9, CellsWithMask = 5, CleanableCellsCount = 0
   Cells:
      Discriminator: 4, Description: row #5, Index: 36, Row: 4, Column: 0
      Discriminator: 4, Description: row #5, Index: 37, Row: 4, Column: 1
      Discriminator: 4, Description: row #5, Index: 38, Row: 4, Column: 2
      Discriminator: 4, Description: row #5, Index: 39, Row: 4, Column: 3
      Discriminator: 4, Description: row #5, Index: 40, Row: 4, Column: 4
      Discriminator: 4, Description: row #5, Index: 41, Row: 4, Column: 5
      Discriminator: 4, Description: row #5, Index: 42, Row: 4, Column: 6
      Discriminator: 4, Description: row #5, Index: 43, Row: 4, Column: 7
      Discriminator: 4, Description: row #5, Index: 44, Row: 4, Column: 8
   CellsWithMask:
      Discriminator: 4, Description: row #5, Index: 36, Row: 4, Column: 0
      Discriminator: 4, Description: row #5, Index: 38, Row: 4, Column: 2
      Discriminator: 4, Description: row #5, Index: 39, Row: 4, Column: 3
      Discriminator: 4, Description: row #5, Index: 42, Row: 4, Column: 6
      Discriminator: 4, Description: row #5, Index: 43, Row: 4, Column: 7
}
{ Mask = 396, Description = row #2, Cells = 9, CellsWithMask = 4, CleanableCellsCount = 0
   Cells:
      Discriminator: 1, Description: row #2, Index: 9, Row: 1, Column: 0
      Discriminator: 1, Description: row #2, Index: 10, Row: 1, Column: 1
      Discriminator: 1, Description: row #2, Index: 11, Row: 1, Column: 2
      Discriminator: 1, Description: row #2, Index: 12, Row: 1, Column: 3
      Discriminator: 1, Description: row #2, Index: 13, Row: 1, Column: 4
      Discriminator: 1, Description: row #2, Index: 14, Row: 1, Column: 5
      Discriminator: 1, Description: row #2, Index: 15, Row: 1, Column: 6
      Discriminator: 1, Description: row #2, Index: 16, Row: 1, Column: 7
      Discriminator: 1, Description: row #2, Index: 17, Row: 1, Column: 8
   CellsWithMask:
      Discriminator: 1, Description: row #2, Index: 10, Row: 1, Column: 1
      Discriminator: 1, Description: row #2, Index: 12, Row: 1, Column: 3
      Discriminator: 1, Description: row #2, Index: 14, Row: 1, Column: 5
      Discriminator: 1, Description: row #2, Index: 15, Row: 1, Column: 6
}
{ Mask = 399, Description = block (1, 1), Cells = 9, CellsWithMask = 6, CleanableCellsCount = 0
   Cells:
      Discriminator: 18, Description: block (1, 1), Index: 0, Row: 0, Column: 0
      Discriminator: 18, Description: block (1, 1), Index: 1, Row: 0, Column: 1
      Discriminator: 18, Description: block (1, 1), Index: 2, Row: 0, Column: 2
      Discriminator: 18, Description: block (1, 1), Index: 9, Row: 1, Column: 0
      Discriminator: 18, Description: block (1, 1), Index: 10, Row: 1, Column: 1
      Discriminator: 18, Description: block (1, 1), Index: 11, Row: 1, Column: 2
      Discriminator: 18, Description: block (1, 1), Index: 18, Row: 2, Column: 0
      Discriminator: 18, Description: block (1, 1), Index: 19, Row: 2, Column: 1
      Discriminator: 18, Description: block (1, 1), Index: 20, Row: 2, Column: 2
   CellsWithMask:
      Discriminator: 18, Description: block (1, 1), Index: 0, Row: 0, Column: 0
      Discriminator: 18, Description: block (1, 1), Index: 1, Row: 0, Column: 1
      Discriminator: 18, Description: block (1, 1), Index: 2, Row: 0, Column: 2
      Discriminator: 18, Description: block (1, 1), Index: 10, Row: 1, Column: 1
      Discriminator: 18, Description: block (1, 1), Index: 18, Row: 2, Column: 0
      Discriminator: 18, Description: block (1, 1), Index: 20, Row: 2, Column: 2
}
{ Mask = 426, Description = column #7, Cells = 9, CellsWithMask = 5, CleanableCellsCount = 0
   Cells:
      Discriminator: 15, Description: column #7, Index: 6, Row: 0, Column: 6
      Discriminator: 15, Description: column #7, Index: 15, Row: 1, Column: 6
      Discriminator: 15, Description: column #7, Index: 24, Row: 2, Column: 6
      Discriminator: 15, Description: column #7, Index: 33, Row: 3, Column: 6
      Discriminator: 15, Description: column #7, Index: 42, Row: 4, Column: 6
      Discriminator: 15, Description: column #7, Index: 51, Row: 5, Column: 6
      Discriminator: 15, Description: column #7, Index: 60, Row: 6, Column: 6
      Discriminator: 15, Description: column #7, Index: 69, Row: 7, Column: 6
      Discriminator: 15, Description: column #7, Index: 78, Row: 8, Column: 6
   CellsWithMask:
      Discriminator: 15, Description: column #7, Index: 6, Row: 0, Column: 6
      Discriminator: 15, Description: column #7, Index: 15, Row: 1, Column: 6
      Discriminator: 15, Description: column #7, Index: 24, Row: 2, Column: 6
      Discriminator: 15, Description: column #7, Index: 42, Row: 4, Column: 6
      Discriminator: 15, Description: column #7, Index: 78, Row: 8, Column: 6
}
{ Mask = 458, Description = row #7, Cells = 9, CellsWithMask = 5, CleanableCellsCount = 0
   Cells:
      Discriminator: 6, Description: row #7, Index: 54, Row: 6, Column: 0
      Discriminator: 6, Description: row #7, Index: 55, Row: 6, Column: 1
      Discriminator: 6, Description: row #7, Index: 56, Row: 6, Column: 2
      Discriminator: 6, Description: row #7, Index: 57, Row: 6, Column: 3
      Discriminator: 6, Description: row #7, Index: 58, Row: 6, Column: 4
      Discriminator: 6, Description: row #7, Index: 59, Row: 6, Column: 5
      Discriminator: 6, Description: row #7, Index: 60, Row: 6, Column: 6
      Discriminator: 6, Description: row #7, Index: 61, Row: 6, Column: 7
      Discriminator: 6, Description: row #7, Index: 62, Row: 6, Column: 8
   CellsWithMask:
      Discriminator: 6, Description: row #7, Index: 54, Row: 6, Column: 0
      Discriminator: 6, Description: row #7, Index: 57, Row: 6, Column: 3
      Discriminator: 6, Description: row #7, Index: 58, Row: 6, Column: 4
      Discriminator: 6, Description: row #7, Index: 61, Row: 6, Column: 7
      Discriminator: 6, Description: row #7, Index: 62, Row: 6, Column: 8
}
{ Mask = 458, Description = column #4, Cells = 9, CellsWithMask = 5, CleanableCellsCount = 0
   Cells:
      Discriminator: 12, Description: column #4, Index: 3, Row: 0, Column: 3
      Discriminator: 12, Description: column #4, Index: 12, Row: 1, Column: 3
      Discriminator: 12, Description: column #4, Index: 21, Row: 2, Column: 3
      Discriminator: 12, Description: column #4, Index: 30, Row: 3, Column: 3
      Discriminator: 12, Description: column #4, Index: 39, Row: 4, Column: 3
      Discriminator: 12, Description: column #4, Index: 48, Row: 5, Column: 3
      Discriminator: 12, Description: column #4, Index: 57, Row: 6, Column: 3
      Discriminator: 12, Description: column #4, Index: 66, Row: 7, Column: 3
      Discriminator: 12, Description: column #4, Index: 75, Row: 8, Column: 3
   CellsWithMask:
      Discriminator: 12, Description: column #4, Index: 12, Row: 1, Column: 3
      Discriminator: 12, Description: column #4, Index: 21, Row: 2, Column: 3
      Discriminator: 12, Description: column #4, Index: 39, Row: 4, Column: 3
      Discriminator: 12, Description: column #4, Index: 57, Row: 6, Column: 3
      Discriminator: 12, Description: column #4, Index: 66, Row: 7, Column: 3
}
{ Mask = 463, Description = column #1, Cells = 9, CellsWithMask = 7, CleanableCellsCount = 0
   Cells:
      Discriminator: 9, Description: column #1, Index: 0, Row: 0, Column: 0
      Discriminator: 9, Description: column #1, Index: 9, Row: 1, Column: 0
      Discriminator: 9, Description: column #1, Index: 18, Row: 2, Column: 0
      Discriminator: 9, Description: column #1, Index: 27, Row: 3, Column: 0
      Discriminator: 9, Description: column #1, Index: 36, Row: 4, Column: 0
      Discriminator: 9, Description: column #1, Index: 45, Row: 5, Column: 0
      Discriminator: 9, Description: column #1, Index: 54, Row: 6, Column: 0
      Discriminator: 9, Description: column #1, Index: 63, Row: 7, Column: 0
      Discriminator: 9, Description: column #1, Index: 72, Row: 8, Column: 0
   CellsWithMask:
      Discriminator: 9, Description: column #1, Index: 0, Row: 0, Column: 0
      Discriminator: 9, Description: column #1, Index: 18, Row: 2, Column: 0
      Discriminator: 9, Description: column #1, Index: 27, Row: 3, Column: 0
      Discriminator: 9, Description: column #1, Index: 36, Row: 4, Column: 0
      Discriminator: 9, Description: column #1, Index: 45, Row: 5, Column: 0
      Discriminator: 9, Description: column #1, Index: 54, Row: 6, Column: 0
      Discriminator: 9, Description: column #1, Index: 72, Row: 8, Column: 0
}
{ Mask = 482, Description = block (3, 2), Cells = 9, CellsWithMask = 5, CleanableCellsCount = 0
   Cells:
      Discriminator: 25, Description: block (3, 2), Index: 57, Row: 6, Column: 3
      Discriminator: 25, Description: block (3, 2), Index: 58, Row: 6, Column: 4
      Discriminator: 25, Description: block (3, 2), Index: 59, Row: 6, Column: 5
      Discriminator: 25, Description: block (3, 2), Index: 66, Row: 7, Column: 3
      Discriminator: 25, Description: block (3, 2), Index: 67, Row: 7, Column: 4
      Discriminator: 25, Description: block (3, 2), Index: 68, Row: 7, Column: 5
      Discriminator: 25, Description: block (3, 2), Index: 75, Row: 8, Column: 3
      Discriminator: 25, Description: block (3, 2), Index: 76, Row: 8, Column: 4
      Discriminator: 25, Description: block (3, 2), Index: 77, Row: 8, Column: 5
   CellsWithMask:
      Discriminator: 25, Description: block (3, 2), Index: 57, Row: 6, Column: 3
      Discriminator: 25, Description: block (3, 2), Index: 58, Row: 6, Column: 4
      Discriminator: 25, Description: block (3, 2), Index: 66, Row: 7, Column: 3
      Discriminator: 25, Description: block (3, 2), Index: 76, Row: 8, Column: 4
      Discriminator: 25, Description: block (3, 2), Index: 77, Row: 8, Column: 5
}
{ Mask = 490, Description = row #9, Cells = 9, CellsWithMask = 6, CleanableCellsCount = 0
   Cells:
      Discriminator: 8, Description: row #9, Index: 72, Row: 8, Column: 0
      Discriminator: 8, Description: row #9, Index: 73, Row: 8, Column: 1
      Discriminator: 8, Description: row #9, Index: 74, Row: 8, Column: 2
      Discriminator: 8, Description: row #9, Index: 75, Row: 8, Column: 3
      Discriminator: 8, Description: row #9, Index: 76, Row: 8, Column: 4
      Discriminator: 8, Description: row #9, Index: 77, Row: 8, Column: 5
      Discriminator: 8, Description: row #9, Index: 78, Row: 8, Column: 6
      Discriminator: 8, Description: row #9, Index: 79, Row: 8, Column: 7
      Discriminator: 8, Description: row #9, Index: 80, Row: 8, Column: 8
   CellsWithMask:
      Discriminator: 8, Description: row #9, Index: 72, Row: 8, Column: 0
      Discriminator: 8, Description: row #9, Index: 73, Row: 8, Column: 1
      Discriminator: 8, Description: row #9, Index: 74, Row: 8, Column: 2
      Discriminator: 8, Description: row #9, Index: 76, Row: 8, Column: 4
      Discriminator: 8, Description: row #9, Index: 77, Row: 8, Column: 5
      Discriminator: 8, Description: row #9, Index: 78, Row: 8, Column: 6
}

---------------------

