
Final look of the solved board:
+---+---+---+
|635|214|987|
|278|539|146|
|194|687|253|
+---+---+---+
|346|198|725|
|827|345|619|
|519|726|438|
+---+---+---+
|963|452|871|
|752|861|394|
|481|973|562|
+---+---+---+

