
Final look of the solved board:
+---+---+---+
|953|726|841|
|482|153|976|
|617|948|325|
+---+---+---+
|149|567|283|
|538|219|467|
|276|384|519|
+---+---+---+
|861|495|732|
|325|871|694|
|794|632|158|
+---+---+---+

Starting look of the board to solve:
+---+---+---+
|9..|7..|8..|
|.8.|1.3|.7.|
|.1.|...|.2.|
+---+---+---+
|...|5..|.83|
|5.8|2.9|4..|
|..6|3..|5.9|
+---+---+---+
|8.1|495|...|
|3..|...|69.|
|...|...|.5.|
+---+---+---+

================================================================================

(6, 8) can only contain 1.
+---+---+---+
|9..|7..|8..|
|.8.|1.3|.7.|
|.1.|...|.2.|
+---+---+---+
|...|5..|.83|
|5.8|2.9|4..|
|..6|3..|519|
+---+---+---+
|8.1|495|...|
|3..|...|69.|
|...|...|.5.|
+---+---+---+
Code: 900700800080103070010000020000500083508209400006300519801495000300000690000000050

(5, 8) can only contain 6.
+---+---+---+
|9..|7..|8..|
|.8.|1.3|.7.|
|.1.|...|.2.|
+---+---+---+
|...|5..|.83|
|5.8|2.9|46.|
|..6|3..|519|
+---+---+---+
|8.1|495|...|
|3..|...|69.|
|...|...|.5.|
+---+---+---+
Code: 900700800080103070010000020000500083508209460006300519801495000300000690000000050

(7, 8) can only contain 3.
+---+---+---+
|9..|7..|8..|
|.8.|1.3|.7.|
|.1.|...|.2.|
+---+---+---+
|...|5..|.83|
|5.8|2.9|46.|
|..6|3..|519|
+---+---+---+
|8.1|495|.3.|
|3..|...|69.|
|...|...|.5.|
+---+---+---+
Code: 900700800080103070010000020000500083508209460006300519801495030300000690000000050

(5, 9) can only contain 7.
+---+---+---+
|9..|7..|8..|
|.8.|1.3|.7.|
|.1.|...|.2.|
+---+---+---+
|...|5..|.83|
|5.8|2.9|467|
|..6|3..|519|
+---+---+---+
|8.1|495|.3.|
|3..|...|69.|
|...|...|.5.|
+---+---+---+
Code: 900700800080103070010000020000500083508209467006300519801495030300000690000000050

(7, 9) can only contain 2.
+---+---+---+
|9..|7..|8..|
|.8.|1.3|.7.|
|.1.|...|.2.|
+---+---+---+
|...|5..|.83|
|5.8|2.9|467|
|..6|3..|519|
+---+---+---+
|8.1|495|.32|
|3..|...|69.|
|...|...|.5.|
+---+---+---+
Code: 900700800080103070010000020000500083508209467006300519801495032300000690000000050

(5, 5) can only contain 1.
+---+---+---+
|9..|7..|8..|
|.8.|1.3|.7.|
|.1.|...|.2.|
+---+---+---+
|...|5..|.83|
|5.8|219|467|
|..6|3..|519|
+---+---+---+
|8.1|495|.32|
|3..|...|69.|
|...|...|.5.|
+---+---+---+
Code: 900700800080103070010000020000500083508219467006300519801495032300000690000000050

(5, 2) can only contain 3.
+---+---+---+
|9..|7..|8..|
|.8.|1.3|.7.|
|.1.|...|.2.|
+---+---+---+
|...|5..|.83|
|538|219|467|
|..6|3..|519|
+---+---+---+
|8.1|495|.32|
|3..|...|69.|
|...|...|.5.|
+---+---+---+
Code: 900700800080103070010000020000500083538219467006300519801495032300000690000000050

(4, 7) can only contain 2.
+---+---+---+
|9..|7..|8..|
|.8.|1.3|.7.|
|.1.|...|.2.|
+---+---+---+
|...|5..|283|
|538|219|467|
|..6|3..|519|
+---+---+---+
|8.1|495|.32|
|3..|...|69.|
|...|...|.5.|
+---+---+---+
Code: 900700800080103070010000020000500283538219467006300519801495032300000690000000050

(1, 8) can only contain 4.
+---+---+---+
|9..|7..|84.|
|.8.|1.3|.7.|
|.1.|...|.2.|
+---+---+---+
|...|5..|283|
|538|219|467|
|..6|3..|519|
+---+---+---+
|8.1|495|.32|
|3..|...|69.|
|...|...|.5.|
+---+---+---+
Code: 900700840080103070010000020000500283538219467006300519801495032300000690000000050

(8, 4) can only contain 8.
+---+---+---+
|9..|7..|84.|
|.8.|1.3|.7.|
|.1.|...|.2.|
+---+---+---+
|...|5..|283|
|538|219|467|
|..6|3..|519|
+---+---+---+
|8.1|495|.32|
|3..|8..|69.|
|...|...|.5.|
+---+---+---+
Code: 900700840080103070010000020000500283538219467006300519801495032300800690000000050

(9, 4) can only contain 6.
+---+---+---+
|9..|7..|84.|
|.8.|1.3|.7.|
|.1.|...|.2.|
+---+---+---+
|...|5..|283|
|538|219|467|
|..6|3..|519|
+---+---+---+
|8.1|495|.32|
|3..|8..|69.|
|...|6..|.5.|
+---+---+---+
Code: 900700840080103070010000020000500283538219467006300519801495032300800690000600050

(3, 4) can only contain 9.
+---+---+---+
|9..|7..|84.|
|.8.|1.3|.7.|
|.1.|9..|.2.|
+---+---+---+
|...|5..|283|
|538|219|467|
|..6|3..|519|
+---+---+---+
|8.1|495|.32|
|3..|8..|69.|
|...|6..|.5.|
+---+---+---+
Code: 900700840080103070010900020000500283538219467006300519801495032300800690000600050

(7, 7) can only contain 7.
+---+---+---+
|9..|7..|84.|
|.8.|1.3|.7.|
|.1.|9..|.2.|
+---+---+---+
|...|5..|283|
|538|219|467|
|..6|3..|519|
+---+---+---+
|8.1|495|732|
|3..|8..|69.|
|...|6..|.5.|
+---+---+---+
Code: 900700840080103070010900020000500283538219467006300519801495732300800690000600050

(2, 7) can only contain 9.
+---+---+---+
|9..|7..|84.|
|.8.|1.3|97.|
|.1.|9..|.2.|
+---+---+---+
|...|5..|283|
|538|219|467|
|..6|3..|519|
+---+---+---+
|8.1|495|732|
|3..|8..|69.|
|...|6..|.5.|
+---+---+---+
Code: 900700840080103970010900020000500283538219467006300519801495732300800690000600050

(7, 2) can only contain 6.
+---+---+---+
|9..|7..|84.|
|.8.|1.3|97.|
|.1.|9..|.2.|
+---+---+---+
|...|5..|283|
|538|219|467|
|..6|3..|519|
+---+---+---+
|861|495|732|
|3..|8..|69.|
|...|6..|.5.|
+---+---+---+
Code: 900700840080103970010900020000500283538219467006300519861495732300800690000600050

(9, 7) can only contain 1.
+---+---+---+
|9..|7..|84.|
|.8.|1.3|97.|
|.1.|9..|.2.|
+---+---+---+
|...|5..|283|
|538|219|467|
|..6|3..|519|
+---+---+---+
|861|495|732|
|3..|8..|69.|
|...|6..|15.|
+---+---+---+
Code: 900700840080103970010900020000500283538219467006300519861495732300800690000600150

(8, 9) can only contain 4.
+---+---+---+
|9..|7..|84.|
|.8.|1.3|97.|
|.1.|9..|.2.|
+---+---+---+
|...|5..|283|
|538|219|467|
|..6|3..|519|
+---+---+---+
|861|495|732|
|3..|8..|694|
|...|6..|15.|
+---+---+---+
Code: 900700840080103970010900020000500283538219467006300519861495732300800694000600150

(9, 9) can only contain 8.
+---+---+---+
|9..|7..|84.|
|.8.|1.3|97.|
|.1.|9..|.2.|
+---+---+---+
|...|5..|283|
|538|219|467|
|..6|3..|519|
+---+---+---+
|861|495|732|
|3..|8..|694|
|...|6..|158|
+---+---+---+
Code: 900700840080103970010900020000500283538219467006300519861495732300800694000600158

(3, 7) can only contain 3.
+---+---+---+
|9..|7..|84.|
|.8.|1.3|97.|
|.1.|9..|32.|
+---+---+---+
|...|5..|283|
|538|219|467|
|..6|3..|519|
+---+---+---+
|861|495|732|
|3..|8..|694|
|...|6..|158|
+---+---+---+
Code: 900700840080103970010900320000500283538219467006300519861495732300800694000600158

Block (3, 2) can contain 1 only at (8, 6).
+---+---+---+
|9..|7..|84.|
|.8.|1.3|97.|
|.1.|9..|32.|
+---+---+---+
|...|5..|283|
|538|219|467|
|..6|3..|519|
+---+---+---+
|861|495|732|
|3..|8.1|694|
|...|6..|158|
+---+---+---+
Code: 900700840080103970010900320000500283538219467006300519861495732300801694000600158

Column #9 can contain 1 only at (1, 9).
+---+---+---+
|9..|7..|841|
|.8.|1.3|97.|
|.1.|9..|32.|
+---+---+---+
|...|5..|283|
|538|219|467|
|..6|3..|519|
+---+---+---+
|861|495|732|
|3..|8.1|694|
|...|6..|158|
+---+---+---+
Code: 900700841080103970010900320000500283538219467006300519861495732300801694000600158

Block (3, 2) can contain 3 only at (9, 5).
+---+---+---+
|9..|7..|841|
|.8.|1.3|97.|
|.1.|9..|32.|
+---+---+---+
|...|5..|283|
|538|219|467|
|..6|3..|519|
+---+---+---+
|861|495|732|
|3..|8.1|694|
|...|63.|158|
+---+---+---+
Code: 900700841080103970010900320000500283538219467006300519861495732300801694000630158

Column #3 can contain 3 only at (1, 3).
+---+---+---+
|9.3|7..|841|
|.8.|1.3|97.|
|.1.|9..|32.|
+---+---+---+
|...|5..|283|
|538|219|467|
|..6|3..|519|
+---+---+---+
|861|495|732|
|3..|8.1|694|
|...|63.|158|
+---+---+---+
Code: 903700841080103970010900320000500283538219467006300519861495732300801694000630158

Column #1 can contain 1 only at (4, 1).
+---+---+---+
|9.3|7..|841|
|.8.|1.3|97.|
|.1.|9..|32.|
+---+---+---+
|1..|5..|283|
|538|219|467|
|..6|3..|519|
+---+---+---+
|861|495|732|
|3..|8.1|694|
|...|63.|158|
+---+---+---+
Code: 903700841080103970010900320100500283538219467006300519861495732300801694000630158


---------------------
{ Mask = 10, Description = row #2, Cells = 9, CellsWithMask = 3, CleanableCellsCount = 0 }
{ Mask = 10, Description = row #6, Cells = 9, CellsWithMask = 4, CleanableCellsCount = 0 }
{ Mask = 10, Description = row #9, Cells = 9, CellsWithMask = 4, CleanableCellsCount = 0 }
{ Mask = 10, Description = column #1, Cells = 9, CellsWithMask = 4, CleanableCellsCount = 0 }
{ Mask = 10, Description = column #2, Cells = 9, CellsWithMask = 5, CleanableCellsCount = 0 }
{ Mask = 10, Description = column #3, Cells = 9, CellsWithMask = 5, CleanableCellsCount = 0 }
{ Mask = 10, Description = column #5, Cells = 9, CellsWithMask = 6, CleanableCellsCount = 0 }
{ Mask = 10, Description = column #6, Cells = 9, CellsWithMask = 5, CleanableCellsCount = 0 }
{ Mask = 10, Description = block (1, 1), Cells = 9, CellsWithMask = 5, CleanableCellsCount = 0 }
{ Mask = 10, Description = block (1, 2), Cells = 9, CellsWithMask = 5, CleanableCellsCount = 0 }
{ Mask = 10, Description = block (2, 1), Cells = 9, CellsWithMask = 4, CleanableCellsCount = 0 }
{ Mask = 10, Description = block (3, 1), Cells = 9, CellsWithMask = 5, CleanableCellsCount = 0 }
{ Mask = 18, Description = row #1, Cells = 9, CellsWithMask = 3, CleanableCellsCount = 0 }
{ Mask = 18, Description = row #2, Cells = 9, CellsWithMask = 4, CleanableCellsCount = 0 }
{ Mask = 18, Description = row #8, Cells = 9, CellsWithMask = 3, CleanableCellsCount = 0 }
{ Mask = 18, Description = column #2, Cells = 9, CellsWithMask = 4, CleanableCellsCount = 0 }
{ Mask = 18, Description = column #3, Cells = 9, CellsWithMask = 4, CleanableCellsCount = 0 }
{ Mask = 18, Description = column #5, Cells = 9, CellsWithMask = 4, CleanableCellsCount = 0 }
{ Mask = 18, Description = block (1, 1), Cells = 9, CellsWithMask = 4, CleanableCellsCount = 0 }
{ Mask = 18, Description = block (1, 2), Cells = 9, CellsWithMask = 4, CleanableCellsCount = 0 }
{ Mask = 18, Description = block (3, 1), Cells = 9, CellsWithMask = 5, CleanableCellsCount = 0 }
{ Mask = 24, Description = row #2, Cells = 9, CellsWithMask = 4, CleanableCellsCount = 0 }
{ Mask = 24, Description = row #3, Cells = 9, CellsWithMask = 5, CleanableCellsCount = 0 }
{ Mask = 24, Description = column #2, Cells = 9, CellsWithMask = 5, CleanableCellsCount = 0 }
{ Mask = 24, Description = column #3, Cells = 9, CellsWithMask = 5, CleanableCellsCount = 0 }
{ Mask = 24, Description = column #5, Cells = 9, CellsWithMask = 5, CleanableCellsCount = 0 }
{ Mask = 24, Description = block (1, 1), Cells = 9, CellsWithMask = 5, CleanableCellsCount = 0 }
{ Mask = 24, Description = block (1, 2), Cells = 9, CellsWithMask = 4, CleanableCellsCount = 0 }
{ Mask = 24, Description = block (3, 1), Cells = 9, CellsWithMask = 5, CleanableCellsCount = 0 }
{ Mask = 26, Description = row #2, Cells = 9, CellsWithMask = 4, CleanableCellsCount = 0 }
{ Mask = 26, Description = column #2, Cells = 9, CellsWithMask = 5, CleanableCellsCount = 0 }
{ Mask = 26, Description = column #3, Cells = 9, CellsWithMask = 5, CleanableCellsCount = 0 }
{ Mask = 26, Description = column #5, Cells = 9, CellsWithMask = 6, CleanableCellsCount = 0 }
{ Mask = 26, Description = block (1, 1), Cells = 9, CellsWithMask = 5, CleanableCellsCount = 0 }
{ Mask = 26, Description = block (1, 2), Cells = 9, CellsWithMask = 5, CleanableCellsCount = 0 }
{ Mask = 26, Description = block (3, 1), Cells = 9, CellsWithMask = 5, CleanableCellsCount = 0 }
{ Mask = 34, Description = row #1, Cells = 9, CellsWithMask = 3, CleanableCellsCount = 0 }
{ Mask = 34, Description = row #2, Cells = 9, CellsWithMask = 4, CleanableCellsCount = 0 }
{ Mask = 34, Description = column #1, Cells = 9, CellsWithMask = 4, CleanableCellsCount = 0 }
{ Mask = 34, Description = column #5, Cells = 9, CellsWithMask = 5, CleanableCellsCount = 0 }
{ Mask = 34, Description = column #6, Cells = 9, CellsWithMask = 4, CleanableCellsCount = 0 }
{ Mask = 34, Description = block (1, 1), Cells = 9, CellsWithMask = 4, CleanableCellsCount = 0 }
{ Mask = 34, Description = block (1, 2), Cells = 9, CellsWithMask = 5, CleanableCellsCount = 0 }
{ Mask = 40, Description = row #2, Cells = 9, CellsWithMask = 4, CleanableCellsCount = 0 }
{ Mask = 40, Description = row #3, Cells = 9, CellsWithMask = 5, CleanableCellsCount = 0 }
{ Mask = 40, Description = row #4, Cells = 9, CellsWithMask = 4, CleanableCellsCount = 0 }
{ Mask = 40, Description = column #1, Cells = 9, CellsWithMask = 4, CleanableCellsCount = 0 }
{ Mask = 40, Description = column #5, Cells = 9, CellsWithMask = 5, CleanableCellsCount = 0 }
{ Mask = 40, Description = column #6, Cells = 9, CellsWithMask = 4, CleanableCellsCount = 0 }
{ Mask = 40, Description = block (1, 1), Cells = 9, CellsWithMask = 4, CleanableCellsCount = 0 }
{ Mask = 40, Description = block (1, 2), Cells = 9, CellsWithMask = 5, CleanableCellsCount = 0 }
{ Mask = 40, Description = block (2, 2), Cells = 9, CellsWithMask = 4, CleanableCellsCount = 0 }
{ Mask = 42, Description = row #2, Cells = 9, CellsWithMask = 4, CleanableCellsCount = 0 }
{ Mask = 42, Description = column #1, Cells = 9, CellsWithMask = 4, CleanableCellsCount = 0 }
{ Mask = 42, Description = column #5, Cells = 9, CellsWithMask = 6, CleanableCellsCount = 0 }
{ Mask = 42, Description = column #6, Cells = 9, CellsWithMask = 5, CleanableCellsCount = 0 }
{ Mask = 42, Description = block (1, 1), Cells = 9, CellsWithMask = 5, CleanableCellsCount = 0 }
{ Mask = 42, Description = block (1, 2), Cells = 9, CellsWithMask = 5, CleanableCellsCount = 0 }
{ Mask = 48, Description = row #1, Cells = 9, CellsWithMask = 3, CleanableCellsCount = 0 }
{ Mask = 48, Description = row #2, Cells = 9, CellsWithMask = 4, CleanableCellsCount = 0 }
{ Mask = 48, Description = row #3, Cells = 9, CellsWithMask = 5, CleanableCellsCount = 0 }
{ Mask = 48, Description = column #5, Cells = 9, CellsWithMask = 4, CleanableCellsCount = 0 }
{ Mask = 48, Description = column #9, Cells = 9, CellsWithMask = 2, CleanableCellsCount = 0 }
{ Mask = 48, Description = block (1, 1), Cells = 9, CellsWithMask = 5, CleanableCellsCount = 0 }
{ Mask = 48, Description = block (1, 2), Cells = 9, CellsWithMask = 5, CleanableCellsCount = 0 }
{ Mask = 48, Description = block (1, 3), Cells = 9, CellsWithMask = 2, CleanableCellsCount = 0 }
{ Mask = 50, Description = row #1, Cells = 9, CellsWithMask = 3, CleanableCellsCount = 0 }
{ Mask = 50, Description = row #2, Cells = 9, CellsWithMask = 4, CleanableCellsCount = 0 }
{ Mask = 50, Description = column #5, Cells = 9, CellsWithMask = 5, CleanableCellsCount = 0 }
{ Mask = 50, Description = block (1, 1), Cells = 9, CellsWithMask = 5, CleanableCellsCount = 0 }
{ Mask = 50, Description = block (1, 2), Cells = 9, CellsWithMask = 5, CleanableCellsCount = 0 }
{ Mask = 56, Description = row #2, Cells = 9, CellsWithMask = 4, CleanableCellsCount = 0 }
{ Mask = 56, Description = row #3, Cells = 9, CellsWithMask = 5, CleanableCellsCount = 0 }
{ Mask = 56, Description = column #5, Cells = 9, CellsWithMask = 5, CleanableCellsCount = 0 }
{ Mask = 56, Description = block (1, 1), Cells = 9, CellsWithMask = 5, CleanableCellsCount = 0 }
{ Mask = 56, Description = block (1, 2), Cells = 9, CellsWithMask = 5, CleanableCellsCount = 0 }
{ Mask = 58, Description = row #2, Cells = 9, CellsWithMask = 4, CleanableCellsCount = 0 }
{ Mask = 58, Description = column #5, Cells = 9, CellsWithMask = 6, CleanableCellsCount = 0 }
{ Mask = 58, Description = block (1, 1), Cells = 9, CellsWithMask = 5, CleanableCellsCount = 0 }
{ Mask = 58, Description = block (1, 2), Cells = 9, CellsWithMask = 5, CleanableCellsCount = 0 }
{ Mask = 66, Description = row #6, Cells = 9, CellsWithMask = 4, CleanableCellsCount = 0 }
{ Mask = 66, Description = row #8, Cells = 9, CellsWithMask = 3, CleanableCellsCount = 0 }
{ Mask = 66, Description = row #9, Cells = 9, CellsWithMask = 4, CleanableCellsCount = 0 }
{ Mask = 66, Description = column #1, Cells = 9, CellsWithMask = 4, CleanableCellsCount = 0 }
{ Mask = 66, Description = column #2, Cells = 9, CellsWithMask = 5, CleanableCellsCount = 0 }
{ Mask = 66, Description = column #3, Cells = 9, CellsWithMask = 5, CleanableCellsCount = 0 }
{ Mask = 66, Description = column #5, Cells = 9, CellsWithMask = 5, CleanableCellsCount = 0 }
{ Mask = 66, Description = column #6, Cells = 9, CellsWithMask = 4, CleanableCellsCount = 0 }
{ Mask = 66, Description = block (1, 1), Cells = 9, CellsWithMask = 5, CleanableCellsCount = 0 }
{ Mask = 66, Description = block (2, 1), Cells = 9, CellsWithMask = 4, CleanableCellsCount = 0 }
{ Mask = 66, Description = block (3, 1), Cells = 9, CellsWithMask = 5, CleanableCellsCount = 0 }
{ Mask = 66, Description = block (3, 2), Cells = 9, CellsWithMask = 2, CleanableCellsCount = 0 }
{ Mask = 72, Description = row #3, Cells = 9, CellsWithMask = 4, CleanableCellsCount = 0 }
{ Mask = 72, Description = row #4, Cells = 9, CellsWithMask = 4, CleanableCellsCount = 0 }
{ Mask = 72, Description = row #6, Cells = 9, CellsWithMask = 4, CleanableCellsCount = 0 }
{ Mask = 72, Description = row #9, Cells = 9, CellsWithMask = 4, CleanableCellsCount = 0 }
{ Mask = 72, Description = column #1, Cells = 9, CellsWithMask = 4, CleanableCellsCount = 0 }
{ Mask = 72, Description = column #2, Cells = 9, CellsWithMask = 4, CleanableCellsCount = 0 }
{ Mask = 72, Description = column #3, Cells = 9, CellsWithMask = 5, CleanableCellsCount = 0 }
{ Mask = 72, Description = column #5, Cells = 9, CellsWithMask = 5, CleanableCellsCount = 0 }
{ Mask = 72, Description = column #6, Cells = 9, CellsWithMask = 4, CleanableCellsCount = 0 }
{ Mask = 72, Description = block (1, 1), Cells = 9, CellsWithMask = 4, CleanableCellsCount = 0 }
{ Mask = 72, Description = block (2, 1), Cells = 9, CellsWithMask = 4, CleanableCellsCount = 0 }
{ Mask = 72, Description = block (2, 2), Cells = 9, CellsWithMask = 4, CleanableCellsCount = 0 }
{ Mask = 72, Description = block (3, 1), Cells = 9, CellsWithMask = 5, CleanableCellsCount = 0 }
{ Mask = 74, Description = row #6, Cells = 9, CellsWithMask = 4, CleanableCellsCount = 0 }
{ Mask = 74, Description = row #9, Cells = 9, CellsWithMask = 4, CleanableCellsCount = 0 }
{ Mask = 74, Description = column #1, Cells = 9, CellsWithMask = 4, CleanableCellsCount = 0 }
{ Mask = 74, Description = column #2, Cells = 9, CellsWithMask = 5, CleanableCellsCount = 0 }
{ Mask = 74, Description = column #3, Cells = 9, CellsWithMask = 5, CleanableCellsCount = 0 }
{ Mask = 74, Description = column #5, Cells = 9, CellsWithMask = 6, CleanableCellsCount = 0 }
{ Mask = 74, Description = column #6, Cells = 9, CellsWithMask = 5, CleanableCellsCount = 0 }
{ Mask = 74, Description = block (1, 1), Cells = 9, CellsWithMask = 5, CleanableCellsCount = 0 }
{ Mask = 74, Description = block (2, 1), Cells = 9, CellsWithMask = 4, CleanableCellsCount = 0 }
{ Mask = 74, Description = block (3, 1), Cells = 9, CellsWithMask = 5, CleanableCellsCount = 0 }
{ Mask = 80, Description = row #3, Cells = 9, CellsWithMask = 4, CleanableCellsCount = 0 }
{ Mask = 80, Description = row #8, Cells = 9, CellsWithMask = 3, CleanableCellsCount = 0 }
{ Mask = 80, Description = column #2, Cells = 9, CellsWithMask = 5, CleanableCellsCount = 0 }
{ Mask = 80, Description = column #3, Cells = 9, CellsWithMask = 5, CleanableCellsCount = 0 }
{ Mask = 80, Description = column #5, Cells = 9, CellsWithMask = 6, CleanableCellsCount = 0 }
{ Mask = 80, Description = block (1, 1), Cells = 9, CellsWithMask = 4, CleanableCellsCount = 0 }
{ Mask = 80, Description = block (3, 1), Cells = 9, CellsWithMask = 5, CleanableCellsCount = 0 }
{ Mask = 82, Description = row #8, Cells = 9, CellsWithMask = 3, CleanableCellsCount = 0 }
{ Mask = 82, Description = column #2, Cells = 9, CellsWithMask = 5, CleanableCellsCount = 0 }
{ Mask = 82, Description = column #3, Cells = 9, CellsWithMask = 5, CleanableCellsCount = 0 }
{ Mask = 82, Description = column #5, Cells = 9, CellsWithMask = 6, CleanableCellsCount = 0 }
{ Mask = 82, Description = block (1, 1), Cells = 9, CellsWithMask = 5, CleanableCellsCount = 0 }
{ Mask = 82, Description = block (3, 1), Cells = 9, CellsWithMask = 5, CleanableCellsCount = 0 }
{ Mask = 88, Description = row #3, Cells = 9, CellsWithMask = 5, CleanableCellsCount = 0 }
{ Mask = 88, Description = column #2, Cells = 9, CellsWithMask = 5, CleanableCellsCount = 0 }
{ Mask = 88, Description = column #3, Cells = 9, CellsWithMask = 5, CleanableCellsCount = 0 }
{ Mask = 88, Description = column #5, Cells = 9, CellsWithMask = 6, CleanableCellsCount = 0 }
{ Mask = 88, Description = block (1, 1), Cells = 9, CellsWithMask = 5, CleanableCellsCount = 0 }
{ Mask = 88, Description = block (3, 1), Cells = 9, CellsWithMask = 5, CleanableCellsCount = 0 }
{ Mask = 90, Description = column #2, Cells = 9, CellsWithMask = 5, CleanableCellsCount = 0 }
{ Mask = 90, Description = column #3, Cells = 9, CellsWithMask = 5, CleanableCellsCount = 0 }
{ Mask = 90, Description = column #5, Cells = 9, CellsWithMask = 6, CleanableCellsCount = 0 }
{ Mask = 90, Description = block (1, 1), Cells = 9, CellsWithMask = 5, CleanableCellsCount = 0 }
{ Mask = 90, Description = block (3, 1), Cells = 9, CellsWithMask = 5, CleanableCellsCount = 0 }
{ Mask = 96, Description = row #3, Cells = 9, CellsWithMask = 5, CleanableCellsCount = 0 }
{ Mask = 96, Description = row #4, Cells = 9, CellsWithMask = 4, CleanableCellsCount = 0 }
{ Mask = 96, Description = column #1, Cells = 9, CellsWithMask = 4, CleanableCellsCount = 0 }
{ Mask = 96, Description = column #5, Cells = 9, CellsWithMask = 6, CleanableCellsCount = 0 }
{ Mask = 96, Description = column #6, Cells = 9, CellsWithMask = 5, CleanableCellsCount = 0 }
{ Mask = 96, Description = block (1, 1), Cells = 9, CellsWithMask = 3, CleanableCellsCount = 0 }
{ Mask = 96, Description = block (2, 2), Cells = 9, CellsWithMask = 4, CleanableCellsCount = 0 }
{ Mask = 98, Description = column #1, Cells = 9, CellsWithMask = 4, CleanableCellsCount = 0 }
{ Mask = 98, Description = column #5, Cells = 9, CellsWithMask = 6, CleanableCellsCount = 0 }
{ Mask = 98, Description = column #6, Cells = 9, CellsWithMask = 5, CleanableCellsCount = 0 }
{ Mask = 98, Description = block (1, 1), Cells = 9, CellsWithMask = 5, CleanableCellsCount = 0 }
{ Mask = 104, Description = row #3, Cells = 9, CellsWithMask = 5, CleanableCellsCount = 0 }
{ Mask = 104, Description = row #4, Cells = 9, CellsWithMask = 4, CleanableCellsCount = 0 }
{ Mask = 104, Description = column #1, Cells = 9, CellsWithMask = 4, CleanableCellsCount = 0 }
{ Mask = 104, Description = column #5, Cells = 9, CellsWithMask = 6, CleanableCellsCount = 0 }
{ Mask = 104, Description = column #6, Cells = 9, CellsWithMask = 5, CleanableCellsCount = 0 }
{ Mask = 104, Description = block (1, 1), Cells = 9, CellsWithMask = 4, CleanableCellsCount = 0 }
{ Mask = 104, Description = block (2, 2), Cells = 9, CellsWithMask = 4, CleanableCellsCount = 0 }
{ Mask = 106, Description = column #1, Cells = 9, CellsWithMask = 4, CleanableCellsCount = 0 }
{ Mask = 106, Description = column #5, Cells = 9, CellsWithMask = 6, CleanableCellsCount = 0 }
{ Mask = 106, Description = column #6, Cells = 9, CellsWithMask = 5, CleanableCellsCount = 0 }
{ Mask = 106, Description = block (1, 1), Cells = 9, CellsWithMask = 5, CleanableCellsCount = 0 }
{ Mask = 112, Description = row #3, Cells = 9, CellsWithMask = 5, CleanableCellsCount = 0 }
{ Mask = 112, Description = column #5, Cells = 9, CellsWithMask = 6, CleanableCellsCount = 0 }
{ Mask = 112, Description = block (1, 1), Cells = 9, CellsWithMask = 5, CleanableCellsCount = 0 }
{ Mask = 114, Description = column #5, Cells = 9, CellsWithMask = 6, CleanableCellsCount = 0 }
{ Mask = 114, Description = block (1, 1), Cells = 9, CellsWithMask = 5, CleanableCellsCount = 0 }
{ Mask = 120, Description = row #3, Cells = 9, CellsWithMask = 5, CleanableCellsCount = 0 }
{ Mask = 120, Description = column #5, Cells = 9, CellsWithMask = 6, CleanableCellsCount = 0 }
{ Mask = 120, Description = block (1, 1), Cells = 9, CellsWithMask = 5, CleanableCellsCount = 0 }
{ Mask = 122, Description = column #5, Cells = 9, CellsWithMask = 6, CleanableCellsCount = 0 }
{ Mask = 122, Description = block (1, 1), Cells = 9, CellsWithMask = 5, CleanableCellsCount = 0 }
{ Mask = 130, Description = row #6, Cells = 9, CellsWithMask = 4, CleanableCellsCount = 0 }
{ Mask = 130, Description = column #5, Cells = 9, CellsWithMask = 5, CleanableCellsCount = 0 }
{ Mask = 130, Description = column #6, Cells = 9, CellsWithMask = 4, CleanableCellsCount = 0 }
{ Mask = 130, Description = block (1, 2), Cells = 9, CellsWithMask = 5, CleanableCellsCount = 0 }
{ Mask = 136, Description = row #3, Cells = 9, CellsWithMask = 4, CleanableCellsCount = 0 }
{ Mask = 136, Description = row #6, Cells = 9, CellsWithMask = 4, CleanableCellsCount = 0 }
{ Mask = 136, Description = column #5, Cells = 9, CellsWithMask = 4, CleanableCellsCount = 0 }
{ Mask = 136, Description = column #6, Cells = 9, CellsWithMask = 3, CleanableCellsCount = 0 }
{ Mask = 136, Description = block (1, 2), Cells = 9, CellsWithMask = 3, CleanableCellsCount = 0 }
{ Mask = 136, Description = block (2, 2), Cells = 9, CellsWithMask = 4, CleanableCellsCount = 0 }
{ Mask = 138, Description = row #6, Cells = 9, CellsWithMask = 4, CleanableCellsCount = 0 }
{ Mask = 138, Description = column #5, Cells = 9, CellsWithMask = 6, CleanableCellsCount = 0 }
{ Mask = 138, Description = column #6, Cells = 9, CellsWithMask = 5, CleanableCellsCount = 0 }
{ Mask = 138, Description = block (1, 2), Cells = 9, CellsWithMask = 5, CleanableCellsCount = 0 }
{ Mask = 144, Description = row #3, Cells = 9, CellsWithMask = 4, CleanableCellsCount = 0 }
{ Mask = 144, Description = column #5, Cells = 9, CellsWithMask = 4, CleanableCellsCount = 0 }
{ Mask = 144, Description = block (1, 2), Cells = 9, CellsWithMask = 4, CleanableCellsCount = 0 }
{ Mask = 146, Description = column #5, Cells = 9, CellsWithMask = 5, CleanableCellsCount = 0 }
{ Mask = 146, Description = block (1, 2), Cells = 9, CellsWithMask = 5, CleanableCellsCount = 0 }
{ Mask = 152, Description = row #3, Cells = 9, CellsWithMask = 5, CleanableCellsCount = 0 }
{ Mask = 152, Description = column #5, Cells = 9, CellsWithMask = 5, CleanableCellsCount = 0 }
{ Mask = 152, Description = block (1, 2), Cells = 9, CellsWithMask = 4, CleanableCellsCount = 0 }
{ Mask = 154, Description = column #5, Cells = 9, CellsWithMask = 6, CleanableCellsCount = 0 }
{ Mask = 154, Description = block (1, 2), Cells = 9, CellsWithMask = 5, CleanableCellsCount = 0 }
{ Mask = 160, Description = row #3, Cells = 9, CellsWithMask = 4, CleanableCellsCount = 0 }
{ Mask = 160, Description = column #5, Cells = 9, CellsWithMask = 5, CleanableCellsCount = 0 }
{ Mask = 160, Description = column #6, Cells = 9, CellsWithMask = 4, CleanableCellsCount = 0 }
{ Mask = 160, Description = block (1, 2), Cells = 9, CellsWithMask = 5, CleanableCellsCount = 0 }
{ Mask = 160, Description = block (2, 2), Cells = 9, CellsWithMask = 4, CleanableCellsCount = 0 }
{ Mask = 162, Description = column #5, Cells = 9, CellsWithMask = 6, CleanableCellsCount = 0 }
{ Mask = 162, Description = column #6, Cells = 9, CellsWithMask = 5, CleanableCellsCount = 0 }
{ Mask = 162, Description = block (1, 2), Cells = 9, CellsWithMask = 5, CleanableCellsCount = 0 }
{ Mask = 168, Description = row #3, Cells = 9, CellsWithMask = 5, CleanableCellsCount = 0 }
{ Mask = 168, Description = column #5, Cells = 9, CellsWithMask = 5, CleanableCellsCount = 0 }
{ Mask = 168, Description = column #6, Cells = 9, CellsWithMask = 4, CleanableCellsCount = 0 }
{ Mask = 168, Description = block (1, 2), Cells = 9, CellsWithMask = 5, CleanableCellsCount = 0 }
{ Mask = 168, Description = block (2, 2), Cells = 9, CellsWithMask = 4, CleanableCellsCount = 0 }
{ Mask = 170, Description = column #5, Cells = 9, CellsWithMask = 6, CleanableCellsCount = 0 }
{ Mask = 170, Description = column #6, Cells = 9, CellsWithMask = 5, CleanableCellsCount = 0 }
{ Mask = 170, Description = block (1, 2), Cells = 9, CellsWithMask = 5, CleanableCellsCount = 0 }
{ Mask = 176, Description = row #3, Cells = 9, CellsWithMask = 5, CleanableCellsCount = 0 }
{ Mask = 176, Description = column #5, Cells = 9, CellsWithMask = 5, CleanableCellsCount = 0 }
{ Mask = 176, Description = block (1, 2), Cells = 9, CellsWithMask = 5, CleanableCellsCount = 0 }
{ Mask = 178, Description = column #5, Cells = 9, CellsWithMask = 6, CleanableCellsCount = 0 }
{ Mask = 178, Description = block (1, 2), Cells = 9, CellsWithMask = 5, CleanableCellsCount = 0 }
{ Mask = 184, Description = row #3, Cells = 9, CellsWithMask = 5, CleanableCellsCount = 0 }
{ Mask = 184, Description = column #5, Cells = 9, CellsWithMask = 5, CleanableCellsCount = 0 }
{ Mask = 184, Description = block (1, 2), Cells = 9, CellsWithMask = 5, CleanableCellsCount = 0 }
{ Mask = 186, Description = column #5, Cells = 9, CellsWithMask = 6, CleanableCellsCount = 0 }
{ Mask = 186, Description = block (1, 2), Cells = 9, CellsWithMask = 5, CleanableCellsCount = 0 }
{ Mask = 192, Description = row #3, Cells = 9, CellsWithMask = 4, CleanableCellsCount = 0 }
{ Mask = 192, Description = row #6, Cells = 9, CellsWithMask = 4, CleanableCellsCount = 0 }
{ Mask = 192, Description = column #5, Cells = 9, CellsWithMask = 4, CleanableCellsCount = 0 }
{ Mask = 192, Description = column #6, Cells = 9, CellsWithMask = 4, CleanableCellsCount = 0 }
{ Mask = 192, Description = block (2, 2), Cells = 9, CellsWithMask = 4, CleanableCellsCount = 0 }
{ Mask = 194, Description = row #6, Cells = 9, CellsWithMask = 4, CleanableCellsCount = 0 }
{ Mask = 194, Description = column #5, Cells = 9, CellsWithMask = 6, CleanableCellsCount = 0 }
{ Mask = 194, Description = column #6, Cells = 9, CellsWithMask = 5, CleanableCellsCount = 0 }
{ Mask = 200, Description = row #3, Cells = 9, CellsWithMask = 4, CleanableCellsCount = 0 }
{ Mask = 200, Description = row #6, Cells = 9, CellsWithMask = 4, CleanableCellsCount = 0 }
{ Mask = 200, Description = column #5, Cells = 9, CellsWithMask = 5, CleanableCellsCount = 0 }
{ Mask = 200, Description = column #6, Cells = 9, CellsWithMask = 4, CleanableCellsCount = 0 }
{ Mask = 200, Description = block (2, 2), Cells = 9, CellsWithMask = 4, CleanableCellsCount = 0 }
{ Mask = 202, Description = row #6, Cells = 9, CellsWithMask = 4, CleanableCellsCount = 0 }
{ Mask = 202, Description = column #5, Cells = 9, CellsWithMask = 6, CleanableCellsCount = 0 }
{ Mask = 202, Description = column #6, Cells = 9, CellsWithMask = 5, CleanableCellsCount = 0 }
{ Mask = 208, Description = row #3, Cells = 9, CellsWithMask = 5, CleanableCellsCount = 0 }
{ Mask = 208, Description = column #5, Cells = 9, CellsWithMask = 6, CleanableCellsCount = 0 }
{ Mask = 210, Description = column #5, Cells = 9, CellsWithMask = 6, CleanableCellsCount = 0 }
{ Mask = 216, Description = row #3, Cells = 9, CellsWithMask = 5, CleanableCellsCount = 0 }
{ Mask = 216, Description = column #5, Cells = 9, CellsWithMask = 6, CleanableCellsCount = 0 }
{ Mask = 218, Description = column #5, Cells = 9, CellsWithMask = 6, CleanableCellsCount = 0 }
{ Mask = 224, Description = row #3, Cells = 9, CellsWithMask = 5, CleanableCellsCount = 0 }
{ Mask = 224, Description = column #5, Cells = 9, CellsWithMask = 6, CleanableCellsCount = 0 }
{ Mask = 224, Description = column #6, Cells = 9, CellsWithMask = 5, CleanableCellsCount = 0 }
{ Mask = 224, Description = block (2, 2), Cells = 9, CellsWithMask = 4, CleanableCellsCount = 0 }
{ Mask = 226, Description = column #5, Cells = 9, CellsWithMask = 6, CleanableCellsCount = 0 }
{ Mask = 226, Description = column #6, Cells = 9, CellsWithMask = 5, CleanableCellsCount = 0 }
{ Mask = 232, Description = row #3, Cells = 9, CellsWithMask = 5, CleanableCellsCount = 0 }
{ Mask = 232, Description = column #5, Cells = 9, CellsWithMask = 6, CleanableCellsCount = 0 }
{ Mask = 232, Description = column #6, Cells = 9, CellsWithMask = 5, CleanableCellsCount = 0 }
{ Mask = 232, Description = block (2, 2), Cells = 9, CellsWithMask = 4, CleanableCellsCount = 0 }
{ Mask = 234, Description = column #5, Cells = 9, CellsWithMask = 6, CleanableCellsCount = 0 }
{ Mask = 234, Description = column #6, Cells = 9, CellsWithMask = 5, CleanableCellsCount = 0 }
{ Mask = 240, Description = row #3, Cells = 9, CellsWithMask = 5, CleanableCellsCount = 0 }
{ Mask = 240, Description = column #5, Cells = 9, CellsWithMask = 6, CleanableCellsCount = 0 }
{ Mask = 242, Description = column #5, Cells = 9, CellsWithMask = 6, CleanableCellsCount = 0 }
{ Mask = 248, Description = row #3, Cells = 9, CellsWithMask = 5, CleanableCellsCount = 0 }
{ Mask = 248, Description = column #5, Cells = 9, CellsWithMask = 6, CleanableCellsCount = 0 }
{ Mask = 250, Description = column #5, Cells = 9, CellsWithMask = 6, CleanableCellsCount = 0 }
{ Mask = 258, Description = row #9, Cells = 9, CellsWithMask = 4, CleanableCellsCount = 0 }
{ Mask = 258, Description = column #2, Cells = 9, CellsWithMask = 5, CleanableCellsCount = 0 }
{ Mask = 258, Description = column #3, Cells = 9, CellsWithMask = 4, CleanableCellsCount = 0 }
{ Mask = 258, Description = block (2, 1), Cells = 9, CellsWithMask = 4, CleanableCellsCount = 0 }
{ Mask = 258, Description = block (3, 1), Cells = 9, CellsWithMask = 5, CleanableCellsCount = 0 }
{ Mask = 264, Description = row #4, Cells = 9, CellsWithMask = 4, CleanableCellsCount = 0 }
{ Mask = 264, Description = row #9, Cells = 9, CellsWithMask = 3, CleanableCellsCount = 0 }
{ Mask = 264, Description = column #2, Cells = 9, CellsWithMask = 3, CleanableCellsCount = 0 }
{ Mask = 264, Description = column #3, Cells = 9, CellsWithMask = 4, CleanableCellsCount = 0 }
{ Mask = 264, Description = block (2, 1), Cells = 9, CellsWithMask = 4, CleanableCellsCount = 0 }
{ Mask = 264, Description = block (3, 1), Cells = 9, CellsWithMask = 3, CleanableCellsCount = 0 }
{ Mask = 266, Description = row #9, Cells = 9, CellsWithMask = 4, CleanableCellsCount = 0 }
{ Mask = 266, Description = column #2, Cells = 9, CellsWithMask = 5, CleanableCellsCount = 0 }
{ Mask = 266, Description = column #3, Cells = 9, CellsWithMask = 5, CleanableCellsCount = 0 }
{ Mask = 266, Description = block (2, 1), Cells = 9, CellsWithMask = 4, CleanableCellsCount = 0 }
{ Mask = 266, Description = block (3, 1), Cells = 9, CellsWithMask = 5, CleanableCellsCount = 0 }
{ Mask = 272, Description = column #2, Cells = 9, CellsWithMask = 4, CleanableCellsCount = 0 }
{ Mask = 272, Description = column #3, Cells = 9, CellsWithMask = 5, CleanableCellsCount = 0 }
{ Mask = 272, Description = block (3, 1), Cells = 9, CellsWithMask = 4, CleanableCellsCount = 0 }
{ Mask = 274, Description = column #2, Cells = 9, CellsWithMask = 5, CleanableCellsCount = 0 }
{ Mask = 274, Description = column #3, Cells = 9, CellsWithMask = 5, CleanableCellsCount = 0 }
{ Mask = 274, Description = block (3, 1), Cells = 9, CellsWithMask = 5, CleanableCellsCount = 0 }
{ Mask = 280, Description = column #2, Cells = 9, CellsWithMask = 5, CleanableCellsCount = 0 }
{ Mask = 280, Description = column #3, Cells = 9, CellsWithMask = 5, CleanableCellsCount = 0 }
{ Mask = 280, Description = block (3, 1), Cells = 9, CellsWithMask = 5, CleanableCellsCount = 0 }
{ Mask = 282, Description = column #2, Cells = 9, CellsWithMask = 5, CleanableCellsCount = 0 }
{ Mask = 282, Description = column #3, Cells = 9, CellsWithMask = 5, CleanableCellsCount = 0 }
{ Mask = 282, Description = block (3, 1), Cells = 9, CellsWithMask = 5, CleanableCellsCount = 0 }
{ Mask = 288, Description = row #4, Cells = 9, CellsWithMask = 4, CleanableCellsCount = 0 }
{ Mask = 296, Description = row #4, Cells = 9, CellsWithMask = 4, CleanableCellsCount = 0 }
{ Mask = 320, Description = row #4, Cells = 9, CellsWithMask = 4, CleanableCellsCount = 0 }
{ Mask = 320, Description = row #9, Cells = 9, CellsWithMask = 4, CleanableCellsCount = 0 }
{ Mask = 320, Description = column #2, Cells = 9, CellsWithMask = 4, CleanableCellsCount = 0 }
{ Mask = 320, Description = column #3, Cells = 9, CellsWithMask = 4, CleanableCellsCount = 0 }
{ Mask = 320, Description = block (2, 1), Cells = 9, CellsWithMask = 4, CleanableCellsCount = 0 }
{ Mask = 320, Description = block (3, 1), Cells = 9, CellsWithMask = 5, CleanableCellsCount = 0 }
{ Mask = 322, Description = row #9, Cells = 9, CellsWithMask = 4, CleanableCellsCount = 0 }
{ Mask = 322, Description = column #2, Cells = 9, CellsWithMask = 5, CleanableCellsCount = 0 }
{ Mask = 322, Description = column #3, Cells = 9, CellsWithMask = 5, CleanableCellsCount = 0 }
{ Mask = 322, Description = block (2, 1), Cells = 9, CellsWithMask = 4, CleanableCellsCount = 0 }
{ Mask = 322, Description = block (3, 1), Cells = 9, CellsWithMask = 5, CleanableCellsCount = 0 }
{ Mask = 328, Description = row #4, Cells = 9, CellsWithMask = 4, CleanableCellsCount = 0 }
{ Mask = 328, Description = row #9, Cells = 9, CellsWithMask = 4, CleanableCellsCount = 0 }
{ Mask = 328, Description = column #2, Cells = 9, CellsWithMask = 4, CleanableCellsCount = 0 }
{ Mask = 328, Description = column #3, Cells = 9, CellsWithMask = 5, CleanableCellsCount = 0 }
{ Mask = 328, Description = block (2, 1), Cells = 9, CellsWithMask = 4, CleanableCellsCount = 0 }
{ Mask = 328, Description = block (3, 1), Cells = 9, CellsWithMask = 5, CleanableCellsCount = 0 }
{ Mask = 330, Description = row #9, Cells = 9, CellsWithMask = 4, CleanableCellsCount = 0 }
{ Mask = 330, Description = column #2, Cells = 9, CellsWithMask = 5, CleanableCellsCount = 0 }
{ Mask = 330, Description = column #3, Cells = 9, CellsWithMask = 5, CleanableCellsCount = 0 }
{ Mask = 330, Description = block (2, 1), Cells = 9, CellsWithMask = 4, CleanableCellsCount = 0 }
{ Mask = 330, Description = block (3, 1), Cells = 9, CellsWithMask = 5, CleanableCellsCount = 0 }
{ Mask = 336, Description = column #2, Cells = 9, CellsWithMask = 5, CleanableCellsCount = 0 }
{ Mask = 336, Description = column #3, Cells = 9, CellsWithMask = 5, CleanableCellsCount = 0 }
{ Mask = 336, Description = block (3, 1), Cells = 9, CellsWithMask = 5, CleanableCellsCount = 0 }
{ Mask = 338, Description = column #2, Cells = 9, CellsWithMask = 5, CleanableCellsCount = 0 }
{ Mask = 338, Description = column #3, Cells = 9, CellsWithMask = 5, CleanableCellsCount = 0 }
{ Mask = 338, Description = block (3, 1), Cells = 9, CellsWithMask = 5, CleanableCellsCount = 0 }
{ Mask = 344, Description = column #2, Cells = 9, CellsWithMask = 5, CleanableCellsCount = 0 }
{ Mask = 344, Description = column #3, Cells = 9, CellsWithMask = 5, CleanableCellsCount = 0 }
{ Mask = 344, Description = block (3, 1), Cells = 9, CellsWithMask = 5, CleanableCellsCount = 0 }
{ Mask = 346, Description = column #2, Cells = 9, CellsWithMask = 5, CleanableCellsCount = 0 }
{ Mask = 346, Description = column #3, Cells = 9, CellsWithMask = 5, CleanableCellsCount = 0 }
{ Mask = 346, Description = block (3, 1), Cells = 9, CellsWithMask = 5, CleanableCellsCount = 0 }
{ Mask = 352, Description = row #4, Cells = 9, CellsWithMask = 4, CleanableCellsCount = 0 }
{ Mask = 360, Description = row #4, Cells = 9, CellsWithMask = 4, CleanableCellsCount = 0 }

---------------------

