
Final look of the solved board:
+---+---+---+
|268|943|157|
|475|861|329|
|931|527|684|
+---+---+---+
|683|492|715|
|519|738|246|
|724|156|893|
+---+---+---+
|396|285|471|
|857|314|962|
|142|679|538|
+---+---+---+

